Archive member included to satisfy reference by file (symbol)

d:/7.0/toolchain/arm/arm-gnu-toolchain/bin/../lib/gcc/arm-none-eabi/6.3.1/thumb/v7e-m\libgcc.a(_arm_addsubdf3.o)
                              src/main.o (__aeabi_dsub)
d:/7.0/toolchain/arm/arm-gnu-toolchain/bin/../lib/gcc/arm-none-eabi/6.3.1/thumb/v7e-m\libgcc.a(_arm_muldivdf3.o)
                              src/main.o (__aeabi_dmul)
d:/7.0/toolchain/arm/arm-gnu-toolchain/bin/../lib/gcc/arm-none-eabi/6.3.1/thumb/v7e-m\libgcc.a(_arm_fixdfsi.o)
                              src/main.o (__aeabi_d2iz)
d:/7.0/toolchain/arm/arm-gnu-toolchain/bin/../lib/gcc/arm-none-eabi/6.3.1/../../../../arm-none-eabi/lib/thumb/v7e-m\libc.a(lib_a-exit.o)
                              d:/7.0/toolchain/arm/arm-gnu-toolchain/bin/../lib/gcc/arm-none-eabi/6.3.1/../../../../arm-none-eabi/lib/thumb/v7e-m/crt0.o (exit)
d:/7.0/toolchain/arm/arm-gnu-toolchain/bin/../lib/gcc/arm-none-eabi/6.3.1/../../../../arm-none-eabi/lib/thumb/v7e-m\libc.a(lib_a-impure.o)
                              d:/7.0/toolchain/arm/arm-gnu-toolchain/bin/../lib/gcc/arm-none-eabi/6.3.1/../../../../arm-none-eabi/lib/thumb/v7e-m\libc.a(lib_a-exit.o) (_global_impure_ptr)
d:/7.0/toolchain/arm/arm-gnu-toolchain/bin/../lib/gcc/arm-none-eabi/6.3.1/../../../../arm-none-eabi/lib/thumb/v7e-m\libc.a(lib_a-init.o)
                              d:/7.0/toolchain/arm/arm-gnu-toolchain/bin/../lib/gcc/arm-none-eabi/6.3.1/../../../../arm-none-eabi/lib/thumb/v7e-m/crt0.o (__libc_init_array)
d:/7.0/toolchain/arm/arm-gnu-toolchain/bin/../lib/gcc/arm-none-eabi/6.3.1/../../../../arm-none-eabi/lib/thumb/v7e-m\libc.a(lib_a-memset.o)
                              d:/7.0/toolchain/arm/arm-gnu-toolchain/bin/../lib/gcc/arm-none-eabi/6.3.1/../../../../arm-none-eabi/lib/thumb/v7e-m/crt0.o (memset)
d:/7.0/toolchain/arm/arm-gnu-toolchain/bin/../lib/gcc/arm-none-eabi/6.3.1/../../../../arm-none-eabi/lib/thumb/v7e-m\libc.a(lib_a-sprintf.o)
                              src/main.o (sprintf)
d:/7.0/toolchain/arm/arm-gnu-toolchain/bin/../lib/gcc/arm-none-eabi/6.3.1/../../../../arm-none-eabi/lib/thumb/v7e-m\libc.a(lib_a-svfprintf.o)
                              d:/7.0/toolchain/arm/arm-gnu-toolchain/bin/../lib/gcc/arm-none-eabi/6.3.1/../../../../arm-none-eabi/lib/thumb/v7e-m\libc.a(lib_a-sprintf.o) (_svfprintf_r)
d:/7.0/toolchain/arm/arm-gnu-toolchain/bin/../lib/gcc/arm-none-eabi/6.3.1/../../../../arm-none-eabi/lib/thumb/v7e-m\libc.a(lib_a-__call_atexit.o)
                              d:/7.0/toolchain/arm/arm-gnu-toolchain/bin/../lib/gcc/arm-none-eabi/6.3.1/../../../../arm-none-eabi/lib/thumb/v7e-m\libc.a(lib_a-exit.o) (__call_exitprocs)
d:/7.0/toolchain/arm/arm-gnu-toolchain/bin/../lib/gcc/arm-none-eabi/6.3.1/../../../../arm-none-eabi/lib/thumb/v7e-m\libc.a(lib_a-atexit.o)
                              d:/7.0/toolchain/arm/arm-gnu-toolchain/bin/../lib/gcc/arm-none-eabi/6.3.1/../../../../arm-none-eabi/lib/thumb/v7e-m\libc.a(lib_a-__call_atexit.o) (atexit)
d:/7.0/toolchain/arm/arm-gnu-toolchain/bin/../lib/gcc/arm-none-eabi/6.3.1/../../../../arm-none-eabi/lib/thumb/v7e-m\libc.a(lib_a-dtoa.o)
                              d:/7.0/toolchain/arm/arm-gnu-toolchain/bin/../lib/gcc/arm-none-eabi/6.3.1/../../../../arm-none-eabi/lib/thumb/v7e-m\libc.a(lib_a-svfprintf.o) (_dtoa_r)
d:/7.0/toolchain/arm/arm-gnu-toolchain/bin/../lib/gcc/arm-none-eabi/6.3.1/../../../../arm-none-eabi/lib/thumb/v7e-m\libc.a(lib_a-fini.o)
                              d:/7.0/toolchain/arm/arm-gnu-toolchain/bin/../lib/gcc/arm-none-eabi/6.3.1/../../../../arm-none-eabi/lib/thumb/v7e-m\libc.a(lib_a-__call_atexit.o) (__libc_fini_array)
d:/7.0/toolchain/arm/arm-gnu-toolchain/bin/../lib/gcc/arm-none-eabi/6.3.1/../../../../arm-none-eabi/lib/thumb/v7e-m\libc.a(lib_a-localeconv.o)
                              d:/7.0/toolchain/arm/arm-gnu-toolchain/bin/../lib/gcc/arm-none-eabi/6.3.1/../../../../arm-none-eabi/lib/thumb/v7e-m\libc.a(lib_a-svfprintf.o) (_localeconv_r)
d:/7.0/toolchain/arm/arm-gnu-toolchain/bin/../lib/gcc/arm-none-eabi/6.3.1/../../../../arm-none-eabi/lib/thumb/v7e-m\libc.a(lib_a-lock.o)
                              d:/7.0/toolchain/arm/arm-gnu-toolchain/bin/../lib/gcc/arm-none-eabi/6.3.1/../../../../arm-none-eabi/lib/thumb/v7e-m\libc.a(lib_a-__call_atexit.o) (__retarget_lock_acquire_recursive)
d:/7.0/toolchain/arm/arm-gnu-toolchain/bin/../lib/gcc/arm-none-eabi/6.3.1/../../../../arm-none-eabi/lib/thumb/v7e-m\libc.a(lib_a-mallocr.o)
                              d:/7.0/toolchain/arm/arm-gnu-toolchain/bin/../lib/gcc/arm-none-eabi/6.3.1/../../../../arm-none-eabi/lib/thumb/v7e-m\libc.a(lib_a-svfprintf.o) (_malloc_r)
d:/7.0/toolchain/arm/arm-gnu-toolchain/bin/../lib/gcc/arm-none-eabi/6.3.1/../../../../arm-none-eabi/lib/thumb/v7e-m\libc.a(lib_a-memchr.o)
                              d:/7.0/toolchain/arm/arm-gnu-toolchain/bin/../lib/gcc/arm-none-eabi/6.3.1/../../../../arm-none-eabi/lib/thumb/v7e-m\libc.a(lib_a-svfprintf.o) (memchr)
[...]
Memory Configuration

Name             Origin             Length             Attributes
rom              0x00400000         0x00200000         xr
ram              0x20400000         0x00060000         xrw
*default*        0x00000000         0xffffffff

Linker script and memory map

LOAD d:/7.0/toolchain/arm/arm-gnu-toolchain/bin/../lib/gcc/arm-none-eabi/6.3.1/thumb/v7e-m/crti.o
LOAD d:/7.0/toolchain/arm/arm-gnu-toolchain/bin/../lib/gcc/arm-none-eabi/6.3.1/thumb/v7e-m/crtbegin.o
LOAD d:/7.0/toolchain/arm/arm-gnu-toolchain/bin/../lib/gcc/arm-none-eabi/6.3.1/../../../../arm-none-eabi/lib/thumb/v7e-m/crt0.o
LOAD src/ASF/sam/drivers/acc/acc.o
LOAD src/ASF/sam/drivers/rtc/rtc.o
LOAD src/ASF/sam/drivers/rtt/rtt.o
LOAD src/ASF/sam/drivers/tc/tc.o
LOAD src/main.o
LOAD src/ASF/common/services/delay/sam/cycle_counter.o
LOAD src/ASF/common/services/spi/sam_spi/spi_master.o
LOAD src/ASF/sam/components/display/ili9488/ili9488.o
LOAD src/ASF/sam/drivers/spi/spi.o
LOAD src/ASF/common/services/clock/same70/sysclk.o
LOAD src/ASF/common/utils/interrupt/interrupt_sam_nvic.o
LOAD src/ASF/sam/boards/same70_xplained/init.o
LOAD src/ASF/sam/drivers/mpu/mpu.o
LOAD src/ASF/sam/drivers/pio/pio.o
LOAD src/ASF/sam/drivers/pio/pio_handler.o
LOAD src/ASF/sam/drivers/pmc/pmc.o
LOAD src/ASF/sam/drivers/pmc/sleep.o
LOAD src/ASF/sam/utils/cmsis/same70/source/templates/gcc/startup_same70.o
LOAD src/ASF/sam/utils/cmsis/same70/source/templates/system_same70.o
LOAD src/ASF/sam/utils/syscalls/gcc/syscalls.o
START GROUP
LOAD ../src/ASF/thirdparty/CMSIS/Lib/GCC\libarm_cortexM7lfsp_math_softfp.a
LOAD d:/7.0/toolchain/arm/arm-gnu-toolchain/bin/../lib/gcc/arm-none-eabi/6.3.1/../../../../arm-none-eabi/lib/thumb/v7e-m\libm.a
END GROUP
START GROUP
LOAD d:/7.0/toolchain/arm/arm-gnu-toolchain/bin/../lib/gcc/arm-none-eabi/6.3.1/thumb/v7e-m\libgcc.a
LOAD d:/7.0/toolchain/arm/arm-gnu-toolchain/bin/../lib/gcc/arm-none-eabi/6.3.1/../../../../arm-none-eabi/lib/thumb/v7e-m\libc.a
END GROUP
LOAD d:/7.0/toolchain/arm/arm-gnu-toolchain/bin/../lib/gcc/arm-none-eabi/6.3.1/thumb/v7e-m/crtend.o
LOAD d:/7.0/toolchain/arm/arm-gnu-toolchain/bin/../lib/gcc/arm-none-eabi/6.3.1/thumb/v7e-m/crtn.o
                0x00002000                STACK_SIZE = DEFINED (STACK_SIZE)?STACK_SIZE:0x2000
                0x2045fffc                __ram_end__ = ((ORIGIN (ram) + LENGTH (ram)) - 0x4)
                0x00000200                HEAP_SIZE = DEFINED (HEAP_SIZE)?HEAP_SIZE:0x200

.text           0x00400000    0x3499c
                0x00400000                . = ALIGN (0x4)
                0x00400000                _sfixed = .
 *(.vectors .vectors.*)
 .vectors       0x00400000      0x168 src/ASF/sam/utils/cmsis/same70/source/templates/gcc/startup_same70.o
                0x00400000                exception_table
 *(.text .text.* .gnu.linkonce.t.*)
 .text          0x00400168       0x6c d:/7.0/toolchain/arm/arm-gnu-toolchain/bin/../lib/gcc/arm-none-eabi/6.3.1/thumb/v7e-m/crtbegin.o
 .text.rtt_init
                0x004001d4       0x30 src/ASF/sam/drivers/rtt/rtt.o
                0x004001d4                rtt_init
 .text.rtt_sel_source
                0x00400204       0x58 src/ASF/sam/drivers/rtt/rtt.o
                0x00400204                rtt_sel_source
 .text.rtt_enable_interrupt
                0x0040025c       0x38 src/ASF/sam/drivers/rtt/rtt.o
                0x0040025c                rtt_enable_interrupt
 .text.rtt_disable_interrupt
                0x00400294       0x40 src/ASF/sam/drivers/rtt/rtt.o
                0x00400294                rtt_disable_interrupt
 .text.rtt_read_timer_value
                0x004002d4       0x2e src/ASF/sam/drivers/rtt/rtt.o
                0x004002d4                rtt_read_timer_value
 .text.rtt_get_status
                0x00400302       0x18 src/ASF/sam/drivers/rtt/rtt.o
                0x00400302                rtt_get_status
 *fill*         0x0040031a        0x2 
 .text.rtt_write_alarm_time
                0x0040031c       0x5c src/ASF/sam/drivers/rtt/rtt.o
                0x0040031c                rtt_write_alarm_time
 .text.NVIC_EnableIRQ
                0x00400378       0x34 src/main.o
 .text.NVIC_DisableIRQ
                0x004003ac       0x34 src/main.o
 .text.NVIC_ClearPendingIRQ
                0x004003e0       0x34 src/main.o
 .text.NVIC_SetPriority
                0x00400414       0x54 src/main.o
 .text.RTT_Handler
                0x00400468       0x34 src/main.o
                0x00400468                RTT_Handler
 .text.RTT_init
                0x0040049c       0x98 src/main.o
 .text.butr_callback
                0x00400534       0x28 src/main.o
                0x00400534                butr_callback
 .text.io_init  0x0040055c       0x78 src/main.o
                0x0040055c                io_init
 .text.configure_lcd
                0x004005d4       0x4c src/main.o
                0x004005d4                configure_lcd
 .text.font_draw_text
                0x00400620       0x88 src/main.o
                0x00400620                font_draw_text
 .text.main     0x004006a8      0x1fc src/main.o
                0x004006a8                main
 .text.osc_get_rate
                0x004008a4       0x74 src/ASF/common/services/spi/sam_spi/spi_master.o
 .text.sysclk_get_main_hz
                0x00400918       0x20 src/ASF/common/services/spi/sam_spi/spi_master.o
 .text.sysclk_get_peripheral_hz
                0x00400938       0x14 src/ASF/common/services/spi/sam_spi/spi_master.o
 .text.spi_reset
                0x0040094c       0x1a src/ASF/common/services/spi/sam_spi/spi_master.o
 .text.spi_set_master_mode
                0x00400966       0x20 src/ASF/common/services/spi/sam_spi/spi_master.o
 .text.spi_set_fixed_peripheral_select
                0x00400986       0x20 src/ASF/common/services/spi/sam_spi/spi_master.o
 .text.spi_disable_peripheral_select_decode
                0x004009a6       0x20 src/ASF/common/services/spi/sam_spi/spi_master.o
 .text.spi_get_peripheral_select_decode_setting
                0x004009c6       0x26 src/ASF/common/services/spi/sam_spi/spi_master.o
 .text.spi_disable_mode_fault_detect
                0x004009ec       0x20 src/ASF/common/services/spi/sam_spi/spi_master.o
 .text.spi_disable_loopback
                0x00400a0c       0x20 src/ASF/common/services/spi/sam_spi/spi_master.o
 .text.spi_put  0x00400a2c       0x1e src/ASF/common/services/spi/sam_spi/spi_master.o
 .text.spi_get  0x00400a4a       0x1a src/ASF/common/services/spi/sam_spi/spi_master.o
 .text.spi_is_tx_ready
                0x00400a64       0x26 src/ASF/common/services/spi/sam_spi/spi_master.o
 .text.spi_is_rx_ready
                0x00400a8a       0x2c src/ASF/common/services/spi/sam_spi/spi_master.o
 *fill*         0x00400ab6        0x2 
 .text.spi_write_single
                0x00400ab8       0x24 src/ASF/common/services/spi/sam_spi/spi_master.o
 .text.spi_read_single
                0x00400adc       0x24 src/ASF/common/services/spi/sam_spi/spi_master.o
 .text.spi_master_init
                0x00400b00       0x70 src/ASF/common/services/spi/sam_spi/spi_master.o
                0x00400b00                spi_master_init
 .text.spi_master_setup_device
                0x00400b70       0xb4 src/ASF/common/services/spi/sam_spi/spi_master.o
                0x00400b70                spi_master_setup_device
 .text.spi_select_device
                0x00400c24       0x58 src/ASF/common/services/spi/sam_spi/spi_master.o
                0x00400c24                spi_select_device
 .text.spi_write_packet
                0x00400c7c       0x74 src/ASF/common/services/spi/sam_spi/spi_master.o
                0x00400c7c                spi_write_packet
 .text.spi_read_packet
                0x00400cf0       0xac src/ASF/common/services/spi/sam_spi/spi_master.o
                0x00400cf0                spi_read_packet
 .text.spi_enable
                0x00400d9c       0x1a src/ASF/sam/components/display/ili9488/ili9488.o
 .text.spi_enable_interrupt
                0x00400db6       0x1c src/ASF/sam/components/display/ili9488/ili9488.o
 *fill*         0x00400dd2        0x2 
 .text.ili9488_write_ram_prepare
                0x00400dd4       0x40 src/ASF/sam/components/display/ili9488/ili9488.o
 .text.ili9488_write_ram_buffer
                0x00400e14       0x40 src/ASF/sam/components/display/ili9488/ili9488.o
 .text.ili9488_write_register
                0x00400e54       0x78 src/ASF/sam/components/display/ili9488/ili9488.o
 .text.ili9488_read_chipid
                0x00400ecc       0xcc src/ASF/sam/components/display/ili9488/ili9488.o
 .text.ili9488_delay
                0x00400f98       0x40 src/ASF/sam/components/display/ili9488/ili9488.o
                0x00400f98                ili9488_delay
 .text.ili9488_check_box_coordinates
                0x00400fd8       0xa2 src/ASF/sam/components/display/ili9488/ili9488.o
 *fill*         0x0040107a        0x2 
 .text.ili9488_set_display_direction
                0x0040107c       0x34 src/ASF/sam/components/display/ili9488/ili9488.o
                0x0040107c                ili9488_set_display_direction
 .text.ili9488_set_window
                0x004010b0       0xc8 src/ASF/sam/components/display/ili9488/ili9488.o
                0x004010b0                ili9488_set_window
 .text.ili9488_init
                0x00401178      0x15c src/ASF/sam/components/display/ili9488/ili9488.o
                0x00401178                ili9488_init
 .text.ili9488_display_on
                0x004012d4       0x18 src/ASF/sam/components/display/ili9488/ili9488.o
                0x004012d4                ili9488_display_on
 .text.ili9488_set_foreground_color
                0x004012ec       0x54 src/ASF/sam/components/display/ili9488/ili9488.o
                0x004012ec                ili9488_set_foreground_color
 .text.ili9488_set_cursor_position
                0x00401340       0x84 src/ASF/sam/components/display/ili9488/ili9488.o
                0x00401340                ili9488_set_cursor_position
 .text.ili9488_draw_filled_rectangle
                0x004013c4       0xdc src/ASF/sam/components/display/ili9488/ili9488.o
                0x004013c4                ili9488_draw_filled_rectangle
 .text.ili9488_draw_pixmap
                0x004014a0       0xb4 src/ASF/sam/components/display/ili9488/ili9488.o
                0x004014a0                ili9488_draw_pixmap
 .text.spi_get_peripheral_select_mode
                0x00401554       0x26 src/ASF/sam/drivers/spi/spi.o
 *fill*         0x0040157a        0x2 
 .text.sysclk_enable_peripheral_clock
                0x0040157c       0x1c src/ASF/sam/drivers/spi/spi.o
 .text.spi_enable_clock
                0x00401598       0x3c src/ASF/sam/drivers/spi/spi.o
                0x00401598                spi_enable_clock
 .text.spi_set_peripheral_chip_select_value
                0x004015d4       0x34 src/ASF/sam/drivers/spi/spi.o
                0x004015d4                spi_set_peripheral_chip_select_value
 .text.spi_set_delay_between_chip_select
                0x00401608       0x30 src/ASF/sam/drivers/spi/spi.o
                0x00401608                spi_set_delay_between_chip_select
 .text.spi_write
                0x00401638       0x80 src/ASF/sam/drivers/spi/spi.o
                0x00401638                spi_write
 .text.spi_set_clock_polarity
                0x004016b8       0x50 src/ASF/sam/drivers/spi/spi.o
                0x004016b8                spi_set_clock_polarity
 .text.spi_set_clock_phase
                0x00401708       0x50 src/ASF/sam/drivers/spi/spi.o
                0x00401708                spi_set_clock_phase
 .text.spi_configure_cs_behavior
                0x00401758       0xa6 src/ASF/sam/drivers/spi/spi.o
                0x00401758                spi_configure_cs_behavior
 .text.spi_set_bits_per_transfer
                0x004017fe       0x4a src/ASF/sam/drivers/spi/spi.o
                0x004017fe                spi_set_bits_per_transfer
 .text.spi_calc_baudrate_div
                0x00401848       0x3c src/ASF/sam/drivers/spi/spi.o
                0x00401848                spi_calc_baudrate_div
 .text.spi_set_baudrate_div
                0x00401884       0x5e src/ASF/sam/drivers/spi/spi.o
                0x00401884                spi_set_baudrate_div
 .text.spi_set_transfer_delay
                0x004018e2       0x5e src/ASF/sam/drivers/spi/spi.o
                0x004018e2                spi_set_transfer_delay
 .text.osc_enable
                0x00401940       0x88 src/ASF/common/services/clock/same70/sysclk.o
 .text.osc_is_ready
                0x004019c8       0x70 src/ASF/common/services/clock/same70/sysclk.o
 .text.osc_get_rate
                0x00401a38       0x74 src/ASF/common/services/clock/same70/sysclk.o
 .text.osc_wait_ready
                0x00401aac       0x2c src/ASF/common/services/clock/same70/sysclk.o
 .text.pll_config_init
                0x00401ad8       0x6c src/ASF/common/services/clock/same70/sysclk.o
 .text.pll_enable
                0x00401b44       0x40 src/ASF/common/services/clock/same70/sysclk.o
 .text.pll_is_locked
                0x00401b84       0x2c src/ASF/common/services/clock/same70/sysclk.o
 .text.pll_enable_source
                0x00401bb0       0x38 src/ASF/common/services/clock/same70/sysclk.o
 .text.pll_wait_for_lock
                0x00401be8       0x24 src/ASF/common/services/clock/same70/sysclk.o
 .text.sysclk_get_main_hz
                0x00401c0c       0x20 src/ASF/common/services/clock/same70/sysclk.o
 .text.sysclk_get_cpu_hz
                0x00401c2c       0x14 src/ASF/common/services/clock/same70/sysclk.o
 .text.sysclk_init
                0x00401c40       0x7c src/ASF/common/services/clock/same70/sysclk.o
                0x00401c40                sysclk_init
 .text.sysclk_enable_peripheral_clock
                0x00401cbc       0x1c src/ASF/sam/boards/same70_xplained/init.o
 .text.ioport_init
                0x00401cd8       0x2c src/ASF/sam/boards/same70_xplained/init.o
 .text.ioport_disable_pin
                0x00401d04       0x4c src/ASF/sam/boards/same70_xplained/init.o
 .text.ioport_set_pin_mode
                0x00401d50      0x11c src/ASF/sam/boards/same70_xplained/init.o
 .text.ioport_set_pin_dir
                0x00401e6c       0x88 src/ASF/sam/boards/same70_xplained/init.o
 .text.ioport_set_pin_level
                0x00401ef4       0x6c src/ASF/sam/boards/same70_xplained/init.o
 .text.ioport_set_pin_sense_mode
                0x00401f60       0xd0 src/ASF/sam/boards/same70_xplained/init.o
 .text.tcm_disable
                0x00402030       0x44 src/ASF/sam/boards/same70_xplained/init.o
 .text.board_init
                0x00402074      0x1ac src/ASF/sam/boards/same70_xplained/init.o
                0x00402074                board_init
 .text.pio_pull_up
                0x00402220       0x2c src/ASF/sam/drivers/pio/pio.o
                0x00402220                pio_pull_up
 .text.pio_set_debounce_filter
                0x0040224c       0x38 src/ASF/sam/drivers/pio/pio.o
                0x0040224c                pio_set_debounce_filter
 .text.pio_set  0x00402284       0x1c src/ASF/sam/drivers/pio/pio.o
                0x00402284                pio_set
 .text.pio_set_peripheral
                0x004022a0      0x110 src/ASF/sam/drivers/pio/pio.o
                0x004022a0                pio_set_peripheral
 .text.pio_set_input
                0x004023b0       0x80 src/ASF/sam/drivers/pio/pio.o
                0x004023b0                pio_set_input
 .text.pio_set_output
                0x00402430       0x64 src/ASF/sam/drivers/pio/pio.o
                0x00402430                pio_set_output
 .text.pio_configure
                0x00402494       0xcc src/ASF/sam/drivers/pio/pio.o
                0x00402494                pio_configure
 .text.pio_configure_interrupt
                0x00402560       0x6c src/ASF/sam/drivers/pio/pio.o
                0x00402560                pio_configure_interrupt
 .text.pio_enable_interrupt
                0x004025cc       0x1c src/ASF/sam/drivers/pio/pio.o
                0x004025cc                pio_enable_interrupt
 .text.pio_disable_interrupt
                0x004025e8       0x1c src/ASF/sam/drivers/pio/pio.o
                0x004025e8                pio_disable_interrupt
 .text.pio_get_interrupt_status
                0x00402604       0x18 src/ASF/sam/drivers/pio/pio.o
                0x00402604                pio_get_interrupt_status
 .text.pio_get_interrupt_mask
                0x0040261c       0x18 src/ASF/sam/drivers/pio/pio.o
                0x0040261c                pio_get_interrupt_mask
 .text.pio_set_pin_high
                0x00402634       0x30 src/ASF/sam/drivers/pio/pio.o
                0x00402634                pio_set_pin_high
 .text.pio_set_pin_low
                0x00402664       0x30 src/ASF/sam/drivers/pio/pio.o
                0x00402664                pio_set_pin_low
 .text.pio_configure_pin
                0x00402694      0x1b0 src/ASF/sam/drivers/pio/pio.o
                0x00402694                pio_configure_pin
 .text.pio_get_pin_group
                0x00402844       0x28 src/ASF/sam/drivers/pio/pio.o
                0x00402844                pio_get_pin_group
 .text.pio_handler_process
                0x0040286c       0xb4 src/ASF/sam/drivers/pio/pio_handler.o
                0x0040286c                pio_handler_process
 .text.pio_handler_set
                0x00402920       0xa0 src/ASF/sam/drivers/pio/pio_handler.o
                0x00402920                pio_handler_set
 .text.PIOA_Handler
                0x004029c0       0x18 src/ASF/sam/drivers/pio/pio_handler.o
                0x004029c0                PIOA_Handler
 .text.PIOB_Handler
                0x004029d8       0x18 src/ASF/sam/drivers/pio/pio_handler.o
                0x004029d8                PIOB_Handler
 .text.PIOC_Handler
                0x004029f0       0x18 src/ASF/sam/drivers/pio/pio_handler.o
                0x004029f0                PIOC_Handler
 .text.PIOD_Handler
                0x00402a08       0x18 src/ASF/sam/drivers/pio/pio_handler.o
                0x00402a08                PIOD_Handler
 .text.PIOE_Handler
                0x00402a20       0x18 src/ASF/sam/drivers/pio/pio_handler.o
                0x00402a20                PIOE_Handler
 .text.pmc_mck_set_division
                0x00402a38       0x7c src/ASF/sam/drivers/pmc/pmc.o
                0x00402a38                pmc_mck_set_division
 .text.pmc_switch_mck_to_pllack
                0x00402ab4       0x84 src/ASF/sam/drivers/pmc/pmc.o
                0x00402ab4                pmc_switch_mck_to_pllack
 .text.pmc_switch_sclk_to_32kxtal
                0x00402b38       0x38 src/ASF/sam/drivers/pmc/pmc.o
                0x00402b38                pmc_switch_sclk_to_32kxtal
 .text.pmc_osc_is_ready_32kxtal
                0x00402b70       0x34 src/ASF/sam/drivers/pmc/pmc.o
                0x00402b70                pmc_osc_is_ready_32kxtal
 .text.pmc_switch_mainck_to_fastrc
                0x00402ba4       0x70 src/ASF/sam/drivers/pmc/pmc.o
                0x00402ba4                pmc_switch_mainck_to_fastrc
 .text.pmc_switch_mainck_to_xtal
                0x00402c14       0x78 src/ASF/sam/drivers/pmc/pmc.o
                0x00402c14                pmc_switch_mainck_to_xtal
 .text.pmc_osc_is_ready_mainck
                0x00402c8c       0x1c src/ASF/sam/drivers/pmc/pmc.o
                0x00402c8c                pmc_osc_is_ready_mainck
 .text.pmc_disable_pllack
                0x00402ca8       0x1c src/ASF/sam/drivers/pmc/pmc.o
                0x00402ca8                pmc_disable_pllack
 .text.pmc_is_locked_pllack
                0x00402cc4       0x1c src/ASF/sam/drivers/pmc/pmc.o
                0x00402cc4                pmc_is_locked_pllack
 .text.pmc_is_locked_upll
                0x00402ce0       0x1c src/ASF/sam/drivers/pmc/pmc.o
                0x00402ce0                pmc_is_locked_upll
 .text.pmc_enable_periph_clk
                0x00402cfc       0x3c src/ASF/sam/drivers/pmc/pmc.o
                0x00402cfc                pmc_enable_periph_clk
 .text.pmc_set_flash_in_wait_mode
                0x00402d38       0x20 src/ASF/sam/drivers/pmc/pmc.o
                0x00402d38                pmc_set_flash_in_wait_mode
 .text.pmc_enable_waitmode
                0x00402d58       0x90 src/ASF/sam/drivers/pmc/pmc.o
                0x00402d58                pmc_enable_waitmode
 .text.pmc_sleep
                0x00402de8      0x398 src/ASF/sam/drivers/pmc/sleep.o
                0x00402de8                pmc_sleep
 .text.cpu_irq_save
                0x00403180       0x38 src/ASF/sam/utils/cmsis/same70/source/templates/gcc/startup_same70.o
 .text.cpu_irq_is_enabled_flags
                0x004031b8       0x20 src/ASF/sam/utils/cmsis/same70/source/templates/gcc/startup_same70.o
 .text.cpu_irq_restore
                0x004031d8       0x30 src/ASF/sam/utils/cmsis/same70/source/templates/gcc/startup_same70.o
 .text.Reset_Handler
                0x00403208       0xb0 src/ASF/sam/utils/cmsis/same70/source/templates/gcc/startup_same70.o
                0x00403208                Reset_Handler
 .text.Dummy_Handler
                0x004032b8        0x6 src/ASF/sam/utils/cmsis/same70/source/templates/gcc/startup_same70.o
                0x004032b8                DACC_Handler
                0x004032b8                DebugMon_Handler
                0x004032b8                UART3_Handler
                0x004032b8                UART2_Handler
                0x004032b8                TRNG_Handler
                0x004032b8                HardFault_Handler
                0x004032b8                TC2_Handler
                0x004032b8                SysTick_Handler
                0x004032b8                AFEC1_Handler
                0x004032b8                PendSV_Handler
                0x004032b8                NMI_Handler
                0x004032b8                TC7_Handler
                0x004032b8                QSPI_Handler
                0x004032b8                ISI_Handler
                0x004032b8                MCAN0_INT0_Handler
                0x004032b8                TC9_Handler
                0x004032b8                RSWDT_Handler
                0x004032b8                USART0_Handler
                0x004032b8                USBHS_Handler
                0x004032b8                IXC_Handler
                0x004032b8                CCF_Handler
                0x004032b8                RTC_Handler
                0x004032b8                UsageFault_Handler
                0x004032b8                TC6_Handler
                0x004032b8                WDT_Handler
                0x004032b8                MCAN1_INT1_Handler
                0x004032b8                TC4_Handler
                0x004032b8                TC1_Handler
                0x004032b8                HSMCI_Handler
                0x004032b8                UART1_Handler
                0x004032b8                TC3_Handler
                0x004032b8                Dummy_Handler
                0x004032b8                TWIHS1_Handler
                0x004032b8                XDMAC_Handler
                0x004032b8                UART4_Handler
                0x004032b8                PWM1_Handler
                0x004032b8                USART1_Handler
                0x004032b8                PWM0_Handler
                0x004032b8                AFEC0_Handler
                0x004032b8                CCW_Handler
                0x004032b8                TC11_Handler
                0x004032b8                SSC_Handler
                0x004032b8                ACC_Handler
                0x004032b8                PMC_Handler
                0x004032b8                GMAC_Handler
                0x004032b8                MCAN0_INT1_Handler
                0x004032b8                GMAC_Q5_Handler
                0x004032b8                MemManage_Handler
                0x004032b8                SUPC_Handler
                0x004032b8                SVC_Handler
                0x004032b8                TC8_Handler
                0x004032b8                MCAN1_INT0_Handler
                0x004032b8                EFC_Handler
                0x004032b8                GMAC_Q1_Handler
                0x004032b8                USART2_Handler
                0x004032b8                SDRAMC_Handler
                0x004032b8                GMAC_Q2_Handler
                0x004032b8                SPI1_Handler
                0x004032b8                TC10_Handler
                0x004032b8                GMAC_Q3_Handler
                0x004032b8                TWIHS2_Handler
                0x004032b8                I2SC0_Handler
                0x004032b8                UART0_Handler
                0x004032b8                I2SC1_Handler
                0x004032b8                GMAC_Q4_Handler
                0x004032b8                FPU_Handler
                0x004032b8                BusFault_Handler
                0x004032b8                RSTC_Handler
                0x004032b8                TC0_Handler
                0x004032b8                TC5_Handler
                0x004032b8                AES_Handler
                0x004032b8                ICM_Handler
                0x004032b8                TWIHS0_Handler
                0x004032b8                SPI0_Handler
 *fill*         0x004032be        0x2 
 .text.SystemCoreClockUpdate
                0x004032c0      0x168 src/ASF/sam/utils/cmsis/same70/source/templates/system_same70.o
                0x004032c0                SystemCoreClockUpdate
 .text.system_init_flash
                0x00403428       0xb0 src/ASF/sam/utils/cmsis/same70/source/templates/system_same70.o
                0x00403428                system_init_flash
 .text._sbrk    0x004034d8       0x58 src/ASF/sam/utils/syscalls/gcc/syscalls.o
                0x004034d8                _sbrk
 .text          0x00403530      0x370 d:/7.0/toolchain/arm/arm-gnu-toolchain/bin/../lib/gcc/arm-none-eabi/6.3.1/thumb/v7e-m\libgcc.a(_arm_addsubdf3.o)
                0x00403530                __aeabi_drsub
                0x00403538                __aeabi_dsub
                0x00403538                __subdf3
                0x0040353c                __aeabi_dadd
                0x0040353c                __adddf3
                0x004037b4                __floatunsidf
                0x004037b4                __aeabi_ui2d
                0x004037d4                __floatsidf
                0x004037d4                __aeabi_i2d
                0x004037f8                __aeabi_f2d
                0x004037f8                __extendsfdf2
                0x00403834                __floatundidf
                0x00403834                __aeabi_ul2d
                0x00403844                __floatdidf
                0x00403844                __aeabi_l2d
 .text          0x004038a0      0x424 d:/7.0/toolchain/arm/arm-gnu-toolchain/bin/../lib/gcc/arm-none-eabi/6.3.1/thumb/v7e-m\libgcc.a(_arm_muldivdf3.o)
                0x004038a0                __aeabi_dmul
                0x004038a0                __muldf3
                0x00403af4                __divdf3
                0x00403af4                __aeabi_ddiv
 .text          0x00403cc4       0x50 d:/7.0/toolchain/arm/arm-gnu-toolchain/bin/../lib/gcc/arm-none-eabi/6.3.1/thumb/v7e-m\libgcc.a(_arm_fixdfsi.o)
                0x00403cc4                __aeabi_d2iz
                0x00403cc4                __fixdfsi
 .text.__libc_init_array
                0x00403d14       0x50 d:/7.0/toolchain/arm/arm-gnu-toolchain/bin/../lib/gcc/arm-none-eabi/6.3.1/../../../../arm-none-eabi/lib/thumb/v7e-m\libc.a(lib_a-init.o)
                0x00403d14                __libc_init_array
 .text.memset   0x00403d64       0x9c d:/7.0/toolchain/arm/arm-gnu-toolchain/bin/../lib/gcc/arm-none-eabi/6.3.1/../../../../arm-none-eabi/lib/thumb/v7e-m\libc.a(lib_a-memset.o)
                0x00403d64                memset
 .text.sprintf  0x00403e00       0x4c d:/7.0/toolchain/arm/arm-gnu-toolchain/bin/../lib/gcc/arm-none-eabi/6.3.1/../../../../arm-none-eabi/lib/thumb/v7e-m\libc.a(lib_a-sprintf.o)
                0x00403e00                sprintf
 .text._svfprintf_r
                0x00403e4c     0x145c d:/7.0/toolchain/arm/arm-gnu-toolchain/bin/../lib/gcc/arm-none-eabi/6.3.1/../../../../arm-none-eabi/lib/thumb/v7e-m\libc.a(lib_a-svfprintf.o)
                0x00403e4c                _svfprintf_r
 .text.startup.register_fini
                0x004052a8       0x14 d:/7.0/toolchain/arm/arm-gnu-toolchain/bin/../lib/gcc/arm-none-eabi/6.3.1/../../../../arm-none-eabi/lib/thumb/v7e-m\libc.a(lib_a-__call_atexit.o)
 .text.atexit   0x004052bc        0xc d:/7.0/toolchain/arm/arm-gnu-toolchain/bin/../lib/gcc/arm-none-eabi/6.3.1/../../../../arm-none-eabi/lib/thumb/v7e-m\libc.a(lib_a-atexit.o)
                0x004052bc                atexit
 .text.quorem   0x004052c8      0x128 d:/7.0/toolchain/arm/arm-gnu-toolchain/bin/../lib/gcc/arm-none-eabi/6.3.1/../../../../arm-none-eabi/lib/thumb/v7e-m\libc.a(lib_a-dtoa.o)
 .text._dtoa_r  0x004053f0      0xe54 d:/7.0/toolchain/arm/arm-gnu-toolchain/bin/../lib/gcc/arm-none-eabi/6.3.1/../../../../arm-none-eabi/lib/thumb/v7e-m\libc.a(lib_a-dtoa.o)
                0x004053f0                _dtoa_r
 .text.__libc_fini_array
                0x00406244       0x34 d:/7.0/toolchain/arm/arm-gnu-toolchain/bin/../lib/gcc/arm-none-eabi/6.3.1/../../../../arm-none-eabi/lib/thumb/v7e-m\libc.a(lib_a-fini.o)
                0x00406244                __libc_fini_array
 .text._localeconv_r
                0x00406278       0x1c d:/7.0/toolchain/arm/arm-gnu-toolchain/bin/../lib/gcc/arm-none-eabi/6.3.1/../../../../arm-none-eabi/lib/thumb/v7e-m\libc.a(lib_a-localeconv.o)
                0x00406278                _localeconv_r
 .text.__retarget_lock_acquire_recursive
                0x00406294        0x4 d:/7.0/toolchain/arm/arm-gnu-toolchain/bin/../lib/gcc/arm-none-eabi/6.3.1/../../../../arm-none-eabi/lib/thumb/v7e-m\libc.a(lib_a-lock.o)
                0x00406294                __retarget_lock_acquire_recursive
 .text.__retarget_lock_release_recursive
                0x00406298        0x4 d:/7.0/toolchain/arm/arm-gnu-toolchain/bin/../lib/gcc/arm-none-eabi/6.3.1/../../../../arm-none-eabi/lib/thumb/v7e-m\libc.a(lib_a-lock.o)
                0x00406298                __retarget_lock_release_recursive
 .text._malloc_r
                0x0040629c      0x560 d:/7.0/toolchain/arm/arm-gnu-toolchain/bin/../lib/gcc/arm-none-eabi/6.3.1/../../../../arm-none-eabi/lib/thumb/v7e-m\libc.a(lib_a-mallocr.o)
                0x0040629c                _malloc_r
 *fill*         0x004067fc        0x4 
 .text          0x00406800       0xa0 d:/7.0/toolchain/arm/arm-gnu-toolchain/bin/../lib/gcc/arm-none-eabi/6.3.1/../../../../arm-none-eabi/lib/thumb/v7e-m\libc.a(lib_a-memchr.o)
                0x00406800                memchr
 .text          0x004068a0      0x134 d:/7.0/toolchain/arm/arm-gnu-toolchain/bin/../lib/gcc/arm-none-eabi/6.3.1/../../../../arm-none-eabi/lib/thumb/v7e-m\libc.a(lib_a-memcpy.o)
                0x004068a0                memcpy
 .text.__malloc_lock
                0x004069d4        0xc d:/7.0/toolchain/arm/arm-gnu-toolchain/bin/../lib/gcc/arm-none-eabi/6.3.1/../../../../arm-none-eabi/lib/thumb/v7e-m\libc.a(lib_a-mlock.o)
                0x004069d4                __malloc_lock
 .text.__malloc_unlock
                0x004069e0        0xc d:/7.0/toolchain/arm/arm-gnu-toolchain/bin/../lib/gcc/arm-none-eabi/6.3.1/../../../../arm-none-eabi/lib/thumb/v7e-m\libc.a(lib_a-mlock.o)
                0x004069e0                __malloc_unlock
 .text._Balloc  0x004069ec       0x4c d:/7.0/toolchain/arm/arm-gnu-toolchain/bin/../lib/gcc/arm-none-eabi/6.3.1/../../../../arm-none-eabi/lib/thumb/v7e-m\libc.a(lib_a-mprec.o)
                0x004069ec                _Balloc
 .text._Bfree   0x00406a38       0x14 d:/7.0/toolchain/arm/arm-gnu-toolchain/bin/../lib/gcc/arm-none-eabi/6.3.1/../../../../arm-none-eabi/lib/thumb/v7e-m\libc.a(lib_a-mprec.o)
                0x00406a38                _Bfree
 .text.__multadd
                0x00406a4c       0x80 d:/7.0/toolchain/arm/arm-gnu-toolchain/bin/../lib/gcc/arm-none-eabi/6.3.1/../../../../arm-none-eabi/lib/thumb/v7e-m\libc.a(lib_a-mprec.o)
                0x00406a4c                __multadd
 .text.__hi0bits
                0x00406acc       0x40 d:/7.0/toolchain/arm/arm-gnu-toolchain/bin/../lib/gcc/arm-none-eabi/6.3.1/../../../../arm-none-eabi/lib/thumb/v7e-m\libc.a(lib_a-mprec.o)
                0x00406acc                __hi0bits
 .text.__lo0bits
                0x00406b0c       0x60 d:/7.0/toolchain/arm/arm-gnu-toolchain/bin/../lib/gcc/arm-none-eabi/6.3.1/../../../../arm-none-eabi/lib/thumb/v7e-m\libc.a(lib_a-mprec.o)
                0x00406b0c                __lo0bits
 .text.__i2b    0x00406b6c       0x14 d:/7.0/toolchain/arm/arm-gnu-toolchain/bin/../lib/gcc/arm-none-eabi/6.3.1/../../../../arm-none-eabi/lib/thumb/v7e-m\libc.a(lib_a-mprec.o)
                0x00406b6c                __i2b
 .text.__multiply
                0x00406b80      0x124 d:/7.0/toolchain/arm/arm-gnu-toolchain/bin/../lib/gcc/arm-none-eabi/6.3.1/../../../../arm-none-eabi/lib/thumb/v7e-m\libc.a(lib_a-mprec.o)
                0x00406b80                __multiply
 .text.__pow5mult
                0x00406ca4       0xa0 d:/7.0/toolchain/arm/arm-gnu-toolchain/bin/../lib/gcc/arm-none-eabi/6.3.1/../../../../arm-none-eabi/lib/thumb/v7e-m\libc.a(lib_a-mprec.o)
                0x00406ca4                __pow5mult
 .text.__lshift
                0x00406d44       0xa4 d:/7.0/toolchain/arm/arm-gnu-toolchain/bin/../lib/gcc/arm-none-eabi/6.3.1/../../../../arm-none-eabi/lib/thumb/v7e-m\libc.a(lib_a-mprec.o)
                0x00406d44                __lshift
 .text.__mcmp   0x00406de8       0x38 d:/7.0/toolchain/arm/arm-gnu-toolchain/bin/../lib/gcc/arm-none-eabi/6.3.1/../../../../arm-none-eabi/lib/thumb/v7e-m\libc.a(lib_a-mprec.o)
                0x00406de8                __mcmp
 .text.__mdiff  0x00406e20      0x108 d:/7.0/toolchain/arm/arm-gnu-toolchain/bin/../lib/gcc/arm-none-eabi/6.3.1/../../../../arm-none-eabi/lib/thumb/v7e-m\libc.a(lib_a-mprec.o)
                0x00406e20                __mdiff
 .text.__d2b    0x00406f28       0xb8 d:/7.0/toolchain/arm/arm-gnu-toolchain/bin/../lib/gcc/arm-none-eabi/6.3.1/../../../../arm-none-eabi/lib/thumb/v7e-m\libc.a(lib_a-mprec.o)
                0x00406f28                __d2b
 .text._sbrk_r  0x00406fe0       0x24 d:/7.0/toolchain/arm/arm-gnu-toolchain/bin/../lib/gcc/arm-none-eabi/6.3.1/../../../../arm-none-eabi/lib/thumb/v7e-m\libc.a(lib_a-sbrkr.o)
                0x00406fe0                _sbrk_r
 *fill*         0x00407004       0x3c 
 .text          0x00407040       0xdc d:/7.0/toolchain/arm/arm-gnu-toolchain/bin/../lib/gcc/arm-none-eabi/6.3.1/../../../../arm-none-eabi/lib/thumb/v7e-m\libc.a(lib_a-strlen.o)
                0x00407040                strlen
 .text.__ssprint_r
                0x0040711c       0xfc d:/7.0/toolchain/arm/arm-gnu-toolchain/bin/../lib/gcc/arm-none-eabi/6.3.1/../../../../arm-none-eabi/lib/thumb/v7e-m\libc.a(lib_a-svfiprintf.o)
                0x0040711c                __ssprint_r
 .text.__register_exitproc
                0x00407218       0xc4 d:/7.0/toolchain/arm/arm-gnu-toolchain/bin/../lib/gcc/arm-none-eabi/6.3.1/../../../../arm-none-eabi/lib/thumb/v7e-m\libc.a(lib_a-__atexit.o)
                0x00407218                __register_exitproc
 .text._calloc_r
                0x004072dc       0x60 d:/7.0/toolchain/arm/arm-gnu-toolchain/bin/../lib/gcc/arm-none-eabi/6.3.1/../../../../arm-none-eabi/lib/thumb/v7e-m\libc.a(lib_a-callocr.o)
                0x004072dc                _calloc_r
 .text._malloc_trim_r
                0x0040733c       0xa0 d:/7.0/toolchain/arm/arm-gnu-toolchain/bin/../lib/gcc/arm-none-eabi/6.3.1/../../../../arm-none-eabi/lib/thumb/v7e-m\libc.a(lib_a-freer.o)
                0x0040733c                _malloc_trim_r
 .text._free_r  0x004073dc      0x1cc d:/7.0/toolchain/arm/arm-gnu-toolchain/bin/../lib/gcc/arm-none-eabi/6.3.1/../../../../arm-none-eabi/lib/thumb/v7e-m\libc.a(lib_a-freer.o)
                0x004073dc                _free_r
 .text.__ascii_mbtowc
                0x004075a8       0x2c d:/7.0/toolchain/arm/arm-gnu-toolchain/bin/../lib/gcc/arm-none-eabi/6.3.1/../../../../arm-none-eabi/lib/thumb/v7e-m\libc.a(lib_a-mbtowc_r.o)
                0x004075a8                __ascii_mbtowc
 .text.memmove  0x004075d4       0xc8 d:/7.0/toolchain/arm/arm-gnu-toolchain/bin/../lib/gcc/arm-none-eabi/6.3.1/../../../../arm-none-eabi/lib/thumb/v7e-m\libc.a(lib_a-memmove.o)
                0x004075d4                memmove
 .text._realloc_r
                0x0040769c      0x34c d:/7.0/toolchain/arm/arm-gnu-toolchain/bin/../lib/gcc/arm-none-eabi/6.3.1/../../../../arm-none-eabi/lib/thumb/v7e-m\libc.a(lib_a-reallocr.o)
                0x0040769c                _realloc_r
 .text.__ascii_wctomb
                0x004079e8       0x1c d:/7.0/toolchain/arm/arm-gnu-toolchain/bin/../lib/gcc/arm-none-eabi/6.3.1/../../../../arm-none-eabi/lib/thumb/v7e-m\libc.a(lib_a-wctomb_r.o)
                0x004079e8                __ascii_wctomb
 .text          0x00407a04      0x110 d:/7.0/toolchain/arm/arm-gnu-toolchain/bin/../lib/gcc/arm-none-eabi/6.3.1/thumb/v7e-m\libgcc.a(_arm_cmpdf2.o)
                0x00407a04                __gtdf2
                0x00407a04                __gedf2
                0x00407a0c                __ltdf2
                0x00407a0c                __ledf2
                0x00407a14                __nedf2
                0x00407a14                __eqdf2
                0x00407a14                __cmpdf2
                0x00407a90                __aeabi_cdrcmple
                0x00407aa0                __aeabi_cdcmpeq
                0x00407aa0                __aeabi_cdcmple
                0x00407ab0                __aeabi_dcmpeq
                0x00407ac4                __aeabi_dcmplt
                0x00407ad8                __aeabi_dcmple
                0x00407aec                __aeabi_dcmpge
                0x00407b00                __aeabi_dcmpgt
 .text          0x00407b14       0x2c d:/7.0/toolchain/arm/arm-gnu-toolchain/bin/../lib/gcc/arm-none-eabi/6.3.1/thumb/v7e-m\libgcc.a(_arm_unorddf2.o)
                0x00407b14                __unorddf2
                0x00407b14                __aeabi_dcmpun
 .text          0x00407b40       0x30 d:/7.0/toolchain/arm/arm-gnu-toolchain/bin/../lib/gcc/arm-none-eabi/6.3.1/thumb/v7e-m\libgcc.a(_aeabi_uldivmod.o)
                0x00407b40                __aeabi_uldivmod
 .text          0x00407b70      0x2dc d:/7.0/toolchain/arm/arm-gnu-toolchain/bin/../lib/gcc/arm-none-eabi/6.3.1/thumb/v7e-m\libgcc.a(_udivmoddi4.o)
                0x00407b70                __udivmoddi4
 .text          0x00407e4c        0x4 d:/7.0/toolchain/arm/arm-gnu-toolchain/bin/../lib/gcc/arm-none-eabi/6.3.1/thumb/v7e-m\libgcc.a(_dvmd_tls.o)
                0x00407e4c                __aeabi_idiv0
                0x00407e4c                __aeabi_ldiv0
 *(.glue_7t)
 .glue_7t       0x00407e50        0x0 linker stubs
 *(.glue_7)
 .glue_7        0x00407e50        0x0 linker stubs
 *(.rodata .rodata* .gnu.linkonce.r.*)
 .rodata.image_data_calibri_36_0x20
                0x00407e50      0x378 src/main.o
 .rodata.calibri_36_0x20
                0x004081c8       0x10 src/main.o
 .rodata.image_data_calibri_36_0x21
                0x004081d8      0x534 src/main.o
 .rodata.calibri_36_0x21
                0x0040870c       0x10 src/main.o
 .rodata.image_data_calibri_36_0x22
                0x0040871c      0x612 src/main.o
 *fill*         0x00408d2e        0x2 
 .rodata.calibri_36_0x22
                0x00408d30       0x10 src/main.o
 .rodata.image_data_calibri_36_0x23
                0x00408d40      0x7ce src/main.o
 *fill*         0x0040950e        0x2 
 .rodata.calibri_36_0x23
                0x00409510       0x10 src/main.o
 .rodata.image_data_calibri_36_0x24
                0x00409520      0x7ce src/main.o
 *fill*         0x00409cee        0x2 
 .rodata.calibri_36_0x24
                0x00409cf0       0x10 src/main.o
 .rodata.image_data_calibri_36_0x25
                0x00409d00      0xb46 src/main.o
 *fill*         0x0040a846        0x2 
 .rodata.calibri_36_0x25
                0x0040a848       0x10 src/main.o
 .rodata.image_data_calibri_36_0x26
                0x0040a858      0xad7 src/main.o
 *fill*         0x0040b32f        0x1 
 .rodata.calibri_36_0x26
                0x0040b330       0x10 src/main.o
 .rodata.image_data_calibri_36_0x27
                0x0040b340      0x378 src/main.o
 .rodata.calibri_36_0x27
                0x0040b6b8       0x10 src/main.o
 .rodata.image_data_calibri_36_0x28
                0x0040b6c8      0x4c5 src/main.o
 *fill*         0x0040bb8d        0x3 
 .rodata.calibri_36_0x28
                0x0040bb90       0x10 src/main.o
 .rodata.image_data_calibri_36_0x29
                0x0040bba0      0x4c5 src/main.o
 *fill*         0x0040c065        0x3 
 .rodata.calibri_36_0x29
                0x0040c068       0x10 src/main.o
 .rodata.image_data_calibri_36_0x2a
                0x0040c078      0x7ce src/main.o
 *fill*         0x0040c846        0x2 
 .rodata.calibri_36_0x2a
                0x0040c848       0x10 src/main.o
 .rodata.image_data_calibri_36_0x2b
                0x0040c858      0x7ce src/main.o
 *fill*         0x0040d026        0x2 
 .rodata.calibri_36_0x2b
                0x0040d028       0x10 src/main.o
 .rodata.image_data_calibri_36_0x2c
                0x0040d038      0x3e7 src/main.o
 *fill*         0x0040d41f        0x1 
 .rodata.calibri_36_0x2c
                0x0040d420       0x10 src/main.o
 .rodata.image_data_calibri_36_0x2d
                0x0040d430      0x4c5 src/main.o
 *fill*         0x0040d8f5        0x3 
 .rodata.calibri_36_0x2d
                0x0040d8f8       0x10 src/main.o
 .rodata.image_data_calibri_36_0x2e
                0x0040d908      0x3e7 src/main.o
 *fill*         0x0040dcef        0x1 
 .rodata.calibri_36_0x2e
                0x0040dcf0       0x10 src/main.o
 .rodata.image_data_calibri_36_0x2f
                0x0040dd00      0x612 src/main.o
 *fill*         0x0040e312        0x2 
 .rodata.calibri_36_0x2f
                0x0040e314       0x10 src/main.o
 .rodata.image_data_calibri_36_0x30
                0x0040e324      0x7ce src/main.o
 *fill*         0x0040eaf2        0x2 
 .rodata.calibri_36_0x30
                0x0040eaf4       0x10 src/main.o
 .rodata.image_data_calibri_36_0x31
                0x0040eb04      0x7ce src/main.o
 *fill*         0x0040f2d2        0x2 
 .rodata.calibri_36_0x31
                0x0040f2d4       0x10 src/main.o
 .rodata.image_data_calibri_36_0x32
                0x0040f2e4      0x7ce src/main.o
 *fill*         0x0040fab2        0x2 
 .rodata.calibri_36_0x32
                0x0040fab4       0x10 src/main.o
 .rodata.image_data_calibri_36_0x33
                0x0040fac4      0x7ce src/main.o
 *fill*         0x00410292        0x2 
 .rodata.calibri_36_0x33
                0x00410294       0x10 src/main.o
 .rodata.image_data_calibri_36_0x34
                0x004102a4      0x7ce src/main.o
 *fill*         0x00410a72        0x2 
 .rodata.calibri_36_0x34
                0x00410a74       0x10 src/main.o
 .rodata.image_data_calibri_36_0x35
                0x00410a84      0x7ce src/main.o
 *fill*         0x00411252        0x2 
 .rodata.calibri_36_0x35
                0x00411254       0x10 src/main.o
 .rodata.image_data_calibri_36_0x36
                0x00411264      0x7ce src/main.o
 *fill*         0x00411a32        0x2 
 .rodata.calibri_36_0x36
                0x00411a34       0x10 src/main.o
 .rodata.image_data_calibri_36_0x37
                0x00411a44      0x7ce src/main.o
 *fill*         0x00412212        0x2 
 .rodata.calibri_36_0x37
                0x00412214       0x10 src/main.o
 .rodata.image_data_calibri_36_0x38
                0x00412224      0x7ce src/main.o
 *fill*         0x004129f2        0x2 
 .rodata.calibri_36_0x38
                0x004129f4       0x10 src/main.o
 .rodata.image_data_calibri_36_0x39
                0x00412a04      0x7ce src/main.o
 *fill*         0x004131d2        0x2 
 .rodata.calibri_36_0x39
                0x004131d4       0x10 src/main.o
 .rodata.image_data_calibri_36_0x3a
                0x004131e4      0x456 src/main.o
 *fill*         0x0041363a        0x2 
 .rodata.calibri_36_0x3a
                0x0041363c       0x10 src/main.o
 .rodata.image_data_calibri_36_0x3b
                0x0041364c      0x456 src/main.o
 *fill*         0x00413aa2        0x2 
 .rodata.calibri_36_0x3b
                0x00413aa4       0x10 src/main.o
 .rodata.image_data_calibri_36_0x3c
                0x00413ab4      0x7ce src/main.o
 *fill*         0x00414282        0x2 
 .rodata.calibri_36_0x3c
                0x00414284       0x10 src/main.o
 .rodata.image_data_calibri_36_0x3d
                0x00414294      0x7ce src/main.o
 *fill*         0x00414a62        0x2 
 .rodata.calibri_36_0x3d
                0x00414a64       0x10 src/main.o
 .rodata.image_data_calibri_36_0x3e
                0x00414a74      0x7ce src/main.o
 *fill*         0x00415242        0x2 
 .rodata.calibri_36_0x3e
                0x00415244       0x10 src/main.o
 .rodata.image_data_calibri_36_0x3f
                0x00415254      0x75f src/main.o
 *fill*         0x004159b3        0x1 
 .rodata.calibri_36_0x3f
                0x004159b4       0x10 src/main.o
 .rodata.image_data_calibri_36_0x40
                0x004159c4      0xde0 src/main.o
 .rodata.calibri_36_0x40
                0x004167a4       0x10 src/main.o
 .rodata.image_data_calibri_36_0x41
                0x004167b4      0x91b src/main.o
 *fill*         0x004170cf        0x1 
 .rodata.calibri_36_0x41
                0x004170d0       0x10 src/main.o
 .rodata.image_data_calibri_36_0x42
                0x004170e0      0x8ac src/main.o
 .rodata.calibri_36_0x42
                0x0041798c       0x10 src/main.o
 .rodata.image_data_calibri_36_0x43
                0x0041799c      0x83d src/main.o
 *fill*         0x004181d9        0x3 
 .rodata.calibri_36_0x43
                0x004181dc       0x10 src/main.o
 .rodata.image_data_calibri_36_0x44
                0x004181ec      0x98a src/main.o
 *fill*         0x00418b76        0x2 
 .rodata.calibri_36_0x44
                0x00418b78       0x10 src/main.o
 .rodata.image_data_calibri_36_0x45
                0x00418b88      0x7ce src/main.o
 *fill*         0x00419356        0x2 
 .rodata.calibri_36_0x45
                0x00419358       0x10 src/main.o
 .rodata.image_data_calibri_36_0x46
                0x00419368      0x75f src/main.o
 *fill*         0x00419ac7        0x1 
 .rodata.calibri_36_0x46
                0x00419ac8       0x10 src/main.o
 .rodata.image_data_calibri_36_0x47
                0x00419ad8      0x9f9 src/main.o
 *fill*         0x0041a4d1        0x3 
 .rodata.calibri_36_0x47
                0x0041a4d4       0x10 src/main.o
 .rodata.image_data_calibri_36_0x48
                0x0041a4e4      0x98a src/main.o
 *fill*         0x0041ae6e        0x2 
 .rodata.calibri_36_0x48
                0x0041ae70       0x10 src/main.o
 .rodata.image_data_calibri_36_0x49
                0x0041ae80      0x3e7 src/main.o
 *fill*         0x0041b267        0x1 
 .rodata.calibri_36_0x49
                0x0041b268       0x10 src/main.o
 .rodata.image_data_calibri_36_0x4a
                0x0041b278      0x4c5 src/main.o
 *fill*         0x0041b73d        0x3 
 .rodata.calibri_36_0x4a
                0x0041b740       0x10 src/main.o
 .rodata.image_data_calibri_36_0x4b
                0x0041b750      0x83d src/main.o
 *fill*         0x0041bf8d        0x3 
 .rodata.calibri_36_0x4b
                0x0041bf90       0x10 src/main.o
 .rodata.image_data_calibri_36_0x4c
                0x0041bfa0      0x681 src/main.o
 *fill*         0x0041c621        0x3 
 .rodata.calibri_36_0x4c
                0x0041c624       0x10 src/main.o
 .rodata.image_data_calibri_36_0x4d
                0x0041c634      0xd71 src/main.o
 *fill*         0x0041d3a5        0x3 
 .rodata.calibri_36_0x4d
                0x0041d3a8       0x10 src/main.o
 .rodata.image_data_calibri_36_0x4e
                0x0041d3b8      0x9f9 src/main.o
 *fill*         0x0041ddb1        0x3 
 .rodata.calibri_36_0x4e
                0x0041ddb4       0x10 src/main.o
 .rodata.image_data_calibri_36_0x4f
                0x0041ddc4      0xa68 src/main.o
 .rodata.calibri_36_0x4f
                0x0041e82c       0x10 src/main.o
 .rodata.image_data_calibri_36_0x50
                0x0041e83c      0x83d src/main.o
 *fill*         0x0041f079        0x3 
 .rodata.calibri_36_0x50
                0x0041f07c       0x10 src/main.o
 .rodata.image_data_calibri_36_0x51
                0x0041f08c      0xad7 src/main.o
 *fill*         0x0041fb63        0x1 
 .rodata.calibri_36_0x51
                0x0041fb64       0x10 src/main.o
 .rodata.image_data_calibri_36_0x52
                0x0041fb74      0x8ac src/main.o
 .rodata.calibri_36_0x52
                0x00420420       0x10 src/main.o
 .rodata.image_data_calibri_36_0x53
                0x00420430      0x75f src/main.o
 *fill*         0x00420b8f        0x1 
 .rodata.calibri_36_0x53
                0x00420b90       0x10 src/main.o
 .rodata.image_data_calibri_36_0x54
                0x00420ba0      0x7ce src/main.o
 *fill*         0x0042136e        0x2 
 .rodata.calibri_36_0x54
                0x00421370       0x10 src/main.o
 .rodata.image_data_calibri_36_0x55
                0x00421380      0x9f9 src/main.o
 *fill*         0x00421d79        0x3 
 .rodata.calibri_36_0x55
                0x00421d7c       0x10 src/main.o
 .rodata.image_data_calibri_36_0x56
                0x00421d8c      0x8ac src/main.o
 .rodata.calibri_36_0x56
                0x00422638       0x10 src/main.o
 .rodata.image_data_calibri_36_0x57
                0x00422648      0xde0 src/main.o
 .rodata.calibri_36_0x57
                0x00423428       0x10 src/main.o
 .rodata.image_data_calibri_36_0x58
                0x00423438      0x83d src/main.o
 *fill*         0x00423c75        0x3 
 .rodata.calibri_36_0x58
                0x00423c78       0x10 src/main.o
 .rodata.image_data_calibri_36_0x59
                0x00423c88      0x7ce src/main.o
 *fill*         0x00424456        0x2 
 .rodata.calibri_36_0x59
                0x00424458       0x10 src/main.o
 .rodata.image_data_calibri_36_0x5a
                0x00424468      0x75f src/main.o
 *fill*         0x00424bc7        0x1 
 .rodata.calibri_36_0x5a
                0x00424bc8       0x10 src/main.o
 .rodata.image_data_calibri_36_0x5b
                0x00424bd8      0x4c5 src/main.o
 *fill*         0x0042509d        0x3 
 .rodata.calibri_36_0x5b
                0x004250a0       0x10 src/main.o
 .rodata.image_data_calibri_36_0x5c
                0x004250b0      0x612 src/main.o
 *fill*         0x004256c2        0x2 
 .rodata.calibri_36_0x5c
                0x004256c4       0x10 src/main.o
 .rodata.image_data_calibri_36_0x5d
                0x004256d4      0x4c5 src/main.o
 *fill*         0x00425b99        0x3 
 .rodata.calibri_36_0x5d
                0x00425b9c       0x10 src/main.o
 .rodata.image_data_calibri_36_0x5e
                0x00425bac      0x7ce src/main.o
 *fill*         0x0042637a        0x2 
 .rodata.calibri_36_0x5e
                0x0042637c       0x10 src/main.o
 .rodata.image_data_calibri_36_0x5f
                0x0042638c      0x7ce src/main.o
 *fill*         0x00426b5a        0x2 
 .rodata.calibri_36_0x5f
                0x00426b5c       0x10 src/main.o
 .rodata.image_data_calibri_36_0x60
                0x00426b6c      0x456 src/main.o
 *fill*         0x00426fc2        0x2 
 .rodata.calibri_36_0x60
                0x00426fc4       0x10 src/main.o
 .rodata.image_data_calibri_36_0x61
                0x00426fd4      0x75f src/main.o
 *fill*         0x00427733        0x1 
 .rodata.calibri_36_0x61
                0x00427734       0x10 src/main.o
 .rodata.image_data_calibri_36_0x62
                0x00427744      0x83d src/main.o
 *fill*         0x00427f81        0x3 
 .rodata.calibri_36_0x62
                0x00427f84       0x10 src/main.o
 .rodata.image_data_calibri_36_0x63
                0x00427f94      0x681 src/main.o
 *fill*         0x00428615        0x3 
 .rodata.calibri_36_0x63
                0x00428618       0x10 src/main.o
 .rodata.image_data_calibri_36_0x64
                0x00428628      0x83d src/main.o
 *fill*         0x00428e65        0x3 
 .rodata.calibri_36_0x64
                0x00428e68       0x10 src/main.o
 .rodata.image_data_calibri_36_0x65
                0x00428e78      0x7ce src/main.o
 *fill*         0x00429646        0x2 
 .rodata.calibri_36_0x65
                0x00429648       0x10 src/main.o
 .rodata.image_data_calibri_36_0x66
                0x00429658      0x4c5 src/main.o
 *fill*         0x00429b1d        0x3 
 .rodata.calibri_36_0x66
                0x00429b20       0x10 src/main.o
 .rodata.image_data_calibri_36_0x67
                0x00429b30      0x75f src/main.o
 *fill*         0x0042a28f        0x1 
 .rodata.calibri_36_0x67
                0x0042a290       0x10 src/main.o
 .rodata.image_data_calibri_36_0x68
                0x0042a2a0      0x83d src/main.o
 *fill*         0x0042aadd        0x3 
 .rodata.calibri_36_0x68
                0x0042aae0       0x10 src/main.o
 .rodata.image_data_calibri_36_0x69
                0x0042aaf0      0x378 src/main.o
 .rodata.calibri_36_0x69
                0x0042ae68       0x10 src/main.o
 .rodata.image_data_calibri_36_0x6a
                0x0042ae78      0x3e7 src/main.o
 *fill*         0x0042b25f        0x1 
 .rodata.calibri_36_0x6a
                0x0042b260       0x10 src/main.o
 .rodata.image_data_calibri_36_0x6b
                0x0042b270      0x6f0 src/main.o
 .rodata.calibri_36_0x6b
                0x0042b960       0x10 src/main.o
 .rodata.image_data_calibri_36_0x6c
                0x0042b970      0x378 src/main.o
 .rodata.calibri_36_0x6c
                0x0042bce8       0x10 src/main.o
 .rodata.image_data_calibri_36_0x6d
                0x0042bcf8      0xc93 src/main.o
 *fill*         0x0042c98b        0x1 
 .rodata.calibri_36_0x6d
                0x0042c98c       0x10 src/main.o
 .rodata.image_data_calibri_36_0x6e
                0x0042c99c      0x83d src/main.o
 *fill*         0x0042d1d9        0x3 
 .rodata.calibri_36_0x6e
                0x0042d1dc       0x10 src/main.o
 .rodata.image_data_calibri_36_0x6f
                0x0042d1ec      0x83d src/main.o
 *fill*         0x0042da29        0x3 
 .rodata.calibri_36_0x6f
                0x0042da2c       0x10 src/main.o
 .rodata.image_data_calibri_36_0x70
                0x0042da3c      0x83d src/main.o
 *fill*         0x0042e279        0x3 
 .rodata.calibri_36_0x70
                0x0042e27c       0x10 src/main.o
 .rodata.image_data_calibri_36_0x71
                0x0042e28c      0x83d src/main.o
 *fill*         0x0042eac9        0x3 
 .rodata.calibri_36_0x71
                0x0042eacc       0x10 src/main.o
 .rodata.image_data_calibri_36_0x72
                0x0042eadc      0x5a3 src/main.o
 *fill*         0x0042f07f        0x1 
 .rodata.calibri_36_0x72
                0x0042f080       0x10 src/main.o
 .rodata.image_data_calibri_36_0x73
                0x0042f090      0x612 src/main.o
 *fill*         0x0042f6a2        0x2 
 .rodata.calibri_36_0x73
                0x0042f6a4       0x10 src/main.o
 .rodata.image_data_calibri_36_0x74
                0x0042f6b4      0x534 src/main.o
 .rodata.calibri_36_0x74
                0x0042fbe8       0x10 src/main.o
 .rodata.image_data_calibri_36_0x75
                0x0042fbf8      0x83d src/main.o
 *fill*         0x00430435        0x3 
 .rodata.calibri_36_0x75
                0x00430438       0x10 src/main.o
 .rodata.image_data_calibri_36_0x76
                0x00430448      0x6f0 src/main.o
 .rodata.calibri_36_0x76
                0x00430b38       0x10 src/main.o
 .rodata.image_data_calibri_36_0x77
                0x00430b48      0xb46 src/main.o
 *fill*         0x0043168e        0x2 
 .rodata.calibri_36_0x77
                0x00431690       0x10 src/main.o
 .rodata.image_data_calibri_36_0x78
                0x004316a0      0x6f0 src/main.o
 .rodata.calibri_36_0x78
                0x00431d90       0x10 src/main.o
 .rodata.image_data_calibri_36_0x79
                0x00431da0      0x6f0 src/main.o
 .rodata.calibri_36_0x79
                0x00432490       0x10 src/main.o
 .rodata.image_data_calibri_36_0x7a
                0x004324a0      0x612 src/main.o
 *fill*         0x00432ab2        0x2 
 .rodata.calibri_36_0x7a
                0x00432ab4       0x10 src/main.o
 .rodata.image_data_calibri_36_0x7b
                0x00432ac4      0x4c5 src/main.o
 *fill*         0x00432f89        0x3 
 .rodata.calibri_36_0x7b
                0x00432f8c       0x10 src/main.o
 .rodata.image_data_calibri_36_0x7c
                0x00432f9c      0x75f src/main.o
 *fill*         0x004336fb        0x1 
 .rodata.calibri_36_0x7c
                0x004336fc       0x10 src/main.o
 .rodata.image_data_calibri_36_0x7d
                0x0043370c      0x4c5 src/main.o
 *fill*         0x00433bd1        0x3 
 .rodata.calibri_36_0x7d
                0x00433bd4       0x10 src/main.o
 .rodata.image_data_calibri_36_0x7e
                0x00433be4      0x7ce src/main.o
 *fill*         0x004343b2        0x2 
 .rodata.calibri_36_0x7e
                0x004343b4       0x10 src/main.o
 .rodata.calibri_36_array
                0x004343c4      0x2f8 src/main.o
 .rodata.calibri_36
                0x004346bc        0xc src/main.o
                0x004346bc                calibri_36
 .rodata        0x004346c8       0x23 src/main.o
 *fill*         0x004346eb        0x1 
 .rodata._global_impure_ptr
                0x004346ec        0x4 d:/7.0/toolchain/arm/arm-gnu-toolchain/bin/../lib/gcc/arm-none-eabi/6.3.1/../../../../arm-none-eabi/lib/thumb/v7e-m\libc.a(lib_a-impure.o)
                0x004346ec                _global_impure_ptr
 .rodata._svfprintf_r.str1.4
                0x004346f0       0x42 d:/7.0/toolchain/arm/arm-gnu-toolchain/bin/../lib/gcc/arm-none-eabi/6.3.1/../../../../arm-none-eabi/lib/thumb/v7e-m\libc.a(lib_a-svfprintf.o)
 *fill*         0x00434732        0x2 
 .rodata.blanks.7223
                0x00434734       0x10 d:/7.0/toolchain/arm/arm-gnu-toolchain/bin/../lib/gcc/arm-none-eabi/6.3.1/../../../../arm-none-eabi/lib/thumb/v7e-m\libc.a(lib_a-svfprintf.o)
 .rodata.zeroes.7224
                0x00434744       0x10 d:/7.0/toolchain/arm/arm-gnu-toolchain/bin/../lib/gcc/arm-none-eabi/6.3.1/../../../../arm-none-eabi/lib/thumb/v7e-m\libc.a(lib_a-svfprintf.o)
 .rodata._dtoa_r.str1.4
                0x00434754       0x10 d:/7.0/toolchain/arm/arm-gnu-toolchain/bin/../lib/gcc/arm-none-eabi/6.3.1/../../../../arm-none-eabi/lib/thumb/v7e-m\libc.a(lib_a-dtoa.o)
                                 0x12 (size before relaxing)
 *fill*         0x00434764        0x4 
 .rodata.__mprec_bigtens
                0x00434768       0x28 d:/7.0/toolchain/arm/arm-gnu-toolchain/bin/../lib/gcc/arm-none-eabi/6.3.1/../../../../arm-none-eabi/lib/thumb/v7e-m\libc.a(lib_a-mprec.o)
                0x00434768                __mprec_bigtens
 .rodata.__mprec_tens
                0x00434790       0xc8 d:/7.0/toolchain/arm/arm-gnu-toolchain/bin/../lib/gcc/arm-none-eabi/6.3.1/../../../../arm-none-eabi/lib/thumb/v7e-m\libc.a(lib_a-mprec.o)
                0x00434790                __mprec_tens
 .rodata.p05.6055
                0x00434858        0xc d:/7.0/toolchain/arm/arm-gnu-toolchain/bin/../lib/gcc/arm-none-eabi/6.3.1/../../../../arm-none-eabi/lib/thumb/v7e-m\libc.a(lib_a-mprec.o)
 .rodata._setlocale_r.str1.4
                0x00434864        0xa d:/7.0/toolchain/arm/arm-gnu-toolchain/bin/../lib/gcc/arm-none-eabi/6.3.1/../../../../arm-none-eabi/lib/thumb/v7e-m\libc.a(lib_a-locale.o)
                                  0xd (size before relaxing)
 *fill*         0x0043486e        0x2 
 .rodata.str1.4
                0x00434870        0x4 d:/7.0/toolchain/arm/arm-gnu-toolchain/bin/../lib/gcc/arm-none-eabi/6.3.1/../../../../arm-none-eabi/lib/thumb/v7e-m\libc.a(lib_a-locale.o)
                                  0x2 (size before relaxing)
 .rodata._ctype_
                0x00434874      0x101 d:/7.0/toolchain/arm/arm-gnu-toolchain/bin/../lib/gcc/arm-none-eabi/6.3.1/../../../../arm-none-eabi/lib/thumb/v7e-m\libc.a(lib_a-ctype_.o)
                0x00434874                _ctype_
 *(.ARM.extab* .gnu.linkonce.armextab.*)
                0x00434978                . = ALIGN (0x4)
 *fill*         0x00434975        0x3 
 *(.init)
 .init          0x00434978        0x4 d:/7.0/toolchain/arm/arm-gnu-toolchain/bin/../lib/gcc/arm-none-eabi/6.3.1/thumb/v7e-m/crti.o
                0x00434978                _init
 .init          0x0043497c        0x8 d:/7.0/toolchain/arm/arm-gnu-toolchain/bin/../lib/gcc/arm-none-eabi/6.3.1/thumb/v7e-m/crtn.o
                0x00434984                . = ALIGN (0x4)
                0x00434984                __preinit_array_start = .
 *(.preinit_array)
                0x00434984                __preinit_array_end = .
                0x00434984                . = ALIGN (0x4)
                0x00434984                __init_array_start = .
 *(SORT(.init_array.*))
 .init_array.00000
                0x00434984        0x4 d:/7.0/toolchain/arm/arm-gnu-toolchain/bin/../lib/gcc/arm-none-eabi/6.3.1/../../../../arm-none-eabi/lib/thumb/v7e-m\libc.a(lib_a-__call_atexit.o)
 *(.init_array)
 .init_array    0x00434988        0x4 d:/7.0/toolchain/arm/arm-gnu-toolchain/bin/../lib/gcc/arm-none-eabi/6.3.1/thumb/v7e-m/crtbegin.o
                0x0043498c                __init_array_end = .
                0x0043498c                . = ALIGN (0x4)
 *crtbegin.o(.ctors)
 *(EXCLUDE_FILE(*crtend.o) .ctors)
 *(SORT(.ctors.*))
 *crtend.o(.ctors)
                0x0043498c                . = ALIGN (0x4)
 *(.fini)
 .fini          0x0043498c        0x4 d:/7.0/toolchain/arm/arm-gnu-toolchain/bin/../lib/gcc/arm-none-eabi/6.3.1/thumb/v7e-m/crti.o
                0x0043498c                _fini
 .fini          0x00434990        0x8 d:/7.0/toolchain/arm/arm-gnu-toolchain/bin/../lib/gcc/arm-none-eabi/6.3.1/thumb/v7e-m/crtn.o
                0x00434998                . = ALIGN (0x4)
                0x00434998                __fini_array_start = .
 *(.fini_array)
 .fini_array    0x00434998        0x4 d:/7.0/toolchain/arm/arm-gnu-toolchain/bin/../lib/gcc/arm-none-eabi/6.3.1/thumb/v7e-m/crtbegin.o
 *(SORT(.fini_array.*))
                0x0043499c                __fini_array_end = .
 *crtbegin.o(.dtors)
 *(EXCLUDE_FILE(*crtend.o) .dtors)
 *(SORT(.dtors.*))
 *crtend.o(.dtors)
                0x0043499c                . = ALIGN (0x4)
                0x0043499c                _efixed = .
                [!provide]                PROVIDE (__exidx_start, .)

.vfp11_veneer   0x0043499c        0x0
 .vfp11_veneer  0x0043499c        0x0 linker stubs

.v4_bx          0x0043499c        0x0
 .v4_bx         0x0043499c        0x0 linker stubs

.iplt           0x0043499c        0x0
 .iplt          0x0043499c        0x0 d:/7.0/toolchain/arm/arm-gnu-toolchain/bin/../lib/gcc/arm-none-eabi/6.3.1/thumb/v7e-m/crtbegin.o

.ARM.exidx      0x0043499c        0x8
 *(.ARM.exidx* .gnu.linkonce.armexidx.*)
 .ARM.exidx     0x0043499c        0x8 d:/7.0/toolchain/arm/arm-gnu-toolchain/bin/../lib/gcc/arm-none-eabi/6.3.1/thumb/v7e-m\libgcc.a(_udivmoddi4.o)
                [!provide]                PROVIDE (__exidx_end, .)

.eh_frame       0x004349a4        0x0
 .eh_frame      0x004349a4        0x0 d:/7.0/toolchain/arm/arm-gnu-toolchain/bin/../lib/gcc/arm-none-eabi/6.3.1/thumb/v7e-m/crtbegin.o

.rel.dyn        0x004349a4        0x0
 .rel.iplt      0x004349a4        0x0 d:/7.0/toolchain/arm/arm-gnu-toolchain/bin/../lib/gcc/arm-none-eabi/6.3.1/thumb/v7e-m/crtbegin.o

.jcr            0x004349a4        0x0
 .jcr           0x004349a4        0x0 d:/7.0/toolchain/arm/arm-gnu-toolchain/bin/../lib/gcc/arm-none-eabi/6.3.1/thumb/v7e-m/crtbegin.o

.igot.plt       0x004349a4        0x0
 .igot.plt      0x004349a4        0x0 d:/7.0/toolchain/arm/arm-gnu-toolchain/bin/../lib/gcc/arm-none-eabi/6.3.1/thumb/v7e-m/crtbegin.o
                0x004349a4                . = ALIGN (0x4)
                0x004349a4                _etext = .

.relocate       0x20400000      0x9b8 load address 0x004349a4
                0x20400000                . = ALIGN (0x4)
                0x20400000                _srelocate = .
 *(.ramfunc .ramfunc.*)
 *(.data .data.*)
 .data.g_interrupt_enabled
                0x20400000        0x1 src/ASF/common/utils/interrupt/interrupt_sam_nvic.o
                0x20400000                g_interrupt_enabled
 *fill*         0x20400001        0x3 
 .data.ul_flash_in_wait_mode
                0x20400004        0x4 src/ASF/sam/drivers/pmc/pmc.o
 .data.SystemCoreClock
                0x20400008        0x4 src/ASF/sam/utils/cmsis/same70/source/templates/system_same70.o
                0x20400008                SystemCoreClock
 .data._impure_ptr
                0x2040000c        0x4 d:/7.0/toolchain/arm/arm-gnu-toolchain/bin/../lib/gcc/arm-none-eabi/6.3.1/../../../../arm-none-eabi/lib/thumb/v7e-m\libc.a(lib_a-impure.o)
                0x2040000c                _impure_ptr
 .data.impure_data
                0x20400010      0x428 d:/7.0/toolchain/arm/arm-gnu-toolchain/bin/../lib/gcc/arm-none-eabi/6.3.1/../../../../arm-none-eabi/lib/thumb/v7e-m\libc.a(lib_a-impure.o)
 .data.__atexit_recursive_mutex
                0x20400438        0x4 d:/7.0/toolchain/arm/arm-gnu-toolchain/bin/../lib/gcc/arm-none-eabi/6.3.1/../../../../arm-none-eabi/lib/thumb/v7e-m\libc.a(lib_a-__call_atexit.o)
                0x20400438                __atexit_recursive_mutex
 .data.__malloc_av_
                0x2040043c      0x408 d:/7.0/toolchain/arm/arm-gnu-toolchain/bin/../lib/gcc/arm-none-eabi/6.3.1/../../../../arm-none-eabi/lib/thumb/v7e-m\libc.a(lib_a-mallocr.o)
                0x2040043c                __malloc_av_
 .data.__malloc_sbrk_base
                0x20400844        0x4 d:/7.0/toolchain/arm/arm-gnu-toolchain/bin/../lib/gcc/arm-none-eabi/6.3.1/../../../../arm-none-eabi/lib/thumb/v7e-m\libc.a(lib_a-mallocr.o)
                0x20400844                __malloc_sbrk_base
 .data.__malloc_trim_threshold
                0x20400848        0x4 d:/7.0/toolchain/arm/arm-gnu-toolchain/bin/../lib/gcc/arm-none-eabi/6.3.1/../../../../arm-none-eabi/lib/thumb/v7e-m\libc.a(lib_a-mallocr.o)
                0x20400848                __malloc_trim_threshold
 .data.__global_locale
                0x2040084c      0x16c d:/7.0/toolchain/arm/arm-gnu-toolchain/bin/../lib/gcc/arm-none-eabi/6.3.1/../../../../arm-none-eabi/lib/thumb/v7e-m\libc.a(lib_a-locale.o)
                0x2040084c                __global_locale
                0x204009b8                . = ALIGN (0x4)
                0x204009b8                _erelocate = .

.bss            0x204009b8      0x4dc load address 0x0043535c
                0x204009b8                . = ALIGN (0x4)
                0x204009b8                _sbss = .
                0x204009b8                _szero = .
 *(.bss .bss.*)
 .bss           0x204009b8       0x1c d:/7.0/toolchain/arm/arm-gnu-toolchain/bin/../lib/gcc/arm-none-eabi/6.3.1/thumb/v7e-m/crtbegin.o
 .bss.g_wobits_in_rtt_mr
                0x204009d4        0x4 src/ASF/sam/drivers/rtt/rtt.o
 .bss.N         0x204009d8        0x4 src/main.o
                0x204009d8                N
 .bss.f_rtt_alarme
                0x204009dc        0x1 src/main.o
                0x204009dc                f_rtt_alarme
 .bss.f_rtt_alarme1
                0x204009dd        0x1 src/main.o
                0x204009dd                f_rtt_alarme1
 *fill*         0x204009de        0x2 
 .bss.n         0x204009e0        0x4 src/main.o
                0x204009e0                n
 .bss.g_ul_pixel_cache
                0x204009e4      0x3c0 src/ASF/sam/components/display/ili9488/ili9488.o
 .bss.gs_interrupt_sources
                0x20400da4       0x70 src/ASF/sam/drivers/pio/pio_handler.o
 .bss.gs_ul_nb_sources
                0x20400e14        0x4 src/ASF/sam/drivers/pio/pio_handler.o
 .bss.b_is_sleep_clock_used
                0x20400e18        0x1 src/ASF/sam/drivers/pmc/sleep.o
 *fill*         0x20400e19        0x3 
 .bss.callback_clocks_restored
                0x20400e1c        0x4 src/ASF/sam/drivers/pmc/sleep.o
 .bss.heap.6420
                0x20400e20        0x4 src/ASF/sam/utils/syscalls/gcc/syscalls.o
 .bss.__malloc_current_mallinfo
                0x20400e24       0x28 d:/7.0/toolchain/arm/arm-gnu-toolchain/bin/../lib/gcc/arm-none-eabi/6.3.1/../../../../arm-none-eabi/lib/thumb/v7e-m\libc.a(lib_a-mallocr.o)
                0x20400e24                __malloc_current_mallinfo
 .bss.__malloc_max_sbrked_mem
                0x20400e4c        0x4 d:/7.0/toolchain/arm/arm-gnu-toolchain/bin/../lib/gcc/arm-none-eabi/6.3.1/../../../../arm-none-eabi/lib/thumb/v7e-m\libc.a(lib_a-mallocr.o)
                0x20400e4c                __malloc_max_sbrked_mem
 .bss.__malloc_max_total_mem
                0x20400e50        0x4 d:/7.0/toolchain/arm/arm-gnu-toolchain/bin/../lib/gcc/arm-none-eabi/6.3.1/../../../../arm-none-eabi/lib/thumb/v7e-m\libc.a(lib_a-mallocr.o)
                0x20400e50                __malloc_max_total_mem
 .bss.__malloc_top_pad
                0x20400e54        0x4 d:/7.0/toolchain/arm/arm-gnu-toolchain/bin/../lib/gcc/arm-none-eabi/6.3.1/../../../../arm-none-eabi/lib/thumb/v7e-m\libc.a(lib_a-mallocr.o)
                0x20400e54                __malloc_top_pad
 *(COMMON)
 COMMON         0x20400e58       0x14 src/main.o
                0x20400e58                butR_flag
                0x20400e5c                g_ili9488_display_opt
 COMMON         0x20400e6c       0x21 d:/7.0/toolchain/arm/arm-gnu-toolchain/bin/../lib/gcc/arm-none-eabi/6.3.1/../../../../arm-none-eabi/lib/thumb/v7e-m\libc.a(lib_a-lock.o)
                0x20400e6c                __lock___atexit_recursive_mutex
                0x20400e70                __lock___arc4random_mutex
                0x20400e74                __lock___env_recursive_mutex
                0x20400e78                __lock___sinit_recursive_mutex
                0x20400e7c                __lock___malloc_recursive_mutex
                0x20400e80                __lock___at_quick_exit_mutex
                0x20400e84                __lock___dd_hash_mutex
                0x20400e88                __lock___tz_mutex
                0x20400e8c                __lock___sfp_recursive_mutex
 *fill*         0x20400e8d        0x3 
 COMMON         0x20400e90        0x4 d:/7.0/toolchain/arm/arm-gnu-toolchain/bin/../lib/gcc/arm-none-eabi/6.3.1/../../../../arm-none-eabi/lib/thumb/v7e-m\libc.a(lib_a-reent.o)
                0x20400e90                errno
                0x20400e94                . = ALIGN (0x4)
                0x20400e94                _ebss = .
                0x20400e94                _ezero = .

.stack          0x20400e94     0x2004 load address 0x00435838
                0x20400e98                . = ALIGN (0x8)
 *fill*         0x20400e94        0x4 
                0x20400e98                _sstack = .
                0x20402e98                . = (. + STACK_SIZE)
 *fill*         0x20400e98     0x2000 
                0x20402e98                . = ALIGN (0x8)
                0x20402e98                _estack = .

.heap           0x20402e98      0x200 load address 0x0043783c
                0x20402e98                . = ALIGN (0x8)
                0x20402e98                _sheap = .
                0x20403098                . = (. + HEAP_SIZE)
 *fill*         0x20402e98      0x200 
                0x20403098                . = ALIGN (0x8)
                0x20403098                _eheap = .
                0x20403098                . = ALIGN (0x4)
                0x20403098                _end = .
                0x2045ffff                _ram_end_ = ((ORIGIN (ram) + LENGTH (ram)) - 0x1)
OUTPUT(SAME70_FONTS.elf elf32-littlearm)

.ARM.attributes
                0x00000000       0x2e
 .ARM.attributes
                0x00000000       0x1e d:/7.0/toolchain/arm/arm-gnu-toolchain/bin/../lib/gcc/arm-none-eabi/6.3.1/thumb/v7e-m/crti.o
 .ARM.attributes
                0x0000001e       0x2e d:/7.0/toolchain/arm/arm-gnu-toolchain/bin/../lib/gcc/arm-none-eabi/6.3.1/thumb/v7e-m/crtbegin.o
 .ARM.attributes
                0x0000004c       0x37 src/ASF/sam/drivers/rtt/rtt.o
 .ARM.attributes
                0x00000083       0x37 src/main.o
 .ARM.attributes
                0x000000ba       0x37 src/ASF/common/services/spi/sam_spi/spi_master.o
 .ARM.attributes
                0x000000f1       0x37 src/ASF/sam/components/display/ili9488/ili9488.o
 .ARM.attributes
                0x00000128       0x37 src/ASF/sam/drivers/spi/spi.o
 .ARM.attributes
                0x0000015f       0x37 src/ASF/common/services/clock/same70/sysclk.o
 .ARM.attributes
                0x00000196       0x37 src/ASF/common/utils/interrupt/interrupt_sam_nvic.o
 .ARM.attributes
                0x000001cd       0x37 src/ASF/sam/boards/same70_xplained/init.o
 .ARM.attributes
                0x00000204       0x37 src/ASF/sam/drivers/pio/pio.o
 .ARM.attributes
                0x0000023b       0x37 src/ASF/sam/drivers/pio/pio_handler.o
 .ARM.attributes
                0x00000272       0x37 src/ASF/sam/drivers/pmc/pmc.o
 .ARM.attributes
                0x000002a9       0x37 src/ASF/sam/drivers/pmc/sleep.o
 .ARM.attributes
                0x000002e0       0x37 src/ASF/sam/utils/cmsis/same70/source/templates/gcc/startup_same70.o
 .ARM.attributes
                0x00000317       0x37 src/ASF/sam/utils/cmsis/same70/source/templates/system_same70.o
 .ARM.attributes
                0x0000034e       0x37 src/ASF/sam/utils/syscalls/gcc/syscalls.o
 .ARM.attributes
                0x00000385       0x1e d:/7.0/toolchain/arm/arm-gnu-toolchain/bin/../lib/gcc/arm-none-eabi/6.3.1/thumb/v7e-m\libgcc.a(_arm_addsubdf3.o)
 .ARM.attributes
                0x000003a3       0x1e d:/7.0/toolchain/arm/arm-gnu-toolchain/bin/../lib/gcc/arm-none-eabi/6.3.1/thumb/v7e-m\libgcc.a(_arm_muldivdf3.o)
 .ARM.attributes
                0x000003c1       0x1e d:/7.0/toolchain/arm/arm-gnu-toolchain/bin/../lib/gcc/arm-none-eabi/6.3.1/thumb/v7e-m\libgcc.a(_arm_fixdfsi.o)
 .ARM.attributes
                0x000003df       0x2e d:/7.0/toolchain/arm/arm-gnu-toolchain/bin/../lib/gcc/arm-none-eabi/6.3.1/../../../../arm-none-eabi/lib/thumb/v7e-m\libc.a(lib_a-impure.o)
 .ARM.attributes
                0x0000040d       0x2e d:/7.0/toolchain/arm/arm-gnu-toolchain/bin/../lib/gcc/arm-none-eabi/6.3.1/../../../../arm-none-eabi/lib/thumb/v7e-m\libc.a(lib_a-init.o)
 .ARM.attributes
                0x0000043b       0x2e d:/7.0/toolchain/arm/arm-gnu-toolchain/bin/../lib/gcc/arm-none-eabi/6.3.1/../../../../arm-none-eabi/lib/thumb/v7e-m\libc.a(lib_a-memset.o)
 .ARM.attributes
                0x00000469       0x2e d:/7.0/toolchain/arm/arm-gnu-toolchain/bin/../lib/gcc/arm-none-eabi/6.3.1/../../../../arm-none-eabi/lib/thumb/v7e-m\libc.a(lib_a-sprintf.o)
 .ARM.attributes
                0x00000497       0x2e d:/7.0/toolchain/arm/arm-gnu-toolchain/bin/../lib/gcc/arm-none-eabi/6.3.1/../../../../arm-none-eabi/lib/thumb/v7e-m\libc.a(lib_a-svfprintf.o)
 .ARM.attributes
                0x000004c5       0x2e d:/7.0/toolchain/arm/arm-gnu-toolchain/bin/../lib/gcc/arm-none-eabi/6.3.1/../../../../arm-none-eabi/lib/thumb/v7e-m\libc.a(lib_a-__call_atexit.o)
 .ARM.attributes
                0x000004f3       0x2e d:/7.0/toolchain/arm/arm-gnu-toolchain/bin/../lib/gcc/arm-none-eabi/6.3.1/../../../../arm-none-eabi/lib/thumb/v7e-m\libc.a(lib_a-atexit.o)
 .ARM.attributes
                0x00000521       0x2e d:/7.0/toolchain/arm/arm-gnu-toolchain/bin/../lib/gcc/arm-none-eabi/6.3.1/../../../../arm-none-eabi/lib/thumb/v7e-m\libc.a(lib_a-dtoa.o)
 .ARM.attributes
                0x0000054f       0x2e d:/7.0/toolchain/arm/arm-gnu-toolchain/bin/../lib/gcc/arm-none-eabi/6.3.1/../../../../arm-none-eabi/lib/thumb/v7e-m\libc.a(lib_a-fini.o)
 .ARM.attributes
                0x0000057d       0x2e d:/7.0/toolchain/arm/arm-gnu-toolchain/bin/../lib/gcc/arm-none-eabi/6.3.1/../../../../arm-none-eabi/lib/thumb/v7e-m\libc.a(lib_a-localeconv.o)
 .ARM.attributes
                0x000005ab       0x2e d:/7.0/toolchain/arm/arm-gnu-toolchain/bin/../lib/gcc/arm-none-eabi/6.3.1/../../../../arm-none-eabi/lib/thumb/v7e-m\libc.a(lib_a-lock.o)
 .ARM.attributes
                0x000005d9       0x2e d:/7.0/toolchain/arm/arm-gnu-toolchain/bin/../lib/gcc/arm-none-eabi/6.3.1/../../../../arm-none-eabi/lib/thumb/v7e-m\libc.a(lib_a-mallocr.o)
 .ARM.attributes
                0x00000607       0x1c d:/7.0/toolchain/arm/arm-gnu-toolchain/bin/../lib/gcc/arm-none-eabi/6.3.1/../../../../arm-none-eabi/lib/thumb/v7e-m\libc.a(lib_a-memchr.o)
 .ARM.attributes
                0x00000623       0x1c d:/7.0/toolchain/arm/arm-gnu-toolchain/bin/../lib/gcc/arm-none-eabi/6.3.1/../../../../arm-none-eabi/lib/thumb/v7e-m\libc.a(lib_a-memcpy.o)
 .ARM.attributes
                0x0000063f       0x2e d:/7.0/toolchain/arm/arm-gnu-toolchain/bin/../lib/gcc/arm-none-eabi/6.3.1/../../../../arm-none-eabi/lib/thumb/v7e-m\libc.a(lib_a-mlock.o)
 .ARM.attributes
                0x0000066d       0x2e d:/7.0/toolchain/arm/arm-gnu-toolchain/bin/../lib/gcc/arm-none-eabi/6.3.1/../../../../arm-none-eabi/lib/thumb/v7e-m\libc.a(lib_a-mprec.o)
 .ARM.attributes
                0x0000069b       0x2e d:/7.0/toolchain/arm/arm-gnu-toolchain/bin/../lib/gcc/arm-none-eabi/6.3.1/../../../../arm-none-eabi/lib/thumb/v7e-m\libc.a(lib_a-sbrkr.o)
 .ARM.attributes
                0x000006c9       0x1c d:/7.0/toolchain/arm/arm-gnu-toolchain/bin/../lib/gcc/arm-none-eabi/6.3.1/../../../../arm-none-eabi/lib/thumb/v7e-m\libc.a(lib_a-strlen.o)
 .ARM.attributes
                0x000006e5       0x2e d:/7.0/toolchain/arm/arm-gnu-toolchain/bin/../lib/gcc/arm-none-eabi/6.3.1/../../../../arm-none-eabi/lib/thumb/v7e-m\libc.a(lib_a-svfiprintf.o)
 .ARM.attributes
                0x00000713       0x2e d:/7.0/toolchain/arm/arm-gnu-toolchain/bin/../lib/gcc/arm-none-eabi/6.3.1/../../../../arm-none-eabi/lib/thumb/v7e-m\libc.a(lib_a-__atexit.o)
 .ARM.attributes
                0x00000741       0x2e d:/7.0/toolchain/arm/arm-gnu-toolchain/bin/../lib/gcc/arm-none-eabi/6.3.1/../../../../arm-none-eabi/lib/thumb/v7e-m\libc.a(lib_a-callocr.o)
 .ARM.attributes
                0x0000076f       0x2e d:/7.0/toolchain/arm/arm-gnu-toolchain/bin/../lib/gcc/arm-none-eabi/6.3.1/../../../../arm-none-eabi/lib/thumb/v7e-m\libc.a(lib_a-freer.o)
 .ARM.attributes
                0x0000079d       0x2e d:/7.0/toolchain/arm/arm-gnu-toolchain/bin/../lib/gcc/arm-none-eabi/6.3.1/../../../../arm-none-eabi/lib/thumb/v7e-m\libc.a(lib_a-locale.o)
 .ARM.attributes
                0x000007cb       0x2e d:/7.0/toolchain/arm/arm-gnu-toolchain/bin/../lib/gcc/arm-none-eabi/6.3.1/../../../../arm-none-eabi/lib/thumb/v7e-m\libc.a(lib_a-mbtowc_r.o)
 .ARM.attributes
                0x000007f9       0x2e d:/7.0/toolchain/arm/arm-gnu-toolchain/bin/../lib/gcc/arm-none-eabi/6.3.1/../../../../arm-none-eabi/lib/thumb/v7e-m\libc.a(lib_a-memmove.o)
 .ARM.attributes
                0x00000827       0x2e d:/7.0/toolchain/arm/arm-gnu-toolchain/bin/../lib/gcc/arm-none-eabi/6.3.1/../../../../arm-none-eabi/lib/thumb/v7e-m\libc.a(lib_a-reallocr.o)
 .ARM.attributes
                0x00000855       0x2e d:/7.0/toolchain/arm/arm-gnu-toolchain/bin/../lib/gcc/arm-none-eabi/6.3.1/../../../../arm-none-eabi/lib/thumb/v7e-m\libc.a(lib_a-reent.o)
 .ARM.attributes
                0x00000883       0x2e d:/7.0/toolchain/arm/arm-gnu-toolchain/bin/../lib/gcc/arm-none-eabi/6.3.1/../../../../arm-none-eabi/lib/thumb/v7e-m\libc.a(lib_a-wctomb_r.o)
 .ARM.attributes
                0x000008b1       0x2e d:/7.0/toolchain/arm/arm-gnu-toolchain/bin/../lib/gcc/arm-none-eabi/6.3.1/../../../../arm-none-eabi/lib/thumb/v7e-m\libc.a(lib_a-ctype_.o)
 .ARM.attributes
                0x000008df       0x1e d:/7.0/toolchain/arm/arm-gnu-toolchain/bin/../lib/gcc/arm-none-eabi/6.3.1/thumb/v7e-m\libgcc.a(_arm_cmpdf2.o)
 .ARM.attributes
                0x000008fd       0x1e d:/7.0/toolchain/arm/arm-gnu-toolchain/bin/../lib/gcc/arm-none-eabi/6.3.1/thumb/v7e-m\libgcc.a(_arm_unorddf2.o)
 .ARM.attributes
                0x0000091b       0x1e d:/7.0/toolchain/arm/arm-gnu-toolchain/bin/../lib/gcc/arm-none-eabi/6.3.1/thumb/v7e-m\libgcc.a(_aeabi_uldivmod.o)
 .ARM.attributes
                0x00000939       0x2e d:/7.0/toolchain/arm/arm-gnu-toolchain/bin/../lib/gcc/arm-none-eabi/6.3.1/thumb/v7e-m\libgcc.a(_udivmoddi4.o)
 .ARM.attributes
                0x00000967       0x1e d:/7.0/toolchain/arm/arm-gnu-toolchain/bin/../lib/gcc/arm-none-eabi/6.3.1/thumb/v7e-m\libgcc.a(_dvmd_tls.o)
 .ARM.attributes
                0x00000985       0x1e d:/7.0/toolchain/arm/arm-gnu-toolchain/bin/../lib/gcc/arm-none-eabi/6.3.1/thumb/v7e-m/crtn.o

.comment        0x00000000       0x59
 .comment       0x00000000       0x59 src/ASF/sam/drivers/rtt/rtt.o
                                 0x5a (size before relaxing)
 .comment       0x00000059       0x5a src/main.o
 .comment       0x00000059       0x5a src/ASF/common/services/spi/sam_spi/spi_master.o
 .comment       0x00000059       0x5a src/ASF/sam/components/display/ili9488/ili9488.o
 .comment       0x00000059       0x5a src/ASF/sam/drivers/spi/spi.o
 .comment       0x00000059       0x5a src/ASF/common/services/clock/same70/sysclk.o
 .comment       0x00000059       0x5a src/ASF/common/utils/interrupt/interrupt_sam_nvic.o
 .comment       0x00000059       0x5a src/ASF/sam/boards/same70_xplained/init.o
 .comment       0x00000059       0x5a src/ASF/sam/drivers/pio/pio.o
 .comment       0x00000059       0x5a src/ASF/sam/drivers/pio/pio_handler.o
 .comment       0x00000059       0x5a src/ASF/sam/drivers/pmc/pmc.o
 .comment       0x00000059       0x5a src/ASF/sam/drivers/pmc/sleep.o
 .comment       0x00000059       0x5a src/ASF/sam/utils/cmsis/same70/source/templates/gcc/startup_same70.o
 .comment       0x00000059       0x5a src/ASF/sam/utils/cmsis/same70/source/templates/system_same70.o
 .comment       0x00000059       0x5a src/ASF/sam/utils/syscalls/gcc/syscalls.o

.debug_info     0x00000000    0x15abc
 .debug_info    0x00000000      0xcaf src/ASF/sam/drivers/rtt/rtt.o
 .debug_info    0x00000caf     0x3397 src/main.o
 .debug_info    0x00004046     0x143e src/ASF/common/services/spi/sam_spi/spi_master.o
 .debug_info    0x00005484     0x208c src/ASF/sam/components/display/ili9488/ili9488.o
 .debug_info    0x00007510     0x1123 src/ASF/sam/drivers/spi/spi.o
 .debug_info    0x00008633     0x1311 src/ASF/common/services/clock/same70/sysclk.o
 .debug_info    0x00009944      0xb06 src/ASF/common/utils/interrupt/interrupt_sam_nvic.o
 .debug_info    0x0000a44a     0x1fcd src/ASF/sam/boards/same70_xplained/init.o
 .debug_info    0x0000c417     0x1ce3 src/ASF/sam/drivers/pio/pio.o
 .debug_info    0x0000e0fa     0x1a74 src/ASF/sam/drivers/pio/pio_handler.o
 .debug_info    0x0000fb6e     0x1eed src/ASF/sam/drivers/pmc/pmc.o
 .debug_info    0x00011a5b     0x16bf src/ASF/sam/drivers/pmc/sleep.o
 .debug_info    0x0001311a     0x1612 src/ASF/sam/utils/cmsis/same70/source/templates/gcc/startup_same70.o
 .debug_info    0x0001472c      0x5d4 src/ASF/sam/utils/cmsis/same70/source/templates/system_same70.o
 .debug_info    0x00014d00      0xdbc src/ASF/sam/utils/syscalls/gcc/syscalls.o

.debug_abbrev   0x00000000     0x27bf
 .debug_abbrev  0x00000000      0x203 src/ASF/sam/drivers/rtt/rtt.o
 .debug_abbrev  0x00000203      0x372 src/main.o
 .debug_abbrev  0x00000575      0x305 src/ASF/common/services/spi/sam_spi/spi_master.o
 .debug_abbrev  0x0000087a      0x2f4 src/ASF/sam/components/display/ili9488/ili9488.o
 .debug_abbrev  0x00000b6e      0x2cf src/ASF/sam/drivers/spi/spi.o
 .debug_abbrev  0x00000e3d      0x296 src/ASF/common/services/clock/same70/sysclk.o
 .debug_abbrev  0x000010d3      0x214 src/ASF/common/utils/interrupt/interrupt_sam_nvic.o
 .debug_abbrev  0x000012e7      0x3b8 src/ASF/sam/boards/same70_xplained/init.o
 .debug_abbrev  0x0000169f      0x296 src/ASF/sam/drivers/pio/pio.o
 .debug_abbrev  0x00001935      0x2c9 src/ASF/sam/drivers/pio/pio_handler.o
 .debug_abbrev  0x00001bfe      0x2ce src/ASF/sam/drivers/pmc/pmc.o
 .debug_abbrev  0x00001ecc      0x2df src/ASF/sam/drivers/pmc/sleep.o
 .debug_abbrev  0x000021ab      0x2e8 src/ASF/sam/utils/cmsis/same70/source/templates/gcc/startup_same70.o
 .debug_abbrev  0x00002493      0x102 src/ASF/sam/utils/cmsis/same70/source/templates/system_same70.o
 .debug_abbrev  0x00002595      0x22a src/ASF/sam/utils/syscalls/gcc/syscalls.o

.debug_loc      0x00000000     0x5ccc
 .debug_loc     0x00000000      0x330 src/ASF/sam/drivers/rtt/rtt.o
 .debug_loc     0x00000330      0x3aa src/main.o
 .debug_loc     0x000006da      0x830 src/ASF/common/services/spi/sam_spi/spi_master.o
 .debug_loc     0x00000f0a      0xd20 src/ASF/sam/components/display/ili9488/ili9488.o
 .debug_loc     0x00001c2a      0x630 src/ASF/sam/drivers/spi/spi.o
 .debug_loc     0x0000225a      0x4a0 src/ASF/common/services/clock/same70/sysclk.o
 .debug_loc     0x000026fa       0xa0 src/ASF/common/utils/interrupt/interrupt_sam_nvic.o
 .debug_loc     0x0000279a      0x2b8 src/ASF/sam/boards/same70_xplained/init.o
 .debug_loc     0x00002a52     0x1174 src/ASF/sam/drivers/pio/pio.o
 .debug_loc     0x00003bc6      0x38c src/ASF/sam/drivers/pio/pio_handler.o
 .debug_loc     0x00003f52     0x1744 src/ASF/sam/drivers/pmc/pmc.o
 .debug_loc     0x00005696       0xe6 src/ASF/sam/drivers/pmc/sleep.o
 .debug_loc     0x0000577c      0x16c src/ASF/sam/utils/cmsis/same70/source/templates/gcc/startup_same70.o
 .debug_loc     0x000058e8       0xe4 src/ASF/sam/utils/cmsis/same70/source/templates/system_same70.o
 .debug_loc     0x000059cc      0x300 src/ASF/sam/utils/syscalls/gcc/syscalls.o

.debug_aranges  0x00000000      0xa60
 .debug_aranges
                0x00000000       0x60 src/ASF/sam/drivers/rtt/rtt.o
 .debug_aranges
                0x00000060       0x78 src/main.o
 .debug_aranges
                0x000000d8       0xe0 src/ASF/common/services/spi/sam_spi/spi_master.o
 .debug_aranges
                0x000001b8      0x168 src/ASF/sam/components/display/ili9488/ili9488.o
 .debug_aranges
                0x00000320       0xa8 src/ASF/sam/drivers/spi/spi.o
 .debug_aranges
                0x000003c8       0x98 src/ASF/common/services/clock/same70/sysclk.o
 .debug_aranges
                0x00000460       0x28 src/ASF/common/utils/interrupt/interrupt_sam_nvic.o
 .debug_aranges
                0x00000488       0x60 src/ASF/sam/boards/same70_xplained/init.o
 .debug_aranges
                0x000004e8      0x1a8 src/ASF/sam/drivers/pio/pio.o
 .debug_aranges
                0x00000690       0x80 src/ASF/sam/drivers/pio/pio_handler.o
 .debug_aranges
                0x00000710      0x250 src/ASF/sam/drivers/pmc/pmc.o
 .debug_aranges
                0x00000960       0x30 src/ASF/sam/drivers/pmc/sleep.o
 .debug_aranges
                0x00000990       0x40 src/ASF/sam/utils/cmsis/same70/source/templates/gcc/startup_same70.o
 .debug_aranges
                0x000009d0       0x30 src/ASF/sam/utils/cmsis/same70/source/templates/system_same70.o
 .debug_aranges
                0x00000a00       0x60 src/ASF/sam/utils/syscalls/gcc/syscalls.o

.debug_ranges   0x00000000      0x9e8
 .debug_ranges  0x00000000       0x50 src/ASF/sam/drivers/rtt/rtt.o
 .debug_ranges  0x00000050       0x68 src/main.o
 .debug_ranges  0x000000b8       0xd0 src/ASF/common/services/spi/sam_spi/spi_master.o
 .debug_ranges  0x00000188      0x158 src/ASF/sam/components/display/ili9488/ili9488.o
 .debug_ranges  0x000002e0       0x98 src/ASF/sam/drivers/spi/spi.o
 .debug_ranges  0x00000378       0x88 src/ASF/common/services/clock/same70/sysclk.o
 .debug_ranges  0x00000400       0x18 src/ASF/common/utils/interrupt/interrupt_sam_nvic.o
 .debug_ranges  0x00000418       0xc8 src/ASF/sam/boards/same70_xplained/init.o
 .debug_ranges  0x000004e0      0x198 src/ASF/sam/drivers/pio/pio.o
 .debug_ranges  0x00000678       0x70 src/ASF/sam/drivers/pio/pio_handler.o
 .debug_ranges  0x000006e8      0x240 src/ASF/sam/drivers/pmc/pmc.o
 .debug_ranges  0x00000928       0x20 src/ASF/sam/drivers/pmc/sleep.o
 .debug_ranges  0x00000948       0x30 src/ASF/sam/utils/cmsis/same70/source/templates/gcc/startup_same70.o
 .debug_ranges  0x00000978       0x20 src/ASF/sam/utils/cmsis/same70/source/templates/system_same70.o
 .debug_ranges  0x00000998       0x50 src/ASF/sam/utils/syscalls/gcc/syscalls.o

.debug_macro    0x00000000     0x8067
 .debug_macro   0x00000000      0x681 src/ASF/sam/drivers/rtt/rtt.o
 .debug_macro   0x00000681      0x87b src/main.o
 .debug_macro   0x00000efc       0x3a src/main.o
 .debug_macro   0x00000f36      0x2c3 src/main.o
 .debug_macro   0x000011f9      0xa91 src/main.o
 .debug_macro   0x00001c8a       0x70 src/main.o
 .debug_macro   0x00001cfa       0x64 src/main.o
 .debug_macro   0x00001d5e       0x5f src/main.o
 .debug_macro   0x00001dbd       0xac src/main.o
 .debug_macro   0x00001e69       0x28 src/main.o
 .debug_macro   0x00001e91       0x22 src/main.o
 .debug_macro   0x00001eb3       0x16 src/main.o
 .debug_macro   0x00001ec9      0x41e src/main.o
 .debug_macro   0x000022e7       0x94 src/main.o
 .debug_macro   0x0000237b       0x40 src/main.o
 .debug_macro   0x000023bb       0x88 src/main.o
 .debug_macro   0x00002443      0x1c8 src/main.o
 .debug_macro   0x0000260b       0x34 src/main.o
 .debug_macro   0x0000263f       0x16 src/main.o
 .debug_macro   0x00002655       0x1c src/main.o
 .debug_macro   0x00002671       0x16 src/main.o
 .debug_macro   0x00002687       0x28 src/main.o
 .debug_macro   0x000026af       0x2e src/main.o
 .debug_macro   0x000026dd      0x733 src/ASF/common/services/spi/sam_spi/spi_master.o
 .debug_macro   0x00002e10      0x772 src/ASF/sam/components/display/ili9488/ili9488.o
 .debug_macro   0x00003582       0x16 src/ASF/sam/components/display/ili9488/ili9488.o
 .debug_macro   0x00003598      0x6fb src/ASF/sam/drivers/spi/spi.o
 .debug_macro   0x00003c93       0x10 src/ASF/sam/drivers/spi/spi.o
 .debug_macro   0x00003ca3      0x6f2 src/ASF/common/services/clock/same70/sysclk.o
 .debug_macro   0x00004395      0x2bd src/ASF/common/services/clock/same70/sysclk.o
 .debug_macro   0x00004652      0x676 src/ASF/common/utils/interrupt/interrupt_sam_nvic.o
 .debug_macro   0x00004cc8      0x72e src/ASF/sam/boards/same70_xplained/init.o
 .debug_macro   0x000053f6       0x5e src/ASF/sam/boards/same70_xplained/init.o
 .debug_macro   0x00005454       0x82 src/ASF/sam/boards/same70_xplained/init.o
 .debug_macro   0x000054d6      0x68c src/ASF/sam/drivers/pio/pio.o
 .debug_macro   0x00005b62       0x8e src/ASF/sam/drivers/pio/pio.o
 .debug_macro   0x00005bf0      0x697 src/ASF/sam/drivers/pio/pio_handler.o
 .debug_macro   0x00006287      0x68c src/ASF/sam/drivers/pmc/pmc.o
 .debug_macro   0x00006913       0x6a src/ASF/sam/drivers/pmc/pmc.o
 .debug_macro   0x0000697d      0x6a6 src/ASF/sam/drivers/pmc/sleep.o
 .debug_macro   0x00007023      0x685 src/ASF/sam/utils/cmsis/same70/source/templates/gcc/startup_same70.o
 .debug_macro   0x000076a8       0x10 src/ASF/sam/utils/cmsis/same70/source/templates/gcc/startup_same70.o
 .debug_macro   0x000076b8      0x473 src/ASF/sam/utils/cmsis/same70/source/templates/system_same70.o
 .debug_macro   0x00007b2b      0x1d6 src/ASF/sam/utils/syscalls/gcc/syscalls.o
 .debug_macro   0x00007d01       0x97 src/ASF/sam/utils/syscalls/gcc/syscalls.o
 .debug_macro   0x00007d98       0xf6 src/ASF/sam/utils/syscalls/gcc/syscalls.o
 .debug_macro   0x00007e8e       0x4c src/ASF/sam/utils/syscalls/gcc/syscalls.o
 .debug_macro   0x00007eda       0x16 src/ASF/sam/utils/syscalls/gcc/syscalls.o
 .debug_macro   0x00007ef0       0x10 src/ASF/sam/utils/syscalls/gcc/syscalls.o
 .debug_macro   0x00007f00       0x10 src/ASF/sam/utils/syscalls/gcc/syscalls.o
 .debug_macro   0x00007f10       0x35 src/ASF/sam/utils/syscalls/gcc/syscalls.o
 .debug_macro   0x00007f45      0x122 src/ASF/sam/utils/syscalls/gcc/syscalls.o

.debug_line     0x00000000     0xb041
 .debug_line    0x00000000      0xa19 src/ASF/sam/drivers/rtt/rtt.o
 .debug_line    0x00000a19      0xf0a src/main.o
 .debug_line    0x00001923      0xd53 src/ASF/common/services/spi/sam_spi/spi_master.o
 .debug_line    0x00002676     0x1192 src/ASF/sam/components/display/ili9488/ili9488.o
 .debug_line    0x00003808      0xc3a src/ASF/sam/drivers/spi/spi.o
 .debug_line    0x00004442      0xc05 src/ASF/common/services/clock/same70/sysclk.o
 .debug_line    0x00005047      0x9a6 src/ASF/common/utils/interrupt/interrupt_sam_nvic.o
 .debug_line    0x000059ed      0xcb2 src/ASF/sam/boards/same70_xplained/init.o
 .debug_line    0x0000669f      0xdb5 src/ASF/sam/drivers/pio/pio.o
 .debug_line    0x00007454      0xab6 src/ASF/sam/drivers/pio/pio_handler.o
 .debug_line    0x00007f0a     0x1092 src/ASF/sam/drivers/pmc/pmc.o
 .debug_line    0x00008f9c      0xaf7 src/ASF/sam/drivers/pmc/sleep.o
 .debug_line    0x00009a93      0xa5e src/ASF/sam/utils/cmsis/same70/source/templates/gcc/startup_same70.o
 .debug_line    0x0000a4f1      0x7bd src/ASF/sam/utils/cmsis/same70/source/templates/system_same70.o
 .debug_line    0x0000acae      0x393 src/ASF/sam/utils/syscalls/gcc/syscalls.o

.debug_str      0x00000000    0x944c8
 .debug_str     0x00000000    0x87f0e src/ASF/sam/drivers/rtt/rtt.o
                              0x885fd (size before relaxing)
 .debug_str     0x00087f0e     0x8cc8 src/main.o
                              0x91c1d (size before relaxing)
 .debug_str     0x00090bd6      0x63f src/ASF/common/services/spi/sam_spi/spi_master.o
                              0x8cf33 (size before relaxing)
 .debug_str     0x00091215      0x6e4 src/ASF/sam/components/display/ili9488/ili9488.o
                              0x8eb0b (size before relaxing)
 .debug_str     0x000918f9      0x20e src/ASF/sam/drivers/spi/spi.o
                              0x8cb40 (size before relaxing)
 .debug_str     0x00091b07      0x484 src/ASF/common/services/clock/same70/sysclk.o
                              0x8cc3b (size before relaxing)
 .debug_str     0x00091f8b       0x94 src/ASF/common/utils/interrupt/interrupt_sam_nvic.o
                              0x88548 (size before relaxing)
 .debug_str     0x0009201f      0x760 src/ASF/sam/boards/same70_xplained/init.o
                              0x8d94e (size before relaxing)
 .debug_str     0x0009277f      0x513 src/ASF/sam/drivers/pio/pio.o
                              0x890aa (size before relaxing)
 .debug_str     0x00092c92       0xf1 src/ASF/sam/drivers/pio/pio_handler.o
                              0x89271 (size before relaxing)
 .debug_str     0x00092d83      0x638 src/ASF/sam/drivers/pmc/pmc.o
                              0x89239 (size before relaxing)
 .debug_str     0x000933bb      0x15b src/ASF/sam/drivers/pmc/sleep.o