Archive member included to satisfy reference by file (symbol)

d:/7.0/toolchain/arm/arm-gnu-toolchain/bin/../lib/gcc/arm-none-eabi/6.3.1/thumb/v7e-m\libgcc.a(_arm_addsubdf3.o)
                              src/main.o (__aeabi_i2d)
d:/7.0/toolchain/arm/arm-gnu-toolchain/bin/../lib/gcc/arm-none-eabi/6.3.1/thumb/v7e-m\libgcc.a(_arm_muldivdf3.o)
                              src/main.o (__aeabi_dmul)
d:/7.0/toolchain/arm/arm-gnu-toolchain/bin/../lib/gcc/arm-none-eabi/6.3.1/thumb/v7e-m\libgcc.a(_arm_fixdfsi.o)
                              src/main.o (__aeabi_d2iz)
d:/7.0/toolchain/arm/arm-gnu-toolchain/bin/../lib/gcc/arm-none-eabi/6.3.1/../../../../arm-none-eabi/lib/thumb/v7e-m\libc.a(lib_a-exit.o)
                              d:/7.0/toolchain/arm/arm-gnu-toolchain/bin/../lib/gcc/arm-none-eabi/6.3.1/../../../../arm-none-eabi/lib/thumb/v7e-m/crt0.o (exit)
d:/7.0/toolchain/arm/arm-gnu-toolchain/bin/../lib/gcc/arm-none-eabi/6.3.1/../../../../arm-none-eabi/lib/thumb/v7e-m\libc.a(lib_a-impure.o)
                              d:/7.0/toolchain/arm/arm-gnu-toolchain/bin/../lib/gcc/arm-none-eabi/6.3.1/../../../../arm-none-eabi/lib/thumb/v7e-m\libc.a(lib_a-exit.o) (_global_impure_ptr)
d:/7.0/toolchain/arm/arm-gnu-toolchain/bin/../lib/gcc/arm-none-eabi/6.3.1/../../../../arm-none-eabi/lib/thumb/v7e-m\libc.a(lib_a-init.o)
                              d:/7.0/toolchain/arm/arm-gnu-toolchain/bin/../lib/gcc/arm-none-eabi/6.3.1/../../../../arm-none-eabi/lib/thumb/v7e-m/crt0.o (__libc_init_array)
d:/7.0/toolchain/arm/arm-gnu-toolchain/bin/../lib/gcc/arm-none-eabi/6.3.1/../../../../arm-none-eabi/lib/thumb/v7e-m\libc.a(lib_a-memset.o)
                              d:/7.0/toolchain/arm/arm-gnu-toolchain/bin/../lib/gcc/arm-none-eabi/6.3.1/../../../../arm-none-eabi/lib/thumb/v7e-m/crt0.o (memset)
d:/7.0/toolchain/arm/arm-gnu-toolchain/bin/../lib/gcc/arm-none-eabi/6.3.1/../../../../arm-none-eabi/lib/thumb/v7e-m\libc.a(lib_a-sprintf.o)
                              src/main.o (sprintf)
d:/7.0/toolchain/arm/arm-gnu-toolchain/bin/../lib/gcc/arm-none-eabi/6.3.1/../../../../arm-none-eabi/lib/thumb/v7e-m\libc.a(lib_a-svfprintf.o)
                              d:/7.0/toolchain/arm/arm-gnu-toolchain/bin/../lib/gcc/arm-none-eabi/6.3.1/../../../../arm-none-eabi/lib/thumb/v7e-m\libc.a(lib_a-sprintf.o) (_svfprintf_r)
d:/7.0/toolchain/arm/arm-gnu-toolchain/bin/../lib/gcc/arm-none-eabi/6.3.1/../../../../arm-none-eabi/lib/thumb/v7e-m\libc.a(lib_a-__call_atexit.o)
                              d:/7.0/toolchain/arm/arm-gnu-toolchain/bin/../lib/gcc/arm-none-eabi/6.3.1/../../../../arm-none-eabi/lib/thumb/v7e-m\libc.a(lib_a-exit.o) (__call_exitprocs)
d:/7.0/toolchain/arm/arm-gnu-toolchain/bin/../lib/gcc/arm-none-eabi/6.3.1/../../../../arm-none-eabi/lib/thumb/v7e-m\libc.a(lib_a-atexit.o)
                              d:/7.0/toolchain/arm/arm-gnu-toolchain/bin/../lib/gcc/arm-none-eabi/6.3.1/../../../../arm-none-eabi/lib/thumb/v7e-m\libc.a(lib_a-__call_atexit.o) (atexit)
d:/7.0/toolchain/arm/arm-gnu-toolchain/bin/../lib/gcc/arm-none-eabi/6.3.1/../../../../arm-none-eabi/lib/thumb/v7e-m\libc.a(lib_a-dtoa.o)
                              d:/7.0/toolchain/arm/arm-gnu-toolchain/bin/../lib/gcc/arm-none-eabi/6.3.1/../../../../arm-none-eabi/lib/thumb/v7e-m\libc.a(lib_a-svfprintf.o) (_dtoa_r)
d:/7.0/toolchain/arm/arm-gnu-toolchain/bin/../lib/gcc/arm-none-eabi/6.3.1/../../../../arm-none-eabi/lib/thumb/v7e-m\libc.a(lib_a-fini.o)
                              d:/7.0/toolchain/arm/arm-gnu-toolchain/bin/../lib/gcc/arm-none-eabi/6.3.1/../../../../arm-none-eabi/lib/thumb/v7e-m\libc.a(lib_a-__call_atexit.o) (__libc_fini_array)
d:/7.0/toolchain/arm/arm-gnu-toolchain/bin/../lib/gcc/arm-none-eabi/6.3.1/../../../../arm-none-eabi/lib/thumb/v7e-m\libc.a(lib_a-localeconv.o)
                              d:/7.0/toolchain/arm/arm-gnu-toolchain/bin/../lib/gcc/arm-none-eabi/6.3.1/../../../../arm-none-eabi/lib/thumb/v7e-m\libc.a(lib_a-svfprintf.o) (_localeconv_r)
d:/7.0/toolchain/arm/arm-gnu-toolchain/bin/../lib/gcc/arm-none-eabi/6.3.1/../../../../arm-none-eabi/lib/thumb/v7e-m\libc.a(lib_a-lock.o)
                              d:/7.0/toolchain/arm/arm-gnu-toolchain/bin/../lib/gcc/arm-none-eabi/6.3.1/../../../../arm-none-eabi/lib/thumb/v7e-m\libc.a(lib_a-__call_atexit.o) (__retarget_lock_acquire_recursive)
d:/7.0/toolchain/arm/arm-gnu-toolchain/bin/../lib/gcc/arm-none-eabi/6.3.1/../../../../arm-none-eabi/lib/thumb/v7e-m\libc.a(lib_a-mallocr.o)
                              d:/7.0/toolchain/arm/arm-gnu-toolchain/bin/../lib/gcc/arm-none-eabi/6.3.1/../../../../arm-none-eabi/lib/thumb/v7e-m\libc.a(lib_a-svfprintf.o) (_malloc_r)
d:/7.0/toolchain/arm/arm-gnu-toolchain/bin/../lib/gcc/arm-none-eabi/6.3.1/../../../../arm-none-eabi/lib/thumb/v7e-m\libc.a(lib_a-memchr.o)
                              d:/7.0/toolchain/arm/arm-gnu-toolchain/bin/../lib/gcc/arm-none-eabi/6.3.1/../../../../arm-none-eabi/lib/thumb/v7e-m\libc.a(lib_a-svfprintf.o) (memchr)
[...]
Memory Configuration

Name             Origin             Length             Attributes
rom              0x00400000         0x00200000         xr
ram              0x20400000         0x00060000         xrw
*default*        0x00000000         0xffffffff

Linker script and memory map

LOAD d:/7.0/toolchain/arm/arm-gnu-toolchain/bin/../lib/gcc/arm-none-eabi/6.3.1/thumb/v7e-m/crti.o
LOAD d:/7.0/toolchain/arm/arm-gnu-toolchain/bin/../lib/gcc/arm-none-eabi/6.3.1/thumb/v7e-m/crtbegin.o
LOAD d:/7.0/toolchain/arm/arm-gnu-toolchain/bin/../lib/gcc/arm-none-eabi/6.3.1/../../../../arm-none-eabi/lib/thumb/v7e-m/crt0.o
LOAD src/main.o
LOAD src/ASF/common/services/delay/sam/cycle_counter.o
LOAD src/ASF/common/services/spi/sam_spi/spi_master.o
LOAD src/ASF/sam/components/display/ili9488/ili9488.o
LOAD src/ASF/sam/drivers/spi/spi.o
LOAD src/ASF/common/services/clock/same70/sysclk.o
LOAD src/ASF/common/utils/interrupt/interrupt_sam_nvic.o
LOAD src/ASF/sam/boards/same70_xplained/init.o
LOAD src/ASF/sam/drivers/mpu/mpu.o
LOAD src/ASF/sam/drivers/pio/pio.o
LOAD src/ASF/sam/drivers/pio/pio_handler.o
LOAD src/ASF/sam/drivers/pmc/pmc.o
LOAD src/ASF/sam/drivers/pmc/sleep.o
LOAD src/ASF/sam/utils/cmsis/same70/source/templates/gcc/startup_same70.o
LOAD src/ASF/sam/utils/cmsis/same70/source/templates/system_same70.o
LOAD src/ASF/sam/utils/syscalls/gcc/syscalls.o
START GROUP
LOAD ../src/ASF/thirdparty/CMSIS/Lib/GCC\libarm_cortexM7lfsp_math_softfp.a
LOAD d:/7.0/toolchain/arm/arm-gnu-toolchain/bin/../lib/gcc/arm-none-eabi/6.3.1/../../../../arm-none-eabi/lib/thumb/v7e-m\libm.a
END GROUP
START GROUP
LOAD d:/7.0/toolchain/arm/arm-gnu-toolchain/bin/../lib/gcc/arm-none-eabi/6.3.1/thumb/v7e-m\libgcc.a
LOAD d:/7.0/toolchain/arm/arm-gnu-toolchain/bin/../lib/gcc/arm-none-eabi/6.3.1/../../../../arm-none-eabi/lib/thumb/v7e-m\libc.a
END GROUP
LOAD d:/7.0/toolchain/arm/arm-gnu-toolchain/bin/../lib/gcc/arm-none-eabi/6.3.1/thumb/v7e-m/crtend.o
LOAD d:/7.0/toolchain/arm/arm-gnu-toolchain/bin/../lib/gcc/arm-none-eabi/6.3.1/thumb/v7e-m/crtn.o
                0x00002000                STACK_SIZE = DEFINED (STACK_SIZE)?STACK_SIZE:0x2000
                0x2045fffc                __ram_end__ = ((ORIGIN (ram) + LENGTH (ram)) - 0x4)
                0x00000200                HEAP_SIZE = DEFINED (HEAP_SIZE)?HEAP_SIZE:0x200

.text           0x00400000    0x4f4dc
                0x00400000                . = ALIGN (0x4)
                0x00400000                _sfixed = .
 *(.vectors .vectors.*)
 .vectors       0x00400000      0x168 src/ASF/sam/utils/cmsis/same70/source/templates/gcc/startup_same70.o
                0x00400000                exception_table
 *(.text .text.* .gnu.linkonce.t.*)
 .text          0x00400168       0x6c d:/7.0/toolchain/arm/arm-gnu-toolchain/bin/../lib/gcc/arm-none-eabi/6.3.1/thumb/v7e-m/crtbegin.o
 .text.NVIC_EnableIRQ
                0x004001d4       0x34 src/main.o
 .text.NVIC_SetPriority
                0x00400208       0x54 src/main.o
 .text.butr_callback
                0x0040025c       0x28 src/main.o
                0x0040025c                butr_callback
 .text.io_init  0x00400284       0x78 src/main.o
                0x00400284                io_init
 .text.configure_lcd
                0x004002fc       0x4c src/main.o
                0x004002fc                configure_lcd
 .text.font_draw_text
                0x00400348       0x88 src/main.o
                0x00400348                font_draw_text
 .text.main     0x004003d0       0xe8 src/main.o
                0x004003d0                main
 .text.osc_get_rate
                0x004004b8       0x74 src/ASF/common/services/spi/sam_spi/spi_master.o
 .text.sysclk_get_main_hz
                0x0040052c       0x20 src/ASF/common/services/spi/sam_spi/spi_master.o
 .text.sysclk_get_peripheral_hz
                0x0040054c       0x14 src/ASF/common/services/spi/sam_spi/spi_master.o
 .text.spi_reset
                0x00400560       0x1a src/ASF/common/services/spi/sam_spi/spi_master.o
 .text.spi_set_master_mode
                0x0040057a       0x20 src/ASF/common/services/spi/sam_spi/spi_master.o
 .text.spi_set_fixed_peripheral_select
                0x0040059a       0x20 src/ASF/common/services/spi/sam_spi/spi_master.o
 .text.spi_disable_peripheral_select_decode
                0x004005ba       0x20 src/ASF/common/services/spi/sam_spi/spi_master.o
 .text.spi_get_peripheral_select_decode_setting
                0x004005da       0x26 src/ASF/common/services/spi/sam_spi/spi_master.o
 .text.spi_disable_mode_fault_detect
                0x00400600       0x20 src/ASF/common/services/spi/sam_spi/spi_master.o
 .text.spi_disable_loopback
                0x00400620       0x20 src/ASF/common/services/spi/sam_spi/spi_master.o
 .text.spi_put  0x00400640       0x1e src/ASF/common/services/spi/sam_spi/spi_master.o
 .text.spi_get  0x0040065e       0x1a src/ASF/common/services/spi/sam_spi/spi_master.o
 .text.spi_is_tx_ready
                0x00400678       0x26 src/ASF/common/services/spi/sam_spi/spi_master.o
 .text.spi_is_rx_ready
                0x0040069e       0x2c src/ASF/common/services/spi/sam_spi/spi_master.o
 *fill*         0x004006ca        0x2 
 .text.spi_write_single
                0x004006cc       0x24 src/ASF/common/services/spi/sam_spi/spi_master.o
 .text.spi_read_single
                0x004006f0       0x24 src/ASF/common/services/spi/sam_spi/spi_master.o
 .text.spi_master_init
                0x00400714       0x70 src/ASF/common/services/spi/sam_spi/spi_master.o
                0x00400714                spi_master_init
 .text.spi_master_setup_device
                0x00400784       0xb4 src/ASF/common/services/spi/sam_spi/spi_master.o
                0x00400784                spi_master_setup_device
 .text.spi_select_device
                0x00400838       0x58 src/ASF/common/services/spi/sam_spi/spi_master.o
                0x00400838                spi_select_device
 .text.spi_write_packet
                0x00400890       0x74 src/ASF/common/services/spi/sam_spi/spi_master.o
                0x00400890                spi_write_packet
 .text.spi_read_packet
                0x00400904       0xac src/ASF/common/services/spi/sam_spi/spi_master.o
                0x00400904                spi_read_packet
 .text.spi_enable
                0x004009b0       0x1a src/ASF/sam/components/display/ili9488/ili9488.o
 .text.spi_enable_interrupt
                0x004009ca       0x1c src/ASF/sam/components/display/ili9488/ili9488.o
 *fill*         0x004009e6        0x2 
 .text.ili9488_write_ram_prepare
                0x004009e8       0x40 src/ASF/sam/components/display/ili9488/ili9488.o
 .text.ili9488_write_ram_buffer
                0x00400a28       0x40 src/ASF/sam/components/display/ili9488/ili9488.o
 .text.ili9488_write_register
                0x00400a68       0x78 src/ASF/sam/components/display/ili9488/ili9488.o
 .text.ili9488_read_chipid
                0x00400ae0       0xcc src/ASF/sam/components/display/ili9488/ili9488.o
 .text.ili9488_delay
                0x00400bac       0x40 src/ASF/sam/components/display/ili9488/ili9488.o
                0x00400bac                ili9488_delay
 .text.ili9488_check_box_coordinates
                0x00400bec       0xa2 src/ASF/sam/components/display/ili9488/ili9488.o
 *fill*         0x00400c8e        0x2 
 .text.ili9488_set_display_direction
                0x00400c90       0x34 src/ASF/sam/components/display/ili9488/ili9488.o
                0x00400c90                ili9488_set_display_direction
 .text.ili9488_set_window
                0x00400cc4       0xc8 src/ASF/sam/components/display/ili9488/ili9488.o
                0x00400cc4                ili9488_set_window
 .text.ili9488_init
                0x00400d8c      0x15c src/ASF/sam/components/display/ili9488/ili9488.o
                0x00400d8c                ili9488_init
 .text.ili9488_display_on
                0x00400ee8       0x18 src/ASF/sam/components/display/ili9488/ili9488.o
                0x00400ee8                ili9488_display_on
 .text.ili9488_set_foreground_color
                0x00400f00       0x54 src/ASF/sam/components/display/ili9488/ili9488.o
                0x00400f00                ili9488_set_foreground_color
 .text.ili9488_set_cursor_position
                0x00400f54       0x84 src/ASF/sam/components/display/ili9488/ili9488.o
                0x00400f54                ili9488_set_cursor_position
 .text.ili9488_draw_filled_rectangle
                0x00400fd8       0xdc src/ASF/sam/components/display/ili9488/ili9488.o
                0x00400fd8                ili9488_draw_filled_rectangle
 .text.ili9488_draw_pixmap
                0x004010b4       0xb4 src/ASF/sam/components/display/ili9488/ili9488.o
                0x004010b4                ili9488_draw_pixmap
 .text.spi_get_peripheral_select_mode
                0x00401168       0x26 src/ASF/sam/drivers/spi/spi.o
 *fill*         0x0040118e        0x2 
 .text.sysclk_enable_peripheral_clock
                0x00401190       0x1c src/ASF/sam/drivers/spi/spi.o
 .text.spi_enable_clock
                0x004011ac       0x3c src/ASF/sam/drivers/spi/spi.o
                0x004011ac                spi_enable_clock
 .text.spi_set_peripheral_chip_select_value
                0x004011e8       0x34 src/ASF/sam/drivers/spi/spi.o
                0x004011e8                spi_set_peripheral_chip_select_value
 .text.spi_set_delay_between_chip_select
                0x0040121c       0x30 src/ASF/sam/drivers/spi/spi.o
                0x0040121c                spi_set_delay_between_chip_select
 .text.spi_write
                0x0040124c       0x80 src/ASF/sam/drivers/spi/spi.o
                0x0040124c                spi_write
 .text.spi_set_clock_polarity
                0x004012cc       0x50 src/ASF/sam/drivers/spi/spi.o
                0x004012cc                spi_set_clock_polarity
 .text.spi_set_clock_phase
                0x0040131c       0x50 src/ASF/sam/drivers/spi/spi.o
                0x0040131c                spi_set_clock_phase
 .text.spi_configure_cs_behavior
                0x0040136c       0xa6 src/ASF/sam/drivers/spi/spi.o
                0x0040136c                spi_configure_cs_behavior
 .text.spi_set_bits_per_transfer
                0x00401412       0x4a src/ASF/sam/drivers/spi/spi.o
                0x00401412                spi_set_bits_per_transfer
 .text.spi_calc_baudrate_div
                0x0040145c       0x3c src/ASF/sam/drivers/spi/spi.o
                0x0040145c                spi_calc_baudrate_div
 .text.spi_set_baudrate_div
                0x00401498       0x5e src/ASF/sam/drivers/spi/spi.o
                0x00401498                spi_set_baudrate_div
 .text.spi_set_transfer_delay
                0x004014f6       0x5e src/ASF/sam/drivers/spi/spi.o
                0x004014f6                spi_set_transfer_delay
 .text.osc_enable
                0x00401554       0x88 src/ASF/common/services/clock/same70/sysclk.o
 .text.osc_is_ready
                0x004015dc       0x70 src/ASF/common/services/clock/same70/sysclk.o
 .text.osc_get_rate
                0x0040164c       0x74 src/ASF/common/services/clock/same70/sysclk.o
 .text.osc_wait_ready
                0x004016c0       0x2c src/ASF/common/services/clock/same70/sysclk.o
 .text.pll_config_init
                0x004016ec       0x6c src/ASF/common/services/clock/same70/sysclk.o
 .text.pll_enable
                0x00401758       0x40 src/ASF/common/services/clock/same70/sysclk.o
 .text.pll_is_locked
                0x00401798       0x2c src/ASF/common/services/clock/same70/sysclk.o
 .text.pll_enable_source
                0x004017c4       0x38 src/ASF/common/services/clock/same70/sysclk.o
 .text.pll_wait_for_lock
                0x004017fc       0x24 src/ASF/common/services/clock/same70/sysclk.o
 .text.sysclk_get_main_hz
                0x00401820       0x20 src/ASF/common/services/clock/same70/sysclk.o
 .text.sysclk_get_cpu_hz
                0x00401840       0x14 src/ASF/common/services/clock/same70/sysclk.o
 .text.sysclk_init
                0x00401854       0x7c src/ASF/common/services/clock/same70/sysclk.o
                0x00401854                sysclk_init
 .text.SCB_EnableICache
                0x004018d0       0x38 src/ASF/sam/boards/same70_xplained/init.o
 .text.SCB_EnableDCache
                0x00401908       0xa4 src/ASF/sam/boards/same70_xplained/init.o
 .text.sysclk_enable_peripheral_clock
                0x004019ac       0x1c src/ASF/sam/boards/same70_xplained/init.o
 .text.ioport_init
                0x004019c8       0x2c src/ASF/sam/boards/same70_xplained/init.o
 .text.ioport_set_pin_mode
                0x004019f4      0x11c src/ASF/sam/boards/same70_xplained/init.o
 .text.ioport_set_pin_dir
                0x00401b10       0x88 src/ASF/sam/boards/same70_xplained/init.o
 .text.ioport_set_pin_level
                0x00401b98       0x6c src/ASF/sam/boards/same70_xplained/init.o
 .text.ioport_set_pin_sense_mode
                0x00401c04       0xd0 src/ASF/sam/boards/same70_xplained/init.o
 .text.tcm_disable
                0x00401cd4       0x44 src/ASF/sam/boards/same70_xplained/init.o
 .text.board_init
                0x00401d18      0x188 src/ASF/sam/boards/same70_xplained/init.o
                0x00401d18                board_init
 .text.pio_pull_up
                0x00401ea0       0x2c src/ASF/sam/drivers/pio/pio.o
                0x00401ea0                pio_pull_up
 .text.pio_set_debounce_filter
                0x00401ecc       0x38 src/ASF/sam/drivers/pio/pio.o
                0x00401ecc                pio_set_debounce_filter
 .text.pio_set  0x00401f04       0x1c src/ASF/sam/drivers/pio/pio.o
                0x00401f04                pio_set
 .text.pio_set_peripheral
                0x00401f20      0x110 src/ASF/sam/drivers/pio/pio.o
                0x00401f20                pio_set_peripheral
 .text.pio_set_input
                0x00402030       0x80 src/ASF/sam/drivers/pio/pio.o
                0x00402030                pio_set_input
 .text.pio_set_output
                0x004020b0       0x64 src/ASF/sam/drivers/pio/pio.o
                0x004020b0                pio_set_output
 .text.pio_configure
                0x00402114       0xcc src/ASF/sam/drivers/pio/pio.o
                0x00402114                pio_configure
 .text.pio_configure_interrupt
                0x004021e0       0x6c src/ASF/sam/drivers/pio/pio.o
                0x004021e0                pio_configure_interrupt
 .text.pio_enable_interrupt
                0x0040224c       0x1c src/ASF/sam/drivers/pio/pio.o
                0x0040224c                pio_enable_interrupt
 .text.pio_disable_interrupt
                0x00402268       0x1c src/ASF/sam/drivers/pio/pio.o
                0x00402268                pio_disable_interrupt
 .text.pio_get_interrupt_status
                0x00402284       0x18 src/ASF/sam/drivers/pio/pio.o
                0x00402284                pio_get_interrupt_status
 .text.pio_get_interrupt_mask
                0x0040229c       0x18 src/ASF/sam/drivers/pio/pio.o
                0x0040229c                pio_get_interrupt_mask
 .text.pio_set_pin_high
                0x004022b4       0x30 src/ASF/sam/drivers/pio/pio.o
                0x004022b4                pio_set_pin_high
 .text.pio_set_pin_low
                0x004022e4       0x30 src/ASF/sam/drivers/pio/pio.o
                0x004022e4                pio_set_pin_low
 .text.pio_configure_pin
                0x00402314      0x1b0 src/ASF/sam/drivers/pio/pio.o
                0x00402314                pio_configure_pin
 .text.pio_get_pin_group
                0x004024c4       0x28 src/ASF/sam/drivers/pio/pio.o
                0x004024c4                pio_get_pin_group
 .text.pio_handler_process
                0x004024ec       0xb4 src/ASF/sam/drivers/pio/pio_handler.o
                0x004024ec                pio_handler_process
 .text.pio_handler_set
                0x004025a0       0xa0 src/ASF/sam/drivers/pio/pio_handler.o
                0x004025a0                pio_handler_set
 .text.PIOA_Handler
                0x00402640       0x18 src/ASF/sam/drivers/pio/pio_handler.o
                0x00402640                PIOA_Handler
 .text.PIOB_Handler
                0x00402658       0x18 src/ASF/sam/drivers/pio/pio_handler.o
                0x00402658                PIOB_Handler
 .text.PIOC_Handler
                0x00402670       0x18 src/ASF/sam/drivers/pio/pio_handler.o
                0x00402670                PIOC_Handler
 .text.PIOD_Handler
                0x00402688       0x18 src/ASF/sam/drivers/pio/pio_handler.o
                0x00402688                PIOD_Handler
 .text.PIOE_Handler
                0x004026a0       0x18 src/ASF/sam/drivers/pio/pio_handler.o
                0x004026a0                PIOE_Handler
 .text.pmc_mck_set_division
                0x004026b8       0x7c src/ASF/sam/drivers/pmc/pmc.o
                0x004026b8                pmc_mck_set_division
 .text.pmc_switch_mck_to_pllack
                0x00402734       0x84 src/ASF/sam/drivers/pmc/pmc.o
                0x00402734                pmc_switch_mck_to_pllack
 .text.pmc_switch_sclk_to_32kxtal
                0x004027b8       0x38 src/ASF/sam/drivers/pmc/pmc.o
                0x004027b8                pmc_switch_sclk_to_32kxtal
 .text.pmc_osc_is_ready_32kxtal
                0x004027f0       0x34 src/ASF/sam/drivers/pmc/pmc.o
                0x004027f0                pmc_osc_is_ready_32kxtal
 .text.pmc_switch_mainck_to_fastrc
                0x00402824       0x70 src/ASF/sam/drivers/pmc/pmc.o
                0x00402824                pmc_switch_mainck_to_fastrc
 .text.pmc_switch_mainck_to_xtal
                0x00402894       0x78 src/ASF/sam/drivers/pmc/pmc.o
                0x00402894                pmc_switch_mainck_to_xtal
 .text.pmc_osc_is_ready_mainck
                0x0040290c       0x1c src/ASF/sam/drivers/pmc/pmc.o
                0x0040290c                pmc_osc_is_ready_mainck
 .text.pmc_disable_pllack
                0x00402928       0x1c src/ASF/sam/drivers/pmc/pmc.o
                0x00402928                pmc_disable_pllack
 .text.pmc_is_locked_pllack
                0x00402944       0x1c src/ASF/sam/drivers/pmc/pmc.o
                0x00402944                pmc_is_locked_pllack
 .text.pmc_is_locked_upll
                0x00402960       0x1c src/ASF/sam/drivers/pmc/pmc.o
                0x00402960                pmc_is_locked_upll
 .text.pmc_enable_periph_clk
                0x0040297c       0x3c src/ASF/sam/drivers/pmc/pmc.o
                0x0040297c                pmc_enable_periph_clk
 .text.pmc_set_flash_in_wait_mode
                0x004029b8       0x20 src/ASF/sam/drivers/pmc/pmc.o
                0x004029b8                pmc_set_flash_in_wait_mode
 .text.pmc_enable_waitmode
                0x004029d8       0x90 src/ASF/sam/drivers/pmc/pmc.o
                0x004029d8                pmc_enable_waitmode
 .text.pmc_sleep
                0x00402a68      0x398 src/ASF/sam/drivers/pmc/sleep.o
                0x00402a68                pmc_sleep
 .text.cpu_irq_save
                0x00402e00       0x38 src/ASF/sam/utils/cmsis/same70/source/templates/gcc/startup_same70.o
 .text.cpu_irq_is_enabled_flags
                0x00402e38       0x20 src/ASF/sam/utils/cmsis/same70/source/templates/gcc/startup_same70.o
 .text.cpu_irq_restore
                0x00402e58       0x30 src/ASF/sam/utils/cmsis/same70/source/templates/gcc/startup_same70.o
 .text.Reset_Handler
                0x00402e88       0xb0 src/ASF/sam/utils/cmsis/same70/source/templates/gcc/startup_same70.o
                0x00402e88                Reset_Handler
 .text.Dummy_Handler
                0x00402f38        0x6 src/ASF/sam/utils/cmsis/same70/source/templates/gcc/startup_same70.o
                0x00402f38                DACC_Handler
                0x00402f38                DebugMon_Handler
                0x00402f38                UART3_Handler
                0x00402f38                UART2_Handler
                0x00402f38                TRNG_Handler
                0x00402f38                HardFault_Handler
                0x00402f38                TC2_Handler
                0x00402f38                SysTick_Handler
                0x00402f38                AFEC1_Handler
                0x00402f38                PendSV_Handler
                0x00402f38                NMI_Handler
                0x00402f38                TC7_Handler
                0x00402f38                QSPI_Handler
                0x00402f38                ISI_Handler
                0x00402f38                MCAN0_INT0_Handler
                0x00402f38                TC9_Handler
                0x00402f38                RSWDT_Handler
                0x00402f38                USART0_Handler
                0x00402f38                RTT_Handler
                0x00402f38                USBHS_Handler
                0x00402f38                IXC_Handler
                0x00402f38                CCF_Handler
                0x00402f38                RTC_Handler
                0x00402f38                UsageFault_Handler
                0x00402f38                TC6_Handler
                0x00402f38                WDT_Handler
                0x00402f38                MCAN1_INT1_Handler
                0x00402f38                TC4_Handler
                0x00402f38                TC1_Handler
                0x00402f38                HSMCI_Handler
                0x00402f38                UART1_Handler
                0x00402f38                TC3_Handler
                0x00402f38                Dummy_Handler
                0x00402f38                TWIHS1_Handler
                0x00402f38                XDMAC_Handler
                0x00402f38                UART4_Handler
                0x00402f38                PWM1_Handler
                0x00402f38                USART1_Handler
                0x00402f38                PWM0_Handler
                0x00402f38                AFEC0_Handler
                0x00402f38                CCW_Handler
                0x00402f38                TC11_Handler
                0x00402f38                SSC_Handler
                0x00402f38                ACC_Handler
                0x00402f38                PMC_Handler
                0x00402f38                GMAC_Handler
                0x00402f38                MCAN0_INT1_Handler
                0x00402f38                GMAC_Q5_Handler
                0x00402f38                MemManage_Handler
                0x00402f38                SUPC_Handler
                0x00402f38                SVC_Handler
                0x00402f38                TC8_Handler
                0x00402f38                MCAN1_INT0_Handler
                0x00402f38                EFC_Handler
                0x00402f38                GMAC_Q1_Handler
                0x00402f38                USART2_Handler
                0x00402f38                SDRAMC_Handler
                0x00402f38                GMAC_Q2_Handler
                0x00402f38                SPI1_Handler
                0x00402f38                TC10_Handler
                0x00402f38                GMAC_Q3_Handler
                0x00402f38                TWIHS2_Handler
                0x00402f38                I2SC0_Handler
                0x00402f38                UART0_Handler
                0x00402f38                I2SC1_Handler
                0x00402f38                GMAC_Q4_Handler
                0x00402f38                FPU_Handler
                0x00402f38                BusFault_Handler
                0x00402f38                RSTC_Handler
                0x00402f38                TC0_Handler
                0x00402f38                TC5_Handler
                0x00402f38                AES_Handler
                0x00402f38                ICM_Handler
                0x00402f38                TWIHS0_Handler
                0x00402f38                SPI0_Handler
 *fill*         0x00402f3e        0x2 
 .text.SystemCoreClockUpdate
                0x00402f40      0x168 src/ASF/sam/utils/cmsis/same70/source/templates/system_same70.o
                0x00402f40                SystemCoreClockUpdate
 .text.system_init_flash
                0x004030a8       0xb0 src/ASF/sam/utils/cmsis/same70/source/templates/system_same70.o
                0x004030a8                system_init_flash
 .text._sbrk    0x00403158       0x58 src/ASF/sam/utils/syscalls/gcc/syscalls.o
                0x00403158                _sbrk
 .text          0x004031b0      0x370 d:/7.0/toolchain/arm/arm-gnu-toolchain/bin/../lib/gcc/arm-none-eabi/6.3.1/thumb/v7e-m\libgcc.a(_arm_addsubdf3.o)
                0x004031b0                __aeabi_drsub
                0x004031b8                __aeabi_dsub
                0x004031b8                __subdf3
                0x004031bc                __aeabi_dadd
                0x004031bc                __adddf3
                0x00403434                __floatunsidf
                0x00403434                __aeabi_ui2d
                0x00403454                __floatsidf
                0x00403454                __aeabi_i2d
                0x00403478                __aeabi_f2d
                0x00403478                __extendsfdf2
                0x004034b4                __floatundidf
                0x004034b4                __aeabi_ul2d
                0x004034c4                __floatdidf
                0x004034c4                __aeabi_l2d
 .text          0x00403520      0x424 d:/7.0/toolchain/arm/arm-gnu-toolchain/bin/../lib/gcc/arm-none-eabi/6.3.1/thumb/v7e-m\libgcc.a(_arm_muldivdf3.o)
                0x00403520                __aeabi_dmul
                0x00403520                __muldf3
                0x00403774                __divdf3
                0x00403774                __aeabi_ddiv
 .text          0x00403944       0x50 d:/7.0/toolchain/arm/arm-gnu-toolchain/bin/../lib/gcc/arm-none-eabi/6.3.1/thumb/v7e-m\libgcc.a(_arm_fixdfsi.o)
                0x00403944                __aeabi_d2iz
                0x00403944                __fixdfsi
 .text.__libc_init_array
                0x00403994       0x50 d:/7.0/toolchain/arm/arm-gnu-toolchain/bin/../lib/gcc/arm-none-eabi/6.3.1/../../../../arm-none-eabi/lib/thumb/v7e-m\libc.a(lib_a-init.o)
                0x00403994                __libc_init_array
 .text.memset   0x004039e4       0x9c d:/7.0/toolchain/arm/arm-gnu-toolchain/bin/../lib/gcc/arm-none-eabi/6.3.1/../../../../arm-none-eabi/lib/thumb/v7e-m\libc.a(lib_a-memset.o)
                0x004039e4                memset
 .text.sprintf  0x00403a80       0x4c d:/7.0/toolchain/arm/arm-gnu-toolchain/bin/../lib/gcc/arm-none-eabi/6.3.1/../../../../arm-none-eabi/lib/thumb/v7e-m\libc.a(lib_a-sprintf.o)
                0x00403a80                sprintf
 .text._svfprintf_r
                0x00403acc     0x145c d:/7.0/toolchain/arm/arm-gnu-toolchain/bin/../lib/gcc/arm-none-eabi/6.3.1/../../../../arm-none-eabi/lib/thumb/v7e-m\libc.a(lib_a-svfprintf.o)
                0x00403acc                _svfprintf_r
 .text.startup.register_fini
                0x00404f28       0x14 d:/7.0/toolchain/arm/arm-gnu-toolchain/bin/../lib/gcc/arm-none-eabi/6.3.1/../../../../arm-none-eabi/lib/thumb/v7e-m\libc.a(lib_a-__call_atexit.o)
 .text.atexit   0x00404f3c        0xc d:/7.0/toolchain/arm/arm-gnu-toolchain/bin/../lib/gcc/arm-none-eabi/6.3.1/../../../../arm-none-eabi/lib/thumb/v7e-m\libc.a(lib_a-atexit.o)
                0x00404f3c                atexit
 .text.quorem   0x00404f48      0x128 d:/7.0/toolchain/arm/arm-gnu-toolchain/bin/../lib/gcc/arm-none-eabi/6.3.1/../../../../arm-none-eabi/lib/thumb/v7e-m\libc.a(lib_a-dtoa.o)
 .text._dtoa_r  0x00405070      0xe54 d:/7.0/toolchain/arm/arm-gnu-toolchain/bin/../lib/gcc/arm-none-eabi/6.3.1/../../../../arm-none-eabi/lib/thumb/v7e-m\libc.a(lib_a-dtoa.o)
                0x00405070                _dtoa_r
 .text.__libc_fini_array
                0x00405ec4       0x34 d:/7.0/toolchain/arm/arm-gnu-toolchain/bin/../lib/gcc/arm-none-eabi/6.3.1/../../../../arm-none-eabi/lib/thumb/v7e-m\libc.a(lib_a-fini.o)
                0x00405ec4                __libc_fini_array
 .text._localeconv_r
                0x00405ef8       0x1c d:/7.0/toolchain/arm/arm-gnu-toolchain/bin/../lib/gcc/arm-none-eabi/6.3.1/../../../../arm-none-eabi/lib/thumb/v7e-m\libc.a(lib_a-localeconv.o)
                0x00405ef8                _localeconv_r
 .text.__retarget_lock_acquire_recursive
                0x00405f14        0x4 d:/7.0/toolchain/arm/arm-gnu-toolchain/bin/../lib/gcc/arm-none-eabi/6.3.1/../../../../arm-none-eabi/lib/thumb/v7e-m\libc.a(lib_a-lock.o)
                0x00405f14                __retarget_lock_acquire_recursive
 .text.__retarget_lock_release_recursive
                0x00405f18        0x4 d:/7.0/toolchain/arm/arm-gnu-toolchain/bin/../lib/gcc/arm-none-eabi/6.3.1/../../../../arm-none-eabi/lib/thumb/v7e-m\libc.a(lib_a-lock.o)
                0x00405f18                __retarget_lock_release_recursive
 .text._malloc_r
                0x00405f1c      0x560 d:/7.0/toolchain/arm/arm-gnu-toolchain/bin/../lib/gcc/arm-none-eabi/6.3.1/../../../../arm-none-eabi/lib/thumb/v7e-m\libc.a(lib_a-mallocr.o)
                0x00405f1c                _malloc_r
 *fill*         0x0040647c        0x4 
 .text          0x00406480       0xa0 d:/7.0/toolchain/arm/arm-gnu-toolchain/bin/../lib/gcc/arm-none-eabi/6.3.1/../../../../arm-none-eabi/lib/thumb/v7e-m\libc.a(lib_a-memchr.o)
                0x00406480                memchr
 .text          0x00406520      0x134 d:/7.0/toolchain/arm/arm-gnu-toolchain/bin/../lib/gcc/arm-none-eabi/6.3.1/../../../../arm-none-eabi/lib/thumb/v7e-m\libc.a(lib_a-memcpy.o)
                0x00406520                memcpy
 .text.__malloc_lock
                0x00406654        0xc d:/7.0/toolchain/arm/arm-gnu-toolchain/bin/../lib/gcc/arm-none-eabi/6.3.1/../../../../arm-none-eabi/lib/thumb/v7e-m\libc.a(lib_a-mlock.o)
                0x00406654                __malloc_lock
 .text.__malloc_unlock
                0x00406660        0xc d:/7.0/toolchain/arm/arm-gnu-toolchain/bin/../lib/gcc/arm-none-eabi/6.3.1/../../../../arm-none-eabi/lib/thumb/v7e-m\libc.a(lib_a-mlock.o)
                0x00406660                __malloc_unlock
 .text._Balloc  0x0040666c       0x4c d:/7.0/toolchain/arm/arm-gnu-toolchain/bin/../lib/gcc/arm-none-eabi/6.3.1/../../../../arm-none-eabi/lib/thumb/v7e-m\libc.a(lib_a-mprec.o)
                0x0040666c                _Balloc
 .text._Bfree   0x004066b8       0x14 d:/7.0/toolchain/arm/arm-gnu-toolchain/bin/../lib/gcc/arm-none-eabi/6.3.1/../../../../arm-none-eabi/lib/thumb/v7e-m\libc.a(lib_a-mprec.o)
                0x004066b8                _Bfree
 .text.__multadd
                0x004066cc       0x80 d:/7.0/toolchain/arm/arm-gnu-toolchain/bin/../lib/gcc/arm-none-eabi/6.3.1/../../../../arm-none-eabi/lib/thumb/v7e-m\libc.a(lib_a-mprec.o)
                0x004066cc                __multadd
 .text.__hi0bits
                0x0040674c       0x40 d:/7.0/toolchain/arm/arm-gnu-toolchain/bin/../lib/gcc/arm-none-eabi/6.3.1/../../../../arm-none-eabi/lib/thumb/v7e-m\libc.a(lib_a-mprec.o)
                0x0040674c                __hi0bits
 .text.__lo0bits
                0x0040678c       0x60 d:/7.0/toolchain/arm/arm-gnu-toolchain/bin/../lib/gcc/arm-none-eabi/6.3.1/../../../../arm-none-eabi/lib/thumb/v7e-m\libc.a(lib_a-mprec.o)
                0x0040678c                __lo0bits
 .text.__i2b    0x004067ec       0x14 d:/7.0/toolchain/arm/arm-gnu-toolchain/bin/../lib/gcc/arm-none-eabi/6.3.1/../../../../arm-none-eabi/lib/thumb/v7e-m\libc.a(lib_a-mprec.o)
                0x004067ec                __i2b
 .text.__multiply
                0x00406800      0x124 d:/7.0/toolchain/arm/arm-gnu-toolchain/bin/../lib/gcc/arm-none-eabi/6.3.1/../../../../arm-none-eabi/lib/thumb/v7e-m\libc.a(lib_a-mprec.o)
                0x00406800                __multiply
 .text.__pow5mult
                0x00406924       0xa0 d:/7.0/toolchain/arm/arm-gnu-toolchain/bin/../lib/gcc/arm-none-eabi/6.3.1/../../../../arm-none-eabi/lib/thumb/v7e-m\libc.a(lib_a-mprec.o)
                0x00406924                __pow5mult
 .text.__lshift
                0x004069c4       0xa4 d:/7.0/toolchain/arm/arm-gnu-toolchain/bin/../lib/gcc/arm-none-eabi/6.3.1/../../../../arm-none-eabi/lib/thumb/v7e-m\libc.a(lib_a-mprec.o)
                0x004069c4                __lshift
 .text.__mcmp   0x00406a68       0x38 d:/7.0/toolchain/arm/arm-gnu-toolchain/bin/../lib/gcc/arm-none-eabi/6.3.1/../../../../arm-none-eabi/lib/thumb/v7e-m\libc.a(lib_a-mprec.o)
                0x00406a68                __mcmp
 .text.__mdiff  0x00406aa0      0x108 d:/7.0/toolchain/arm/arm-gnu-toolchain/bin/../lib/gcc/arm-none-eabi/6.3.1/../../../../arm-none-eabi/lib/thumb/v7e-m\libc.a(lib_a-mprec.o)
                0x00406aa0                __mdiff
 .text.__d2b    0x00406ba8       0xb8 d:/7.0/toolchain/arm/arm-gnu-toolchain/bin/../lib/gcc/arm-none-eabi/6.3.1/../../../../arm-none-eabi/lib/thumb/v7e-m\libc.a(lib_a-mprec.o)
                0x00406ba8                __d2b
 .text._sbrk_r  0x00406c60       0x24 d:/7.0/toolchain/arm/arm-gnu-toolchain/bin/../lib/gcc/arm-none-eabi/6.3.1/../../../../arm-none-eabi/lib/thumb/v7e-m\libc.a(lib_a-sbrkr.o)
                0x00406c60                _sbrk_r
 *fill*         0x00406c84       0x3c 
 .text          0x00406cc0       0xdc d:/7.0/toolchain/arm/arm-gnu-toolchain/bin/../lib/gcc/arm-none-eabi/6.3.1/../../../../arm-none-eabi/lib/thumb/v7e-m\libc.a(lib_a-strlen.o)
                0x00406cc0                strlen
 .text.__ssprint_r
                0x00406d9c       0xfc d:/7.0/toolchain/arm/arm-gnu-toolchain/bin/../lib/gcc/arm-none-eabi/6.3.1/../../../../arm-none-eabi/lib/thumb/v7e-m\libc.a(lib_a-svfiprintf.o)
                0x00406d9c                __ssprint_r
 .text.__register_exitproc
                0x00406e98       0xc4 d:/7.0/toolchain/arm/arm-gnu-toolchain/bin/../lib/gcc/arm-none-eabi/6.3.1/../../../../arm-none-eabi/lib/thumb/v7e-m\libc.a(lib_a-__atexit.o)
                0x00406e98                __register_exitproc
 .text._calloc_r
                0x00406f5c       0x60 d:/7.0/toolchain/arm/arm-gnu-toolchain/bin/../lib/gcc/arm-none-eabi/6.3.1/../../../../arm-none-eabi/lib/thumb/v7e-m\libc.a(lib_a-callocr.o)
                0x00406f5c                _calloc_r
 .text._malloc_trim_r
                0x00406fbc       0xa0 d:/7.0/toolchain/arm/arm-gnu-toolchain/bin/../lib/gcc/arm-none-eabi/6.3.1/../../../../arm-none-eabi/lib/thumb/v7e-m\libc.a(lib_a-freer.o)
                0x00406fbc                _malloc_trim_r
 .text._free_r  0x0040705c      0x1cc d:/7.0/toolchain/arm/arm-gnu-toolchain/bin/../lib/gcc/arm-none-eabi/6.3.1/../../../../arm-none-eabi/lib/thumb/v7e-m\libc.a(lib_a-freer.o)
                0x0040705c                _free_r
 .text.__ascii_mbtowc
                0x00407228       0x2c d:/7.0/toolchain/arm/arm-gnu-toolchain/bin/../lib/gcc/arm-none-eabi/6.3.1/../../../../arm-none-eabi/lib/thumb/v7e-m\libc.a(lib_a-mbtowc_r.o)
                0x00407228                __ascii_mbtowc
 .text.memmove  0x00407254       0xc8 d:/7.0/toolchain/arm/arm-gnu-toolchain/bin/../lib/gcc/arm-none-eabi/6.3.1/../../../../arm-none-eabi/lib/thumb/v7e-m\libc.a(lib_a-memmove.o)
                0x00407254                memmove
 .text._realloc_r
                0x0040731c      0x34c d:/7.0/toolchain/arm/arm-gnu-toolchain/bin/../lib/gcc/arm-none-eabi/6.3.1/../../../../arm-none-eabi/lib/thumb/v7e-m\libc.a(lib_a-reallocr.o)
                0x0040731c                _realloc_r
 .text.__ascii_wctomb
                0x00407668       0x1c d:/7.0/toolchain/arm/arm-gnu-toolchain/bin/../lib/gcc/arm-none-eabi/6.3.1/../../../../arm-none-eabi/lib/thumb/v7e-m\libc.a(lib_a-wctomb_r.o)
                0x00407668                __ascii_wctomb
 .text          0x00407684      0x110 d:/7.0/toolchain/arm/arm-gnu-toolchain/bin/../lib/gcc/arm-none-eabi/6.3.1/thumb/v7e-m\libgcc.a(_arm_cmpdf2.o)
                0x00407684                __gtdf2
                0x00407684                __gedf2
                0x0040768c                __ltdf2
                0x0040768c                __ledf2
                0x00407694                __nedf2
                0x00407694                __eqdf2
                0x00407694                __cmpdf2
                0x00407710                __aeabi_cdrcmple
                0x00407720                __aeabi_cdcmpeq
                0x00407720                __aeabi_cdcmple
                0x00407730                __aeabi_dcmpeq
                0x00407744                __aeabi_dcmplt
                0x00407758                __aeabi_dcmple
                0x0040776c                __aeabi_dcmpge
                0x00407780                __aeabi_dcmpgt
 .text          0x00407794       0x2c d:/7.0/toolchain/arm/arm-gnu-toolchain/bin/../lib/gcc/arm-none-eabi/6.3.1/thumb/v7e-m\libgcc.a(_arm_unorddf2.o)
                0x00407794                __unorddf2
                0x00407794                __aeabi_dcmpun
 .text          0x004077c0       0x30 d:/7.0/toolchain/arm/arm-gnu-toolchain/bin/../lib/gcc/arm-none-eabi/6.3.1/thumb/v7e-m\libgcc.a(_aeabi_uldivmod.o)
                0x004077c0                __aeabi_uldivmod
 .text          0x004077f0      0x2dc d:/7.0/toolchain/arm/arm-gnu-toolchain/bin/../lib/gcc/arm-none-eabi/6.3.1/thumb/v7e-m\libgcc.a(_udivmoddi4.o)
                0x004077f0                __udivmoddi4
 .text          0x00407acc        0x4 d:/7.0/toolchain/arm/arm-gnu-toolchain/bin/../lib/gcc/arm-none-eabi/6.3.1/thumb/v7e-m\libgcc.a(_dvmd_tls.o)
                0x00407acc                __aeabi_idiv0
                0x00407acc                __aeabi_ldiv0
 *(.glue_7t)
 .glue_7t       0x00407ad0        0x0 linker stubs
 *(.glue_7)
 .glue_7        0x00407ad0        0x0 linker stubs
 *(.rodata .rodata* .gnu.linkonce.r.*)
 .rodata.image_data_sourcecodepro_28_0x41
                0x00407ad0      0x138 src/main.o
 .rodata.sourcecodepro_28_0x41
                0x00407c08       0x10 src/main.o
 .rodata.image_data_sourcecodepro_28_0x42
                0x00407c18      0x138 src/main.o
 .rodata.sourcecodepro_28_0x42
                0x00407d50       0x10 src/main.o
 .rodata.image_data_sourcecodepro_28_0x43
                0x00407d60      0x15f src/main.o
 *fill*         0x00407ebf        0x1 
 .rodata.sourcecodepro_28_0x43
                0x00407ec0       0x10 src/main.o
 .rodata.image_data_sourcecodepro_28_0x44
                0x00407ed0      0x186 src/main.o
 *fill*         0x00408056        0x2 
 .rodata.sourcecodepro_28_0x44
                0x00408058       0x10 src/main.o
 .rodata.image_data_sourcecodepro_28_0x45
                0x00408068      0x138 src/main.o
 .rodata.sourcecodepro_28_0x45
                0x004081a0       0x10 src/main.o
 .rodata.image_data_sourcecodepro_28_0x46
                0x004081b0      0x111 src/main.o
 *fill*         0x004082c1        0x3 
 .rodata.sourcecodepro_28_0x46
                0x004082c4       0x10 src/main.o
 .rodata.image_data_sourcecodepro_28_0x47
                0x004082d4      0x15f src/main.o
 *fill*         0x00408433        0x1 
 .rodata.sourcecodepro_28_0x47
                0x00408434       0x10 src/main.o
 .rodata.image_data_sourcecodepro_28_0x48
                0x00408444      0x15f src/main.o
 *fill*         0x004085a3        0x1 
 .rodata.sourcecodepro_28_0x48
                0x004085a4       0x10 src/main.o
 .rodata.image_data_sourcecodepro_28_0x49
                0x004085b4       0x9c src/main.o
 .rodata.sourcecodepro_28_0x49
                0x00408650       0x10 src/main.o
 .rodata.image_data_sourcecodepro_28_0x4a
                0x00408660       0xea src/main.o
 *fill*         0x0040874a        0x2 
 .rodata.sourcecodepro_28_0x4a
                0x0040874c       0x10 src/main.o
 .rodata.image_data_sourcecodepro_28_0x4b
                0x0040875c      0x138 src/main.o
 .rodata.sourcecodepro_28_0x4b
                0x00408894       0x10 src/main.o
 .rodata.image_data_sourcecodepro_28_0x4c
                0x004088a4      0x111 src/main.o
 *fill*         0x004089b5        0x3 
 .rodata.sourcecodepro_28_0x4c
                0x004089b8       0x10 src/main.o
 .rodata.image_data_sourcecodepro_28_0x4d
                0x004089c8      0x186 src/main.o
 *fill*         0x00408b4e        0x2 
 .rodata.sourcecodepro_28_0x4d
                0x00408b50       0x10 src/main.o
 .rodata.image_data_sourcecodepro_28_0x4e
                0x00408b60      0x15f src/main.o
 *fill*         0x00408cbf        0x1 
 .rodata.sourcecodepro_28_0x4e
                0x00408cc0       0x10 src/main.o
 .rodata.image_data_sourcecodepro_28_0x4f
                0x00408cd0      0x186 src/main.o
 *fill*         0x00408e56        0x2 
 .rodata.sourcecodepro_28_0x4f
                0x00408e58       0x10 src/main.o
 .rodata.image_data_sourcecodepro_28_0x50
                0x00408e68      0x138 src/main.o
 .rodata.sourcecodepro_28_0x50
                0x00408fa0       0x10 src/main.o
 .rodata.image_data_sourcecodepro_28_0x51
                0x00408fb0      0x186 src/main.o
 *fill*         0x00409136        0x2 
 .rodata.sourcecodepro_28_0x51
                0x00409138       0x10 src/main.o
 .rodata.image_data_sourcecodepro_28_0x52
                0x00409148      0x15f src/main.o
 *fill*         0x004092a7        0x1 
 .rodata.sourcecodepro_28_0x52
                0x004092a8       0x10 src/main.o
 .rodata.image_data_sourcecodepro_28_0x53
                0x004092b8      0x138 src/main.o
 .rodata.sourcecodepro_28_0x53
                0x004093f0       0x10 src/main.o
 .rodata.image_data_sourcecodepro_28_0x54
                0x00409400      0x138 src/main.o
 .rodata.sourcecodepro_28_0x54
                0x00409538       0x10 src/main.o
 .rodata.image_data_sourcecodepro_28_0x55
                0x00409548      0x15f src/main.o
 *fill*         0x004096a7        0x1 
 .rodata.sourcecodepro_28_0x55
                0x004096a8       0x10 src/main.o
 .rodata.image_data_sourcecodepro_28_0x56
                0x004096b8      0x138 src/main.o
 .rodata.sourcecodepro_28_0x56
                0x004097f0       0x10 src/main.o
 .rodata.image_data_sourcecodepro_28_0x57
                0x00409800      0x222 src/main.o
 *fill*         0x00409a22        0x2 
 .rodata.sourcecodepro_28_0x57
                0x00409a24       0x10 src/main.o
 .rodata.image_data_sourcecodepro_28_0x58
                0x00409a34      0x138 src/main.o
 .rodata.sourcecodepro_28_0x58
                0x00409b6c       0x10 src/main.o
 .rodata.image_data_sourcecodepro_28_0x59
                0x00409b7c      0x138 src/main.o
 .rodata.sourcecodepro_28_0x59
                0x00409cb4       0x10 src/main.o
 .rodata.image_data_sourcecodepro_28_0x5a
                0x00409cc4      0x138 src/main.o
 .rodata.sourcecodepro_28_0x5a
                0x00409dfc       0x10 src/main.o
 .rodata.sourcecodepro_28_array
                0x00409e0c       0xd0 src/main.o
 .rodata.sourcecodepro_28
                0x00409edc        0xc src/main.o
                0x00409edc                sourcecodepro_28
 .rodata.image_data_calibri_36_0x20
                0x00409ee8      0x378 src/main.o
 .rodata.calibri_36_0x20
                0x0040a260       0x10 src/main.o
 .rodata.image_data_calibri_36_0x21
                0x0040a270      0x534 src/main.o
 .rodata.calibri_36_0x21
                0x0040a7a4       0x10 src/main.o
 .rodata.image_data_calibri_36_0x22
                0x0040a7b4      0x612 src/main.o
 *fill*         0x0040adc6        0x2 
 .rodata.calibri_36_0x22
                0x0040adc8       0x10 src/main.o
 .rodata.image_data_calibri_36_0x23
                0x0040add8      0x7ce src/main.o
 *fill*         0x0040b5a6        0x2 
 .rodata.calibri_36_0x23
                0x0040b5a8       0x10 src/main.o
 .rodata.image_data_calibri_36_0x24
                0x0040b5b8      0x7ce src/main.o
 *fill*         0x0040bd86        0x2 
 .rodata.calibri_36_0x24
                0x0040bd88       0x10 src/main.o
 .rodata.image_data_calibri_36_0x25
                0x0040bd98      0xb46 src/main.o
 *fill*         0x0040c8de        0x2 
 .rodata.calibri_36_0x25
                0x0040c8e0       0x10 src/main.o
 .rodata.image_data_calibri_36_0x26
                0x0040c8f0      0xad7 src/main.o
 *fill*         0x0040d3c7        0x1 
 .rodata.calibri_36_0x26
                0x0040d3c8       0x10 src/main.o
 .rodata.image_data_calibri_36_0x27
                0x0040d3d8      0x378 src/main.o
 .rodata.calibri_36_0x27
                0x0040d750       0x10 src/main.o
 .rodata.image_data_calibri_36_0x28
                0x0040d760      0x4c5 src/main.o
 *fill*         0x0040dc25        0x3 
 .rodata.calibri_36_0x28
                0x0040dc28       0x10 src/main.o
 .rodata.image_data_calibri_36_0x29
                0x0040dc38      0x4c5 src/main.o
 *fill*         0x0040e0fd        0x3 
 .rodata.calibri_36_0x29
                0x0040e100       0x10 src/main.o
 .rodata.image_data_calibri_36_0x2a
                0x0040e110      0x7ce src/main.o
 *fill*         0x0040e8de        0x2 
 .rodata.calibri_36_0x2a
                0x0040e8e0       0x10 src/main.o
 .rodata.image_data_calibri_36_0x2b
                0x0040e8f0      0x7ce src/main.o
 *fill*         0x0040f0be        0x2 
 .rodata.calibri_36_0x2b
                0x0040f0c0       0x10 src/main.o
 .rodata.image_data_calibri_36_0x2c
                0x0040f0d0      0x3e7 src/main.o
 *fill*         0x0040f4b7        0x1 
 .rodata.calibri_36_0x2c
                0x0040f4b8       0x10 src/main.o
 .rodata.image_data_calibri_36_0x2d
                0x0040f4c8      0x4c5 src/main.o
 *fill*         0x0040f98d        0x3 
 .rodata.calibri_36_0x2d
                0x0040f990       0x10 src/main.o
 .rodata.image_data_calibri_36_0x2e
                0x0040f9a0      0x3e7 src/main.o
 *fill*         0x0040fd87        0x1 
 .rodata.calibri_36_0x2e
                0x0040fd88       0x10 src/main.o
 .rodata.image_data_calibri_36_0x2f
                0x0040fd98      0x612 src/main.o
 *fill*         0x004103aa        0x2 
 .rodata.calibri_36_0x2f
                0x004103ac       0x10 src/main.o
 .rodata.image_data_calibri_36_0x30
                0x004103bc      0x7ce src/main.o
 *fill*         0x00410b8a        0x2 
 .rodata.calibri_36_0x30
                0x00410b8c       0x10 src/main.o
 .rodata.image_data_calibri_36_0x31
                0x00410b9c      0x7ce src/main.o
 *fill*         0x0041136a        0x2 
 .rodata.calibri_36_0x31
                0x0041136c       0x10 src/main.o
 .rodata.image_data_calibri_36_0x32
                0x0041137c      0x7ce src/main.o
 *fill*         0x00411b4a        0x2 
 .rodata.calibri_36_0x32
                0x00411b4c       0x10 src/main.o
 .rodata.image_data_calibri_36_0x33
                0x00411b5c      0x7ce src/main.o
 *fill*         0x0041232a        0x2 
 .rodata.calibri_36_0x33
                0x0041232c       0x10 src/main.o
 .rodata.image_data_calibri_36_0x34
                0x0041233c      0x7ce src/main.o
 *fill*         0x00412b0a        0x2 
 .rodata.calibri_36_0x34
                0x00412b0c       0x10 src/main.o
 .rodata.image_data_calibri_36_0x35
                0x00412b1c      0x7ce src/main.o
 *fill*         0x004132ea        0x2 
 .rodata.calibri_36_0x35
                0x004132ec       0x10 src/main.o
 .rodata.image_data_calibri_36_0x36
                0x004132fc      0x7ce src/main.o
 *fill*         0x00413aca        0x2 
 .rodata.calibri_36_0x36
                0x00413acc       0x10 src/main.o
 .rodata.image_data_calibri_36_0x37
                0x00413adc      0x7ce src/main.o
 *fill*         0x004142aa        0x2 
 .rodata.calibri_36_0x37
                0x004142ac       0x10 src/main.o
 .rodata.image_data_calibri_36_0x38
                0x004142bc      0x7ce src/main.o
 *fill*         0x00414a8a        0x2 
 .rodata.calibri_36_0x38
                0x00414a8c       0x10 src/main.o
 .rodata.image_data_calibri_36_0x39
                0x00414a9c      0x7ce src/main.o
 *fill*         0x0041526a        0x2 
 .rodata.calibri_36_0x39
                0x0041526c       0x10 src/main.o
 .rodata.image_data_calibri_36_0x3a
                0x0041527c      0x456 src/main.o
 *fill*         0x004156d2        0x2 
 .rodata.calibri_36_0x3a
                0x004156d4       0x10 src/main.o
 .rodata.image_data_calibri_36_0x3b
                0x004156e4      0x456 src/main.o
 *fill*         0x00415b3a        0x2 
 .rodata.calibri_36_0x3b
                0x00415b3c       0x10 src/main.o
 .rodata.image_data_calibri_36_0x3c
                0x00415b4c      0x7ce src/main.o
 *fill*         0x0041631a        0x2 
 .rodata.calibri_36_0x3c
                0x0041631c       0x10 src/main.o
 .rodata.image_data_calibri_36_0x3d
                0x0041632c      0x7ce src/main.o
 *fill*         0x00416afa        0x2 
 .rodata.calibri_36_0x3d
                0x00416afc       0x10 src/main.o
 .rodata.image_data_calibri_36_0x3e
                0x00416b0c      0x7ce src/main.o
 *fill*         0x004172da        0x2 
 .rodata.calibri_36_0x3e
                0x004172dc       0x10 src/main.o
 .rodata.image_data_calibri_36_0x3f
                0x004172ec      0x75f src/main.o
 *fill*         0x00417a4b        0x1 
 .rodata.calibri_36_0x3f
                0x00417a4c       0x10 src/main.o
 .rodata.image_data_calibri_36_0x40
                0x00417a5c      0xde0 src/main.o
 .rodata.calibri_36_0x40
                0x0041883c       0x10 src/main.o
 .rodata.image_data_calibri_36_0x41
                0x0041884c      0x91b src/main.o
 *fill*         0x00419167        0x1 
 .rodata.calibri_36_0x41
                0x00419168       0x10 src/main.o
 .rodata.image_data_calibri_36_0x42
                0x00419178      0x8ac src/main.o
 .rodata.calibri_36_0x42
                0x00419a24       0x10 src/main.o
 .rodata.image_data_calibri_36_0x43
                0x00419a34      0x83d src/main.o
 *fill*         0x0041a271        0x3 
 .rodata.calibri_36_0x43
                0x0041a274       0x10 src/main.o
 .rodata.image_data_calibri_36_0x44
                0x0041a284      0x98a src/main.o
 *fill*         0x0041ac0e        0x2 
 .rodata.calibri_36_0x44
                0x0041ac10       0x10 src/main.o
 .rodata.image_data_calibri_36_0x45
                0x0041ac20      0x7ce src/main.o
 *fill*         0x0041b3ee        0x2 
 .rodata.calibri_36_0x45
                0x0041b3f0       0x10 src/main.o
 .rodata.image_data_calibri_36_0x46
                0x0041b400      0x75f src/main.o
 *fill*         0x0041bb5f        0x1 
 .rodata.calibri_36_0x46
                0x0041bb60       0x10 src/main.o
 .rodata.image_data_calibri_36_0x47
                0x0041bb70      0x9f9 src/main.o
 *fill*         0x0041c569        0x3 
 .rodata.calibri_36_0x47
                0x0041c56c       0x10 src/main.o
 .rodata.image_data_calibri_36_0x48
                0x0041c57c      0x98a src/main.o
 *fill*         0x0041cf06        0x2 
 .rodata.calibri_36_0x48
                0x0041cf08       0x10 src/main.o
 .rodata.image_data_calibri_36_0x49
                0x0041cf18      0x3e7 src/main.o
 *fill*         0x0041d2ff        0x1 
 .rodata.calibri_36_0x49
                0x0041d300       0x10 src/main.o
 .rodata.image_data_calibri_36_0x4a
                0x0041d310      0x4c5 src/main.o
 *fill*         0x0041d7d5        0x3 
 .rodata.calibri_36_0x4a
                0x0041d7d8       0x10 src/main.o
 .rodata.image_data_calibri_36_0x4b
                0x0041d7e8      0x83d src/main.o
 *fill*         0x0041e025        0x3 
 .rodata.calibri_36_0x4b
                0x0041e028       0x10 src/main.o
 .rodata.image_data_calibri_36_0x4c
                0x0041e038      0x681 src/main.o
 *fill*         0x0041e6b9        0x3 
 .rodata.calibri_36_0x4c
                0x0041e6bc       0x10 src/main.o
 .rodata.image_data_calibri_36_0x4d
                0x0041e6cc      0xd71 src/main.o
 *fill*         0x0041f43d        0x3 
 .rodata.calibri_36_0x4d
                0x0041f440       0x10 src/main.o
 .rodata.image_data_calibri_36_0x4e
                0x0041f450      0x9f9 src/main.o
 *fill*         0x0041fe49        0x3 
 .rodata.calibri_36_0x4e
                0x0041fe4c       0x10 src/main.o
 .rodata.image_data_calibri_36_0x4f
                0x0041fe5c      0xa68 src/main.o
 .rodata.calibri_36_0x4f
                0x004208c4       0x10 src/main.o
 .rodata.image_data_calibri_36_0x50
                0x004208d4      0x83d src/main.o
 *fill*         0x00421111        0x3 
 .rodata.calibri_36_0x50
                0x00421114       0x10 src/main.o
 .rodata.image_data_calibri_36_0x51
                0x00421124      0xad7 src/main.o
 *fill*         0x00421bfb        0x1 
 .rodata.calibri_36_0x51
                0x00421bfc       0x10 src/main.o
 .rodata.image_data_calibri_36_0x52
                0x00421c0c      0x8ac src/main.o
 .rodata.calibri_36_0x52
                0x004224b8       0x10 src/main.o
 .rodata.image_data_calibri_36_0x53
                0x004224c8      0x75f src/main.o
 *fill*         0x00422c27        0x1 
 .rodata.calibri_36_0x53
                0x00422c28       0x10 src/main.o
 .rodata.image_data_calibri_36_0x54
                0x00422c38      0x7ce src/main.o
 *fill*         0x00423406        0x2 
 .rodata.calibri_36_0x54
                0x00423408       0x10 src/main.o
 .rodata.image_data_calibri_36_0x55
                0x00423418      0x9f9 src/main.o
 *fill*         0x00423e11        0x3 
 .rodata.calibri_36_0x55
                0x00423e14       0x10 src/main.o
 .rodata.image_data_calibri_36_0x56
                0x00423e24      0x8ac src/main.o
 .rodata.calibri_36_0x56
                0x004246d0       0x10 src/main.o
 .rodata.image_data_calibri_36_0x57
                0x004246e0      0xde0 src/main.o
 .rodata.calibri_36_0x57
                0x004254c0       0x10 src/main.o
 .rodata.image_data_calibri_36_0x58
                0x004254d0      0x83d src/main.o
 *fill*         0x00425d0d        0x3 
 .rodata.calibri_36_0x58
                0x00425d10       0x10 src/main.o
 .rodata.image_data_calibri_36_0x59
                0x00425d20      0x7ce src/main.o
 *fill*         0x004264ee        0x2 
 .rodata.calibri_36_0x59
                0x004264f0       0x10 src/main.o
 .rodata.image_data_calibri_36_0x5a
                0x00426500      0x75f src/main.o
 *fill*         0x00426c5f        0x1 
 .rodata.calibri_36_0x5a
                0x00426c60       0x10 src/main.o
 .rodata.image_data_calibri_36_0x5b
                0x00426c70      0x4c5 src/main.o
 *fill*         0x00427135        0x3 
 .rodata.calibri_36_0x5b
                0x00427138       0x10 src/main.o
 .rodata.image_data_calibri_36_0x5c
                0x00427148      0x612 src/main.o
 *fill*         0x0042775a        0x2 
 .rodata.calibri_36_0x5c
                0x0042775c       0x10 src/main.o
 .rodata.image_data_calibri_36_0x5d
                0x0042776c      0x4c5 src/main.o
 *fill*         0x00427c31        0x3 
 .rodata.calibri_36_0x5d
                0x00427c34       0x10 src/main.o
 .rodata.image_data_calibri_36_0x5e
                0x00427c44      0x7ce src/main.o
 *fill*         0x00428412        0x2 
 .rodata.calibri_36_0x5e
                0x00428414       0x10 src/main.o
 .rodata.image_data_calibri_36_0x5f
                0x00428424      0x7ce src/main.o
 *fill*         0x00428bf2        0x2 
 .rodata.calibri_36_0x5f
                0x00428bf4       0x10 src/main.o
 .rodata.image_data_calibri_36_0x60
                0x00428c04      0x456 src/main.o
 *fill*         0x0042905a        0x2 
 .rodata.calibri_36_0x60
                0x0042905c       0x10 src/main.o
 .rodata.image_data_calibri_36_0x61
                0x0042906c      0x75f src/main.o
 *fill*         0x004297cb        0x1 
 .rodata.calibri_36_0x61
                0x004297cc       0x10 src/main.o
 .rodata.image_data_calibri_36_0x62
                0x004297dc      0x83d src/main.o
 *fill*         0x0042a019        0x3 
 .rodata.calibri_36_0x62
                0x0042a01c       0x10 src/main.o
 .rodata.image_data_calibri_36_0x63
                0x0042a02c      0x681 src/main.o
 *fill*         0x0042a6ad        0x3 
 .rodata.calibri_36_0x63
                0x0042a6b0       0x10 src/main.o
 .rodata.image_data_calibri_36_0x64
                0x0042a6c0      0x83d src/main.o
 *fill*         0x0042aefd        0x3 
 .rodata.calibri_36_0x64
                0x0042af00       0x10 src/main.o
 .rodata.image_data_calibri_36_0x65
                0x0042af10      0x7ce src/main.o
 *fill*         0x0042b6de        0x2 
 .rodata.calibri_36_0x65
                0x0042b6e0       0x10 src/main.o
 .rodata.image_data_calibri_36_0x66
                0x0042b6f0      0x4c5 src/main.o
 *fill*         0x0042bbb5        0x3 
 .rodata.calibri_36_0x66
                0x0042bbb8       0x10 src/main.o
 .rodata.image_data_calibri_36_0x67
                0x0042bbc8      0x75f src/main.o
 *fill*         0x0042c327        0x1 
 .rodata.calibri_36_0x67
                0x0042c328       0x10 src/main.o
 .rodata.image_data_calibri_36_0x68
                0x0042c338      0x83d src/main.o
 *fill*         0x0042cb75        0x3 
 .rodata.calibri_36_0x68
                0x0042cb78       0x10 src/main.o
 .rodata.image_data_calibri_36_0x69
                0x0042cb88      0x378 src/main.o
 .rodata.calibri_36_0x69
                0x0042cf00       0x10 src/main.o
 .rodata.image_data_calibri_36_0x6a
                0x0042cf10      0x3e7 src/main.o
 *fill*         0x0042d2f7        0x1 
 .rodata.calibri_36_0x6a
                0x0042d2f8       0x10 src/main.o
 .rodata.image_data_calibri_36_0x6b
                0x0042d308      0x6f0 src/main.o
 .rodata.calibri_36_0x6b
                0x0042d9f8       0x10 src/main.o
 .rodata.image_data_calibri_36_0x6c
                0x0042da08      0x378 src/main.o
 .rodata.calibri_36_0x6c
                0x0042dd80       0x10 src/main.o
 .rodata.image_data_calibri_36_0x6d
                0x0042dd90      0xc93 src/main.o
 *fill*         0x0042ea23        0x1 
 .rodata.calibri_36_0x6d
                0x0042ea24       0x10 src/main.o
 .rodata.image_data_calibri_36_0x6e
                0x0042ea34      0x83d src/main.o
 *fill*         0x0042f271        0x3 
 .rodata.calibri_36_0x6e
                0x0042f274       0x10 src/main.o
 .rodata.image_data_calibri_36_0x6f
                0x0042f284      0x83d src/main.o
 *fill*         0x0042fac1        0x3 
 .rodata.calibri_36_0x6f
                0x0042fac4       0x10 src/main.o
 .rodata.image_data_calibri_36_0x70
                0x0042fad4      0x83d src/main.o
 *fill*         0x00430311        0x3 
 .rodata.calibri_36_0x70
                0x00430314       0x10 src/main.o
 .rodata.image_data_calibri_36_0x71
                0x00430324      0x83d src/main.o
 *fill*         0x00430b61        0x3 
 .rodata.calibri_36_0x71
                0x00430b64       0x10 src/main.o
 .rodata.image_data_calibri_36_0x72
                0x00430b74      0x5a3 src/main.o
 *fill*         0x00431117        0x1 
 .rodata.calibri_36_0x72
                0x00431118       0x10 src/main.o
 .rodata.image_data_calibri_36_0x73
                0x00431128      0x612 src/main.o
 *fill*         0x0043173a        0x2 
 .rodata.calibri_36_0x73
                0x0043173c       0x10 src/main.o
 .rodata.image_data_calibri_36_0x74
                0x0043174c      0x534 src/main.o
 .rodata.calibri_36_0x74
                0x00431c80       0x10 src/main.o
 .rodata.image_data_calibri_36_0x75
                0x00431c90      0x83d src/main.o
 *fill*         0x004324cd        0x3 
 .rodata.calibri_36_0x75
                0x004324d0       0x10 src/main.o
 .rodata.image_data_calibri_36_0x76
                0x004324e0      0x6f0 src/main.o
 .rodata.calibri_36_0x76
                0x00432bd0       0x10 src/main.o
 .rodata.image_data_calibri_36_0x77
                0x00432be0      0xb46 src/main.o
 *fill*         0x00433726        0x2 
 .rodata.calibri_36_0x77
                0x00433728       0x10 src/main.o
 .rodata.image_data_calibri_36_0x78
                0x00433738      0x6f0 src/main.o
 .rodata.calibri_36_0x78
                0x00433e28       0x10 src/main.o
 .rodata.image_data_calibri_36_0x79
                0x00433e38      0x6f0 src/main.o
 .rodata.calibri_36_0x79
                0x00434528       0x10 src/main.o
 .rodata.image_data_calibri_36_0x7a
                0x00434538      0x612 src/main.o
 *fill*         0x00434b4a        0x2 
 .rodata.calibri_36_0x7a
                0x00434b4c       0x10 src/main.o
 .rodata.image_data_calibri_36_0x7b
                0x00434b5c      0x4c5 src/main.o
 *fill*         0x00435021        0x3 
 .rodata.calibri_36_0x7b
                0x00435024       0x10 src/main.o
 .rodata.image_data_calibri_36_0x7c
                0x00435034      0x75f src/main.o
 *fill*         0x00435793        0x1 
 .rodata.calibri_36_0x7c
                0x00435794       0x10 src/main.o
 .rodata.image_data_calibri_36_0x7d
                0x004357a4      0x4c5 src/main.o
 *fill*         0x00435c69        0x3 
 .rodata.calibri_36_0x7d
                0x00435c6c       0x10 src/main.o
 .rodata.image_data_calibri_36_0x7e
                0x00435c7c      0x7ce src/main.o
 *fill*         0x0043644a        0x2 
 .rodata.calibri_36_0x7e
                0x0043644c       0x10 src/main.o
 .rodata.calibri_36_array
                0x0043645c      0x2f8 src/main.o
 .rodata.calibri_36
                0x00436754        0xc src/main.o
                0x00436754                calibri_36
 .rodata.image_data_arial_72_0x30
                0x00436760     0x2760 src/main.o
 .rodata.arial_72_0x30
                0x00438ec0       0x10 src/main.o
 .rodata.image_data_arial_72_0x31
                0x00438ed0     0x2760 src/main.o
 .rodata.arial_72_0x31
                0x0043b630       0x10 src/main.o
 .rodata.image_data_arial_72_0x32
                0x0043b640     0x2760 src/main.o
 .rodata.arial_72_0x32
                0x0043dda0       0x10 src/main.o
 .rodata.image_data_arial_72_0x33
                0x0043ddb0     0x2760 src/main.o
 .rodata.arial_72_0x33
                0x00440510       0x10 src/main.o
 .rodata.image_data_arial_72_0x34
                0x00440520     0x2760 src/main.o
 .rodata.arial_72_0x34
                0x00442c80       0x10 src/main.o
 .rodata.image_data_arial_72_0x35
                0x00442c90     0x2760 src/main.o
 .rodata.arial_72_0x35
                0x004453f0       0x10 src/main.o
 .rodata.image_data_arial_72_0x36
                0x00445400     0x2760 src/main.o
 .rodata.arial_72_0x36
                0x00447b60       0x10 src/main.o
 .rodata.image_data_arial_72_0x37
                0x00447b70     0x2760 src/main.o
 .rodata.arial_72_0x37
                0x0044a2d0       0x10 src/main.o
 .rodata.image_data_arial_72_0x38
                0x0044a2e0     0x2760 src/main.o
 .rodata.arial_72_0x38
                0x0044ca40       0x10 src/main.o
 .rodata.image_data_arial_72_0x39
                0x0044ca50     0x2760 src/main.o
 .rodata.arial_72_0x39
                0x0044f1b0       0x10 src/main.o
 .rodata.arial_72_array
                0x0044f1c0       0x50 src/main.o
 .rodata.arial_72
                0x0044f210        0xc src/main.o
                0x0044f210                arial_72
 .rodata        0x0044f21c       0x13 src/main.o
 *fill*         0x0044f22f        0x1 
 .rodata._global_impure_ptr
                0x0044f230        0x4 d:/7.0/toolchain/arm/arm-gnu-toolchain/bin/../lib/gcc/arm-none-eabi/6.3.1/../../../../arm-none-eabi/lib/thumb/v7e-m\libc.a(lib_a-impure.o)
                0x0044f230                _global_impure_ptr
 .rodata._svfprintf_r.str1.4
                0x0044f234       0x42 d:/7.0/toolchain/arm/arm-gnu-toolchain/bin/../lib/gcc/arm-none-eabi/6.3.1/../../../../arm-none-eabi/lib/thumb/v7e-m\libc.a(lib_a-svfprintf.o)
 *fill*         0x0044f276        0x2 
 .rodata.blanks.7223
                0x0044f278       0x10 d:/7.0/toolchain/arm/arm-gnu-toolchain/bin/../lib/gcc/arm-none-eabi/6.3.1/../../../../arm-none-eabi/lib/thumb/v7e-m\libc.a(lib_a-svfprintf.o)
 .rodata.zeroes.7224
                0x0044f288       0x10 d:/7.0/toolchain/arm/arm-gnu-toolchain/bin/../lib/gcc/arm-none-eabi/6.3.1/../../../../arm-none-eabi/lib/thumb/v7e-m\libc.a(lib_a-svfprintf.o)
 .rodata._dtoa_r.str1.4
                0x0044f298       0x10 d:/7.0/toolchain/arm/arm-gnu-toolchain/bin/../lib/gcc/arm-none-eabi/6.3.1/../../../../arm-none-eabi/lib/thumb/v7e-m\libc.a(lib_a-dtoa.o)
                                 0x12 (size before relaxing)
 .rodata.__mprec_bigtens
                0x0044f2a8       0x28 d:/7.0/toolchain/arm/arm-gnu-toolchain/bin/../lib/gcc/arm-none-eabi/6.3.1/../../../../arm-none-eabi/lib/thumb/v7e-m\libc.a(lib_a-mprec.o)
                0x0044f2a8                __mprec_bigtens
 .rodata.__mprec_tens
                0x0044f2d0       0xc8 d:/7.0/toolchain/arm/arm-gnu-toolchain/bin/../lib/gcc/arm-none-eabi/6.3.1/../../../../arm-none-eabi/lib/thumb/v7e-m\libc.a(lib_a-mprec.o)
                0x0044f2d0                __mprec_tens
 .rodata.p05.6055
                0x0044f398        0xc d:/7.0/toolchain/arm/arm-gnu-toolchain/bin/../lib/gcc/arm-none-eabi/6.3.1/../../../../arm-none-eabi/lib/thumb/v7e-m\libc.a(lib_a-mprec.o)
 .rodata._setlocale_r.str1.4
                0x0044f3a4        0xa d:/7.0/toolchain/arm/arm-gnu-toolchain/bin/../lib/gcc/arm-none-eabi/6.3.1/../../../../arm-none-eabi/lib/thumb/v7e-m\libc.a(lib_a-locale.o)
                                  0xd (size before relaxing)
 *fill*         0x0044f3ae        0x2 
 .rodata.str1.4
                0x0044f3b0        0x4 d:/7.0/toolchain/arm/arm-gnu-toolchain/bin/../lib/gcc/arm-none-eabi/6.3.1/../../../../arm-none-eabi/lib/thumb/v7e-m\libc.a(lib_a-locale.o)
                                  0x2 (size before relaxing)
 .rodata._ctype_
                0x0044f3b4      0x101 d:/7.0/toolchain/arm/arm-gnu-toolchain/bin/../lib/gcc/arm-none-eabi/6.3.1/../../../../arm-none-eabi/lib/thumb/v7e-m\libc.a(lib_a-ctype_.o)
                0x0044f3b4                _ctype_
 *(.ARM.extab* .gnu.linkonce.armextab.*)
                0x0044f4b8                . = ALIGN (0x4)
 *fill*         0x0044f4b5        0x3 
 *(.init)
 .init          0x0044f4b8        0x4 d:/7.0/toolchain/arm/arm-gnu-toolchain/bin/../lib/gcc/arm-none-eabi/6.3.1/thumb/v7e-m/crti.o
                0x0044f4b8                _init
 .init          0x0044f4bc        0x8 d:/7.0/toolchain/arm/arm-gnu-toolchain/bin/../lib/gcc/arm-none-eabi/6.3.1/thumb/v7e-m/crtn.o
                0x0044f4c4                . = ALIGN (0x4)
                0x0044f4c4                __preinit_array_start = .
 *(.preinit_array)
                0x0044f4c4                __preinit_array_end = .
                0x0044f4c4                . = ALIGN (0x4)
                0x0044f4c4                __init_array_start = .
 *(SORT(.init_array.*))
 .init_array.00000
                0x0044f4c4        0x4 d:/7.0/toolchain/arm/arm-gnu-toolchain/bin/../lib/gcc/arm-none-eabi/6.3.1/../../../../arm-none-eabi/lib/thumb/v7e-m\libc.a(lib_a-__call_atexit.o)
 *(.init_array)
 .init_array    0x0044f4c8        0x4 d:/7.0/toolchain/arm/arm-gnu-toolchain/bin/../lib/gcc/arm-none-eabi/6.3.1/thumb/v7e-m/crtbegin.o
                0x0044f4cc                __init_array_end = .
                0x0044f4cc                . = ALIGN (0x4)
 *crtbegin.o(.ctors)
 *(EXCLUDE_FILE(*crtend.o) .ctors)
 *(SORT(.ctors.*))
 *crtend.o(.ctors)
                0x0044f4cc                . = ALIGN (0x4)
 *(.fini)
 .fini          0x0044f4cc        0x4 d:/7.0/toolchain/arm/arm-gnu-toolchain/bin/../lib/gcc/arm-none-eabi/6.3.1/thumb/v7e-m/crti.o
                0x0044f4cc                _fini
 .fini          0x0044f4d0        0x8 d:/7.0/toolchain/arm/arm-gnu-toolchain/bin/../lib/gcc/arm-none-eabi/6.3.1/thumb/v7e-m/crtn.o
                0x0044f4d8                . = ALIGN (0x4)
                0x0044f4d8                __fini_array_start = .
 *(.fini_array)
 .fini_array    0x0044f4d8        0x4 d:/7.0/toolchain/arm/arm-gnu-toolchain/bin/../lib/gcc/arm-none-eabi/6.3.1/thumb/v7e-m/crtbegin.o
 *(SORT(.fini_array.*))
                0x0044f4dc                __fini_array_end = .
 *crtbegin.o(.dtors)
 *(EXCLUDE_FILE(*crtend.o) .dtors)
 *(SORT(.dtors.*))
 *crtend.o(.dtors)
                0x0044f4dc                . = ALIGN (0x4)
                0x0044f4dc                _efixed = .
                [!provide]                PROVIDE (__exidx_start, .)

.vfp11_veneer   0x0044f4dc        0x0
 .vfp11_veneer  0x0044f4dc        0x0 linker stubs

.v4_bx          0x0044f4dc        0x0
 .v4_bx         0x0044f4dc        0x0 linker stubs

.iplt           0x0044f4dc        0x0
 .iplt          0x0044f4dc        0x0 d:/7.0/toolchain/arm/arm-gnu-toolchain/bin/../lib/gcc/arm-none-eabi/6.3.1/thumb/v7e-m/crtbegin.o

.ARM.exidx      0x0044f4dc        0x8
 *(.ARM.exidx* .gnu.linkonce.armexidx.*)
 .ARM.exidx     0x0044f4dc        0x8 d:/7.0/toolchain/arm/arm-gnu-toolchain/bin/../lib/gcc/arm-none-eabi/6.3.1/thumb/v7e-m\libgcc.a(_udivmoddi4.o)
                [!provide]                PROVIDE (__exidx_end, .)

.eh_frame       0x0044f4e4        0x0
 .eh_frame      0x0044f4e4        0x0 d:/7.0/toolchain/arm/arm-gnu-toolchain/bin/../lib/gcc/arm-none-eabi/6.3.1/thumb/v7e-m/crtbegin.o

.rel.dyn        0x0044f4e4        0x0
 .rel.iplt      0x0044f4e4        0x0 d:/7.0/toolchain/arm/arm-gnu-toolchain/bin/../lib/gcc/arm-none-eabi/6.3.1/thumb/v7e-m/crtbegin.o

.jcr            0x0044f4e4        0x0
 .jcr           0x0044f4e4        0x0 d:/7.0/toolchain/arm/arm-gnu-toolchain/bin/../lib/gcc/arm-none-eabi/6.3.1/thumb/v7e-m/crtbegin.o

.igot.plt       0x0044f4e4        0x0
 .igot.plt      0x0044f4e4        0x0 d:/7.0/toolchain/arm/arm-gnu-toolchain/bin/../lib/gcc/arm-none-eabi/6.3.1/thumb/v7e-m/crtbegin.o
                0x0044f4e4                . = ALIGN (0x4)
                0x0044f4e4                _etext = .

.relocate       0x20400000      0x9b8 load address 0x0044f4e4
                0x20400000                . = ALIGN (0x4)
                0x20400000                _srelocate = .
 *(.ramfunc .ramfunc.*)
 *(.data .data.*)
 .data.g_interrupt_enabled
                0x20400000        0x1 src/ASF/common/utils/interrupt/interrupt_sam_nvic.o
                0x20400000                g_interrupt_enabled
 *fill*         0x20400001        0x3 
 .data.ul_flash_in_wait_mode
                0x20400004        0x4 src/ASF/sam/drivers/pmc/pmc.o
 .data.SystemCoreClock
                0x20400008        0x4 src/ASF/sam/utils/cmsis/same70/source/templates/system_same70.o
                0x20400008                SystemCoreClock
 .data._impure_ptr
                0x2040000c        0x4 d:/7.0/toolchain/arm/arm-gnu-toolchain/bin/../lib/gcc/arm-none-eabi/6.3.1/../../../../arm-none-eabi/lib/thumb/v7e-m\libc.a(lib_a-impure.o)
                0x2040000c                _impure_ptr
 .data.impure_data
                0x20400010      0x428 d:/7.0/toolchain/arm/arm-gnu-toolchain/bin/../lib/gcc/arm-none-eabi/6.3.1/../../../../arm-none-eabi/lib/thumb/v7e-m\libc.a(lib_a-impure.o)
 .data.__atexit_recursive_mutex
                0x20400438        0x4 d:/7.0/toolchain/arm/arm-gnu-toolchain/bin/../lib/gcc/arm-none-eabi/6.3.1/../../../../arm-none-eabi/lib/thumb/v7e-m\libc.a(lib_a-__call_atexit.o)
                0x20400438                __atexit_recursive_mutex
 .data.__malloc_av_
                0x2040043c      0x408 d:/7.0/toolchain/arm/arm-gnu-toolchain/bin/../lib/gcc/arm-none-eabi/6.3.1/../../../../arm-none-eabi/lib/thumb/v7e-m\libc.a(lib_a-mallocr.o)
                0x2040043c                __malloc_av_
 .data.__malloc_sbrk_base
                0x20400844        0x4 d:/7.0/toolchain/arm/arm-gnu-toolchain/bin/../lib/gcc/arm-none-eabi/6.3.1/../../../../arm-none-eabi/lib/thumb/v7e-m\libc.a(lib_a-mallocr.o)
                0x20400844                __malloc_sbrk_base
 .data.__malloc_trim_threshold
                0x20400848        0x4 d:/7.0/toolchain/arm/arm-gnu-toolchain/bin/../lib/gcc/arm-none-eabi/6.3.1/../../../../arm-none-eabi/lib/thumb/v7e-m\libc.a(lib_a-mallocr.o)
                0x20400848                __malloc_trim_threshold
 .data.__global_locale
                0x2040084c      0x16c d:/7.0/toolchain/arm/arm-gnu-toolchain/bin/../lib/gcc/arm-none-eabi/6.3.1/../../../../arm-none-eabi/lib/thumb/v7e-m\libc.a(lib_a-locale.o)
                0x2040084c                __global_locale
                0x204009b8                . = ALIGN (0x4)
                0x204009b8                _erelocate = .

.bss            0x204009b8      0x4d0 load address 0x0044fe9c
                0x204009b8                . = ALIGN (0x4)
                0x204009b8                _sbss = .
                0x204009b8                _szero = .
 *(.bss .bss.*)
 .bss           0x204009b8       0x1c d:/7.0/toolchain/arm/arm-gnu-toolchain/bin/../lib/gcc/arm-none-eabi/6.3.1/thumb/v7e-m/crtbegin.o
 .bss.N         0x204009d4        0x4 src/main.o
                0x204009d4                N
 .bss.g_ul_pixel_cache
                0x204009d8      0x3c0 src/ASF/sam/components/display/ili9488/ili9488.o
 .bss.gs_interrupt_sources
                0x20400d98       0x70 src/ASF/sam/drivers/pio/pio_handler.o
 .bss.gs_ul_nb_sources
                0x20400e08        0x4 src/ASF/sam/drivers/pio/pio_handler.o
 .bss.b_is_sleep_clock_used
                0x20400e0c        0x1 src/ASF/sam/drivers/pmc/sleep.o
 *fill*         0x20400e0d        0x3 
 .bss.callback_clocks_restored
                0x20400e10        0x4 src/ASF/sam/drivers/pmc/sleep.o
 .bss.heap.6420
                0x20400e14        0x4 src/ASF/sam/utils/syscalls/gcc/syscalls.o
 .bss.__malloc_current_mallinfo
                0x20400e18       0x28 d:/7.0/toolchain/arm/arm-gnu-toolchain/bin/../lib/gcc/arm-none-eabi/6.3.1/../../../../arm-none-eabi/lib/thumb/v7e-m\libc.a(lib_a-mallocr.o)
                0x20400e18                __malloc_current_mallinfo
 .bss.__malloc_max_sbrked_mem
                0x20400e40        0x4 d:/7.0/toolchain/arm/arm-gnu-toolchain/bin/../lib/gcc/arm-none-eabi/6.3.1/../../../../arm-none-eabi/lib/thumb/v7e-m\libc.a(lib_a-mallocr.o)
                0x20400e40                __malloc_max_sbrked_mem
 .bss.__malloc_max_total_mem
                0x20400e44        0x4 d:/7.0/toolchain/arm/arm-gnu-toolchain/bin/../lib/gcc/arm-none-eabi/6.3.1/../../../../arm-none-eabi/lib/thumb/v7e-m\libc.a(lib_a-mallocr.o)
                0x20400e44                __malloc_max_total_mem
 .bss.__malloc_top_pad
                0x20400e48        0x4 d:/7.0/toolchain/arm/arm-gnu-toolchain/bin/../lib/gcc/arm-none-eabi/6.3.1/../../../../arm-none-eabi/lib/thumb/v7e-m\libc.a(lib_a-mallocr.o)
                0x20400e48                __malloc_top_pad
 *(COMMON)
 COMMON         0x20400e4c       0x14 src/main.o
                0x20400e4c                butR_flag
                0x20400e50                g_ili9488_display_opt
 COMMON         0x20400e60       0x21 d:/7.0/toolchain/arm/arm-gnu-toolchain/bin/../lib/gcc/arm-none-eabi/6.3.1/../../../../arm-none-eabi/lib/thumb/v7e-m\libc.a(lib_a-lock.o)
                0x20400e60                __lock___atexit_recursive_mutex
                0x20400e64                __lock___arc4random_mutex
                0x20400e68                __lock___env_recursive_mutex
                0x20400e6c                __lock___sinit_recursive_mutex
                0x20400e70                __lock___malloc_recursive_mutex
                0x20400e74                __lock___at_quick_exit_mutex
                0x20400e78                __lock___dd_hash_mutex
                0x20400e7c                __lock___tz_mutex
                0x20400e80                __lock___sfp_recursive_mutex
 *fill*         0x20400e81        0x3 
 COMMON         0x20400e84        0x4 d:/7.0/toolchain/arm/arm-gnu-toolchain/bin/../lib/gcc/arm-none-eabi/6.3.1/../../../../arm-none-eabi/lib/thumb/v7e-m\libc.a(lib_a-reent.o)
                0x20400e84                errno
                0x20400e88                . = ALIGN (0x4)
                0x20400e88                _ebss = .
                0x20400e88                _ezero = .

.stack          0x20400e88     0x2000 load address 0x0045036c
                0x20400e88                . = ALIGN (0x8)
                0x20400e88                _sstack = .
                0x20402e88                . = (. + STACK_SIZE)
 *fill*         0x20400e88     0x2000 
                0x20402e88                . = ALIGN (0x8)
                0x20402e88                _estack = .

.heap           0x20402e88      0x200 load address 0x0045236c
                0x20402e88                . = ALIGN (0x8)
                0x20402e88                _sheap = .
                0x20403088                . = (. + HEAP_SIZE)
 *fill*         0x20402e88      0x200 
                0x20403088                . = ALIGN (0x8)
                0x20403088                _eheap = .
                0x20403088                . = ALIGN (0x4)
                0x20403088                _end = .
                0x2045ffff                _ram_end_ = ((ORIGIN (ram) + LENGTH (ram)) - 0x1)
OUTPUT(SAME70_FONTS.elf elf32-littlearm)

.ARM.attributes
                0x00000000       0x2e
 .ARM.attributes
                0x00000000       0x1e d:/7.0/toolchain/arm/arm-gnu-toolchain/bin/../lib/gcc/arm-none-eabi/6.3.1/thumb/v7e-m/crti.o
 .ARM.attributes
                0x0000001e       0x2e d:/7.0/toolchain/arm/arm-gnu-toolchain/bin/../lib/gcc/arm-none-eabi/6.3.1/thumb/v7e-m/crtbegin.o
 .ARM.attributes
                0x0000004c       0x37 src/main.o
 .ARM.attributes
                0x00000083       0x37 src/ASF/common/services/spi/sam_spi/spi_master.o
 .ARM.attributes
                0x000000ba       0x37 src/ASF/sam/components/display/ili9488/ili9488.o
 .ARM.attributes
                0x000000f1       0x37 src/ASF/sam/drivers/spi/spi.o
 .ARM.attributes
                0x00000128       0x37 src/ASF/common/services/clock/same70/sysclk.o
 .ARM.attributes
                0x0000015f       0x37 src/ASF/common/utils/interrupt/interrupt_sam_nvic.o
 .ARM.attributes
                0x00000196       0x37 src/ASF/sam/boards/same70_xplained/init.o
 .ARM.attributes
                0x000001cd       0x37 src/ASF/sam/drivers/pio/pio.o
 .ARM.attributes
                0x00000204       0x37 src/ASF/sam/drivers/pio/pio_handler.o
 .ARM.attributes
                0x0000023b       0x37 src/ASF/sam/drivers/pmc/pmc.o
 .ARM.attributes
                0x00000272       0x37 src/ASF/sam/drivers/pmc/sleep.o
 .ARM.attributes
                0x000002a9       0x37 src/ASF/sam/utils/cmsis/same70/source/templates/gcc/startup_same70.o
 .ARM.attributes
                0x000002e0       0x37 src/ASF/sam/utils/cmsis/same70/source/templates/system_same70.o
 .ARM.attributes
                0x00000317       0x37 src/ASF/sam/utils/syscalls/gcc/syscalls.o
 .ARM.attributes
                0x0000034e       0x1e d:/7.0/toolchain/arm/arm-gnu-toolchain/bin/../lib/gcc/arm-none-eabi/6.3.1/thumb/v7e-m\libgcc.a(_arm_addsubdf3.o)
 .ARM.attributes
                0x0000036c       0x1e d:/7.0/toolchain/arm/arm-gnu-toolchain/bin/../lib/gcc/arm-none-eabi/6.3.1/thumb/v7e-m\libgcc.a(_arm_muldivdf3.o)
 .ARM.attributes
                0x0000038a       0x1e d:/7.0/toolchain/arm/arm-gnu-toolchain/bin/../lib/gcc/arm-none-eabi/6.3.1/thumb/v7e-m\libgcc.a(_arm_fixdfsi.o)
 .ARM.attributes
                0x000003a8       0x2e d:/7.0/toolchain/arm/arm-gnu-toolchain/bin/../lib/gcc/arm-none-eabi/6.3.1/../../../../arm-none-eabi/lib/thumb/v7e-m\libc.a(lib_a-impure.o)
 .ARM.attributes
                0x000003d6       0x2e d:/7.0/toolchain/arm/arm-gnu-toolchain/bin/../lib/gcc/arm-none-eabi/6.3.1/../../../../arm-none-eabi/lib/thumb/v7e-m\libc.a(lib_a-init.o)
 .ARM.attributes
                0x00000404       0x2e d:/7.0/toolchain/arm/arm-gnu-toolchain/bin/../lib/gcc/arm-none-eabi/6.3.1/../../../../arm-none-eabi/lib/thumb/v7e-m\libc.a(lib_a-memset.o)
 .ARM.attributes
                0x00000432       0x2e d:/7.0/toolchain/arm/arm-gnu-toolchain/bin/../lib/gcc/arm-none-eabi/6.3.1/../../../../arm-none-eabi/lib/thumb/v7e-m\libc.a(lib_a-sprintf.o)
 .ARM.attributes
                0x00000460       0x2e d:/7.0/toolchain/arm/arm-gnu-toolchain/bin/../lib/gcc/arm-none-eabi/6.3.1/../../../../arm-none-eabi/lib/thumb/v7e-m\libc.a(lib_a-svfprintf.o)
 .ARM.attributes
                0x0000048e       0x2e d:/7.0/toolchain/arm/arm-gnu-toolchain/bin/../lib/gcc/arm-none-eabi/6.3.1/../../../../arm-none-eabi/lib/thumb/v7e-m\libc.a(lib_a-__call_atexit.o)
 .ARM.attributes
                0x000004bc       0x2e d:/7.0/toolchain/arm/arm-gnu-toolchain/bin/../lib/gcc/arm-none-eabi/6.3.1/../../../../arm-none-eabi/lib/thumb/v7e-m\libc.a(lib_a-atexit.o)
 .ARM.attributes
                0x000004ea       0x2e d:/7.0/toolchain/arm/arm-gnu-toolchain/bin/../lib/gcc/arm-none-eabi/6.3.1/../../../../arm-none-eabi/lib/thumb/v7e-m\libc.a(lib_a-dtoa.o)
 .ARM.attributes
                0x00000518       0x2e d:/7.0/toolchain/arm/arm-gnu-toolchain/bin/../lib/gcc/arm-none-eabi/6.3.1/../../../../arm-none-eabi/lib/thumb/v7e-m\libc.a(lib_a-fini.o)
 .ARM.attributes
                0x00000546       0x2e d:/7.0/toolchain/arm/arm-gnu-toolchain/bin/../lib/gcc/arm-none-eabi/6.3.1/../../../../arm-none-eabi/lib/thumb/v7e-m\libc.a(lib_a-localeconv.o)
 .ARM.attributes
                0x00000574       0x2e d:/7.0/toolchain/arm/arm-gnu-toolchain/bin/../lib/gcc/arm-none-eabi/6.3.1/../../../../arm-none-eabi/lib/thumb/v7e-m\libc.a(lib_a-lock.o)
 .ARM.attributes
                0x000005a2       0x2e d:/7.0/toolchain/arm/arm-gnu-toolchain/bin/../lib/gcc/arm-none-eabi/6.3.1/../../../../arm-none-eabi/lib/thumb/v7e-m\libc.a(lib_a-mallocr.o)
 .ARM.attributes
                0x000005d0       0x1c d:/7.0/toolchain/arm/arm-gnu-toolchain/bin/../lib/gcc/arm-none-eabi/6.3.1/../../../../arm-none-eabi/lib/thumb/v7e-m\libc.a(lib_a-memchr.o)
 .ARM.attributes
                0x000005ec       0x1c d:/7.0/toolchain/arm/arm-gnu-toolchain/bin/../lib/gcc/arm-none-eabi/6.3.1/../../../../arm-none-eabi/lib/thumb/v7e-m\libc.a(lib_a-memcpy.o)
 .ARM.attributes
                0x00000608       0x2e d:/7.0/toolchain/arm/arm-gnu-toolchain/bin/../lib/gcc/arm-none-eabi/6.3.1/../../../../arm-none-eabi/lib/thumb/v7e-m\libc.a(lib_a-mlock.o)
 .ARM.attributes
                0x00000636       0x2e d:/7.0/toolchain/arm/arm-gnu-toolchain/bin/../lib/gcc/arm-none-eabi/6.3.1/../../../../arm-none-eabi/lib/thumb/v7e-m\libc.a(lib_a-mprec.o)
 .ARM.attributes
                0x00000664       0x2e d:/7.0/toolchain/arm/arm-gnu-toolchain/bin/../lib/gcc/arm-none-eabi/6.3.1/../../../../arm-none-eabi/lib/thumb/v7e-m\libc.a(lib_a-sbrkr.o)
 .ARM.attributes
                0x00000692       0x1c d:/7.0/toolchain/arm/arm-gnu-toolchain/bin/../lib/gcc/arm-none-eabi/6.3.1/../../../../arm-none-eabi/lib/thumb/v7e-m\libc.a(lib_a-strlen.o)
 .ARM.attributes
                0x000006ae       0x2e d:/7.0/toolchain/arm/arm-gnu-toolchain/bin/../lib/gcc/arm-none-eabi/6.3.1/../../../../arm-none-eabi/lib/thumb/v7e-m\libc.a(lib_a-svfiprintf.o)
 .ARM.attributes
                0x000006dc       0x2e d:/7.0/toolchain/arm/arm-gnu-toolchain/bin/../lib/gcc/arm-none-eabi/6.3.1/../../../../arm-none-eabi/lib/thumb/v7e-m\libc.a(lib_a-__atexit.o)
 .ARM.attributes
                0x0000070a       0x2e d:/7.0/toolchain/arm/arm-gnu-toolchain/bin/../lib/gcc/arm-none-eabi/6.3.1/../../../../arm-none-eabi/lib/thumb/v7e-m\libc.a(lib_a-callocr.o)
 .ARM.attributes
                0x00000738       0x2e d:/7.0/toolchain/arm/arm-gnu-toolchain/bin/../lib/gcc/arm-none-eabi/6.3.1/../../../../arm-none-eabi/lib/thumb/v7e-m\libc.a(lib_a-freer.o)
 .ARM.attributes
                0x00000766       0x2e d:/7.0/toolchain/arm/arm-gnu-toolchain/bin/../lib/gcc/arm-none-eabi/6.3.1/../../../../arm-none-eabi/lib/thumb/v7e-m\libc.a(lib_a-locale.o)
 .ARM.attributes
                0x00000794       0x2e d:/7.0/toolchain/arm/arm-gnu-toolchain/bin/../lib/gcc/arm-none-eabi/6.3.1/../../../../arm-none-eabi/lib/thumb/v7e-m\libc.a(lib_a-mbtowc_r.o)
 .ARM.attributes
                0x000007c2       0x2e d:/7.0/toolchain/arm/arm-gnu-toolchain/bin/../lib/gcc/arm-none-eabi/6.3.1/../../../../arm-none-eabi/lib/thumb/v7e-m\libc.a(lib_a-memmove.o)
 .ARM.attributes
                0x000007f0       0x2e d:/7.0/toolchain/arm/arm-gnu-toolchain/bin/../lib/gcc/arm-none-eabi/6.3.1/../../../../arm-none-eabi/lib/thumb/v7e-m\libc.a(lib_a-reallocr.o)
 .ARM.attributes
                0x0000081e       0x2e d:/7.0/toolchain/arm/arm-gnu-toolchain/bin/../lib/gcc/arm-none-eabi/6.3.1/../../../../arm-none-eabi/lib/thumb/v7e-m\libc.a(lib_a-reent.o)
 .ARM.attributes
                0x0000084c       0x2e d:/7.0/toolchain/arm/arm-gnu-toolchain/bin/../lib/gcc/arm-none-eabi/6.3.1/../../../../arm-none-eabi/lib/thumb/v7e-m\libc.a(lib_a-wctomb_r.o)
 .ARM.attributes
                0x0000087a       0x2e d:/7.0/toolchain/arm/arm-gnu-toolchain/bin/../lib/gcc/arm-none-eabi/6.3.1/../../../../arm-none-eabi/lib/thumb/v7e-m\libc.a(lib_a-ctype_.o)
 .ARM.attributes
                0x000008a8       0x1e d:/7.0/toolchain/arm/arm-gnu-toolchain/bin/../lib/gcc/arm-none-eabi/6.3.1/thumb/v7e-m\libgcc.a(_arm_cmpdf2.o)
 .ARM.attributes
                0x000008c6       0x1e d:/7.0/toolchain/arm/arm-gnu-toolchain/bin/../lib/gcc/arm-none-eabi/6.3.1/thumb/v7e-m\libgcc.a(_arm_unorddf2.o)
 .ARM.attributes
                0x000008e4       0x1e d:/7.0/toolchain/arm/arm-gnu-toolchain/bin/../lib/gcc/arm-none-eabi/6.3.1/thumb/v7e-m\libgcc.a(_aeabi_uldivmod.o)
 .ARM.attributes
                0x00000902       0x2e d:/7.0/toolchain/arm/arm-gnu-toolchain/bin/../lib/gcc/arm-none-eabi/6.3.1/thumb/v7e-m\libgcc.a(_udivmoddi4.o)
 .ARM.attributes
                0x00000930       0x1e d:/7.0/toolchain/arm/arm-gnu-toolchain/bin/../lib/gcc/arm-none-eabi/6.3.1/thumb/v7e-m\libgcc.a(_dvmd_tls.o)
 .ARM.attributes
                0x0000094e       0x1e d:/7.0/toolchain/arm/arm-gnu-toolchain/bin/../lib/gcc/arm-none-eabi/6.3.1/thumb/v7e-m/crtn.o

.comment        0x00000000       0x59
 .comment       0x00000000       0x59 src/main.o
                                 0x5a (size before relaxing)
 .comment       0x00000059       0x5a src/ASF/common/services/spi/sam_spi/spi_master.o
 .comment       0x00000059       0x5a src/ASF/sam/components/display/ili9488/ili9488.o
 .comment       0x00000059       0x5a src/ASF/sam/drivers/spi/spi.o
 .comment       0x00000059       0x5a src/ASF/common/services/clock/same70/sysclk.o
 .comment       0x00000059       0x5a src/ASF/common/utils/interrupt/interrupt_sam_nvic.o
 .comment       0x00000059       0x5a src/ASF/sam/boards/same70_xplained/init.o
 .comment       0x00000059       0x5a src/ASF/sam/drivers/pio/pio.o
 .comment       0x00000059       0x5a src/ASF/sam/drivers/pio/pio_handler.o
 .comment       0x00000059       0x5a src/ASF/sam/drivers/pmc/pmc.o
 .comment       0x00000059       0x5a src/ASF/sam/drivers/pmc/sleep.o
 .comment       0x00000059       0x5a src/ASF/sam/utils/cmsis/same70/source/templates/gcc/startup_same70.o
 .comment       0x00000059       0x5a src/ASF/sam/utils/cmsis/same70/source/templates/system_same70.o
 .comment       0x00000059       0x5a src/ASF/sam/utils/syscalls/gcc/syscalls.o

.debug_info     0x00000000    0x1489b
 .debug_info    0x00000000     0x3045 src/main.o
 .debug_info    0x00003045     0x143e src/ASF/common/services/spi/sam_spi/spi_master.o
 .debug_info    0x00004483     0x208c src/ASF/sam/components/display/ili9488/ili9488.o
 .debug_info    0x0000650f     0x1123 src/ASF/sam/drivers/spi/spi.o
 .debug_info    0x00007632     0x1311 src/ASF/common/services/clock/same70/sysclk.o
 .debug_info    0x00008943      0xb06 src/ASF/common/utils/interrupt/interrupt_sam_nvic.o
 .debug_info    0x00009449     0x1dad src/ASF/sam/boards/same70_xplained/init.o
 .debug_info    0x0000b1f6     0x1ce3 src/ASF/sam/drivers/pio/pio.o
 .debug_info    0x0000ced9     0x1a74 src/ASF/sam/drivers/pio/pio_handler.o
 .debug_info    0x0000e94d     0x1eed src/ASF/sam/drivers/pmc/pmc.o
 .debug_info    0x0001083a     0x16bf src/ASF/sam/drivers/pmc/sleep.o
 .debug_info    0x00011ef9     0x1612 src/ASF/sam/utils/cmsis/same70/source/templates/gcc/startup_same70.o
 .debug_info    0x0001350b      0x5d4 src/ASF/sam/utils/cmsis/same70/source/templates/system_same70.o
 .debug_info    0x00013adf      0xdbc src/ASF/sam/utils/syscalls/gcc/syscalls.o

.debug_abbrev   0x00000000     0x25b9
 .debug_abbrev  0x00000000      0x333 src/main.o
 .debug_abbrev  0x00000333      0x305 src/ASF/common/services/spi/sam_spi/spi_master.o
 .debug_abbrev  0x00000638      0x2f4 src/ASF/sam/components/display/ili9488/ili9488.o
 .debug_abbrev  0x0000092c      0x2cf src/ASF/sam/drivers/spi/spi.o
 .debug_abbrev  0x00000bfb      0x296 src/ASF/common/services/clock/same70/sysclk.o
 .debug_abbrev  0x00000e91      0x214 src/ASF/common/utils/interrupt/interrupt_sam_nvic.o
 .debug_abbrev  0x000010a5      0x3f4 src/ASF/sam/boards/same70_xplained/init.o
 .debug_abbrev  0x00001499      0x296 src/ASF/sam/drivers/pio/pio.o
 .debug_abbrev  0x0000172f      0x2c9 src/ASF/sam/drivers/pio/pio_handler.o
 .debug_abbrev  0x000019f8      0x2ce src/ASF/sam/drivers/pmc/pmc.o
 .debug_abbrev  0x00001cc6      0x2df src/ASF/sam/drivers/pmc/sleep.o
 .debug_abbrev  0x00001fa5      0x2e8 src/ASF/sam/utils/cmsis/same70/source/templates/gcc/startup_same70.o
 .debug_abbrev  0x0000228d      0x102 src/ASF/sam/utils/cmsis/same70/source/templates/system_same70.o
 .debug_abbrev  0x0000238f      0x22a src/ASF/sam/utils/syscalls/gcc/syscalls.o

.debug_loc      0x00000000     0x5837
 .debug_loc     0x00000000      0x201 src/main.o
 .debug_loc     0x00000201      0x830 src/ASF/common/services/spi/sam_spi/spi_master.o
 .debug_loc     0x00000a31      0xd20 src/ASF/sam/components/display/ili9488/ili9488.o
 .debug_loc     0x00001751      0x630 src/ASF/sam/drivers/spi/spi.o
 .debug_loc     0x00001d81      0x4a0 src/ASF/common/services/clock/same70/sysclk.o
 .debug_loc     0x00002221       0xa0 src/ASF/common/utils/interrupt/interrupt_sam_nvic.o
 .debug_loc     0x000022c1      0x2fc src/ASF/sam/boards/same70_xplained/init.o
 .debug_loc     0x000025bd     0x1174 src/ASF/sam/drivers/pio/pio.o
 .debug_loc     0x00003731      0x38c src/ASF/sam/drivers/pio/pio_handler.o
 .debug_loc     0x00003abd     0x1744 src/ASF/sam/drivers/pmc/pmc.o
 .debug_loc     0x00005201       0xe6 src/ASF/sam/drivers/pmc/sleep.o
 .debug_loc     0x000052e7      0x16c src/ASF/sam/utils/cmsis/same70/source/templates/gcc/startup_same70.o
 .debug_loc     0x00005453       0xe4 src/ASF/sam/utils/cmsis/same70/source/templates/system_same70.o
 .debug_loc     0x00005537      0x300 src/ASF/sam/utils/syscalls/gcc/syscalls.o

.debug_aranges  0x00000000      0x9e0
 .debug_aranges
                0x00000000       0x50 src/main.o
 .debug_aranges
                0x00000050       0xe0 src/ASF/common/services/spi/sam_spi/spi_master.o
 .debug_aranges
                0x00000130      0x168 src/ASF/sam/components/display/ili9488/ili9488.o
 .debug_aranges
                0x00000298       0xa8 src/ASF/sam/drivers/spi/spi.o
 .debug_aranges
                0x00000340       0x98 src/ASF/common/services/clock/same70/sysclk.o
 .debug_aranges
                0x000003d8       0x28 src/ASF/common/utils/interrupt/interrupt_sam_nvic.o
 .debug_aranges
                0x00000400       0x68 src/ASF/sam/boards/same70_xplained/init.o
 .debug_aranges
                0x00000468      0x1a8 src/ASF/sam/drivers/pio/pio.o
 .debug_aranges
                0x00000610       0x80 src/ASF/sam/drivers/pio/pio_handler.o
 .debug_aranges
                0x00000690      0x250 src/ASF/sam/drivers/pmc/pmc.o
 .debug_aranges
                0x000008e0       0x30 src/ASF/sam/drivers/pmc/sleep.o
 .debug_aranges
                0x00000910       0x40 src/ASF/sam/utils/cmsis/same70/source/templates/gcc/startup_same70.o
 .debug_aranges
                0x00000950       0x30 src/ASF/sam/utils/cmsis/same70/source/templates/system_same70.o
 .debug_aranges
                0x00000980       0x60 src/ASF/sam/utils/syscalls/gcc/syscalls.o

.debug_ranges   0x00000000      0x978
 .debug_ranges  0x00000000       0x40 src/main.o
 .debug_ranges  0x00000040       0xd0 src/ASF/common/services/spi/sam_spi/spi_master.o
 .debug_ranges  0x00000110      0x158 src/ASF/sam/components/display/ili9488/ili9488.o
 .debug_ranges  0x00000268       0x98 src/ASF/sam/drivers/spi/spi.o
 .debug_ranges  0x00000300       0x88 src/ASF/common/services/clock/same70/sysclk.o
 .debug_ranges  0x00000388       0x18 src/ASF/common/utils/interrupt/interrupt_sam_nvic.o
 .debug_ranges  0x000003a0       0xd0 src/ASF/sam/boards/same70_xplained/init.o
 .debug_ranges  0x00000470      0x198 src/ASF/sam/drivers/pio/pio.o
 .debug_ranges  0x00000608       0x70 src/ASF/sam/drivers/pio/pio_handler.o
 .debug_ranges  0x00000678      0x240 src/ASF/sam/drivers/pmc/pmc.o
 .debug_ranges  0x000008b8       0x20 src/ASF/sam/drivers/pmc/sleep.o
 .debug_ranges  0x000008d8       0x30 src/ASF/sam/utils/cmsis/same70/source/templates/gcc/startup_same70.o
 .debug_ranges  0x00000908       0x20 src/ASF/sam/utils/cmsis/same70/source/templates/system_same70.o
 .debug_ranges  0x00000928       0x50 src/ASF/sam/utils/syscalls/gcc/syscalls.o

.debug_macro    0x00000000    0x1fe60
 .debug_macro   0x00000000      0x843 src/main.o
 .debug_macro   0x00000843      0x8d4 src/main.o
 .debug_macro   0x00001117      0x16d src/main.o
 .debug_macro   0x00001284      0x6d7 src/main.o
 .debug_macro   0x0000195b       0x76 src/main.o
 .debug_macro   0x000019d1       0x16 src/main.o
 .debug_macro   0x000019e7      0x6da src/main.o
 .debug_macro   0x000020c1       0x22 src/main.o
 .debug_macro   0x000020e3       0x87 src/main.o
 .debug_macro   0x0000216a       0x51 src/main.o
 .debug_macro   0x000021bb       0xef src/main.o
 .debug_macro   0x000022aa       0x6a src/main.o
 .debug_macro   0x00002314      0x1df src/main.o
 .debug_macro   0x000024f3       0x51 src/main.o
 .debug_macro   0x00002544       0x3b src/main.o
 .debug_macro   0x0000257f       0x2d src/main.o
 .debug_macro   0x000025ac       0x26 src/main.o
 .debug_macro   0x000025d2      0xf9a src/main.o
 .debug_macro   0x0000356c      0x191 src/main.o
 .debug_macro   0x000036fd      0x2ee src/main.o
 .debug_macro   0x000039eb      0xa23 src/main.o
 .debug_macro   0x0000440e      0x1b4 src/main.o
 .debug_macro   0x000045c2      0x35f src/main.o
 .debug_macro   0x00004921      0x15a src/main.o
 .debug_macro   0x00004a7b     0x18b3 src/main.o
 .debug_macro   0x0000632e       0x1c src/main.o
 .debug_macro   0x0000634a      0x6a2 src/main.o
 .debug_macro   0x000069ec      0x27f src/main.o
 .debug_macro   0x00006c6b      0x3ba src/main.o
 .debug_macro   0x00007025      0x4f0 src/main.o
 .debug_macro   0x00007515      0x5cb src/main.o
 .debug_macro   0x00007ae0     0x1527 src/main.o
 .debug_macro   0x00009007     0x2a40 src/main.o
 .debug_macro   0x0000ba47     0x113e src/main.o
 .debug_macro   0x0000cb85      0xcdb src/main.o
 .debug_macro   0x0000d860      0x3c6 src/main.o
 .debug_macro   0x0000dc26       0xa0 src/main.o
 .debug_macro   0x0000dcc6       0x76 src/main.o